Product: MDK-ARM Professional 5.10
Component: ARM Compiler 5.04 update 1 (build 49)
Tool: armlink [5040049]

==============================================================================

Section Cross References

    download.o(.text) refers to _printf_percent.o(.ARM.Collect$$_printf_percent$$00000000) for _printf_percent
    download.o(.text) refers to _printf_f.o(.ARM.Collect$$_printf_percent$$00000003) for _printf_f
    download.o(.text) refers to printf1.o(x$fpl$printf1) for _printf_fp_dec
    download.o(.text) refers to _printf_u.o(.ARM.Collect$$_printf_percent$$0000000A) for _printf_u
    download.o(.text) refers to _printf_dec.o(.text) for _printf_int_dec
    download.o(.text) refers to drleqf.o(x$fpl$drleqf) for __aeabi_cdrcmple
    download.o(.text) refers to f2d.o(x$fpl$f2d) for __aeabi_f2d
    download.o(.text) refers to daddsub_clz.o(x$fpl$dsub) for __aeabi_dsub
    download.o(.text) refers to dmul.o(x$fpl$dmul) for __aeabi_dmul
    download.o(.text) refers to fabs.o(i.__hardfp_fabs) for __hardfp_fabs
    download.o(.text) refers to d2f.o(x$fpl$d2f) for __aeabi_d2f
    download.o(.text) refers to dleqf.o(x$fpl$dleqf) for __aeabi_cdcmple
    download.o(.text) refers to download.o(.constdata) for download_M
    download.o(.text) refers to daddsub_clz.o(x$fpl$dadd) for __aeabi_dadd
    download.o(.text) refers to deqf.o(x$fpl$deqf) for __aeabi_cdcmpeq
    download.o(.text) refers to cos.o(i.__hardfp_cos) for __hardfp_cos
    download.o(.text) refers to ddiv.o(x$fpl$ddiv) for __aeabi_ddiv
    download.o(.text) refers to sqrt.o(i.__hardfp_sqrt) for __hardfp_sqrt
    download.o(.text) refers to imu.o(.text) for download_IMU
    download.o(.text) refers to waijung_hwdrvlib.o(.text) for ReceiverUARTRx3_Receive
    download.o(.text) refers to rt_memcpy_v6.o(.text) for __aeabi_memcpy
    download.o(.text) refers to dflt_clz.o(x$fpl$dfltu) for __aeabi_ui2d
    download.o(.text) refers to guidance_system.o(.text) for download_Guidance_System
    download.o(.text) refers to download.o(.bss) for download_B
    download.o(.text) refers to waijung_hwdrvlib.o(.bss) for UART2_Temp_Buffer
    download.o(.text) refers to download_data.o(.data) for download_P
    download.o(.text) refers to dfixu.o(x$fpl$dfixu) for __aeabi_d2uiz
    download.o(.text) refers to noretval__2sprintf.o(.text) for __2sprintf
    download.o(.text) refers to strlen.o(.text) for strlen
    download.o(.text) refers to waijung_hwdrvlib.o(.data) for fromshangweijiUARTRx3_data0
    download.o(.text) refers to rt_memclr_w.o(.text) for __aeabi_memclr4
    download.o(.constdata) refers to download.o(.bss) for download_M_
    imu.o(.text) refers to waijung_hwdrvlib.o(.text) for enable_IMUangle
    imu.o(.text) refers to waijung_hwdrvlib.o(.bss) for UART3_Temp_Buffer
    imu.o(.text) refers to download.o(.bss) for download_B
    imu.o(.text) refers to download_data.o(.data) for download_P
    main.o(.text) refers to download.o(.text) for download_initialize
    main.o(.text) refers to main.o(.data) for systick_active
    stm32f4xx_gpio.o(.text) refers to stm32f4xx_rcc.o(.text) for RCC_AHB1PeriphResetCmd
    stm32f4xx_it.o(.text) refers to stm32f4xx_rcc.o(.text) for RCC_APB1PeriphClockCmd
    stm32f4xx_pwr.o(.text) refers to stm32f4xx_rcc.o(.text) for RCC_APB1PeriphResetCmd
    stm32f4xx_rcc.o(.text) refers to stm32f4xx_rcc.o(.data) for APBAHBPrescTable
    stm32f4xx_syscfg.o(.text) refers to stm32f4xx_rcc.o(.text) for RCC_APB2PeriphResetCmd
    stm32f4xx_tim.o(.text) refers to stm32f4xx_rcc.o(.text) for RCC_APB2PeriphResetCmd
    stm32f4xx_usart.o(.text) refers to stm32f4xx_rcc.o(.text) for RCC_APB2PeriphResetCmd
    system_stm32f4xx.o(.text) refers to system_stm32f4xx.o(.data) for SystemCoreClock
    waijung_hwdrvlib.o(.text) refers to scanf1.o(x$fpl$scanf1) for _scanf_real
    waijung_hwdrvlib.o(.text) refers to _scanf_int.o(.text) for _scanf_int
    waijung_hwdrvlib.o(.text) refers to stm32f4xx_rcc.o(.text) for RCC_AHB1PeriphClockCmd
    waijung_hwdrvlib.o(.text) refers to stm32f4xx_gpio.o(.text) for GPIO_Init
    waijung_hwdrvlib.o(.text) refers to waijung_hwdrvlib.o(.bss) for UID32_fromshangweijiEnabledSubsystem2ReadUniqueID
    waijung_hwdrvlib.o(.text) refers to waijung_hwdrvlib.o(.data) for IMUangle_read_structure
    waijung_hwdrvlib.o(.text) refers to stm32f4xx_tim.o(.text) for TIM_TimeBaseInit
    waijung_hwdrvlib.o(.text) refers to rt_memcpy_v6.o(.text) for __aeabi_memcpy
    waijung_hwdrvlib.o(.text) refers to strncmp.o(.text) for strncmp
    waijung_hwdrvlib.o(.text) refers to __0sscanf.o(.text) for __0sscanf
    waijung_hwdrvlib.o(.text) refers to strcmpv7m.o(.text) for strcmp
    waijung_hwdrvlib.o(.text) refers to stm32f4xx_dma.o(.text) for DMA_GetFlagStatus
    waijung_hwdrvlib.o(.text) refers to stm32f4xx_usart.o(.text) for USART_GetFlagStatus
    waijung_hwdrvlib.o(.text) refers to main.o(.data) for systick_count
    startup_stm32f4xx.o(STACK) refers (Special) to heapauxi.o(.text) for __use_two_region_memory
[...]
    __alloca_initialize                       - Undefined Weak Reference
    __cpp_initialize__aeabi_                  - Undefined Weak Reference
    __cxa_finalize                            - Undefined Weak Reference
    __sigvec_lookup                           - Undefined Weak Reference
    _atexit_init                              - Undefined Weak Reference
    _call_atexit_fns                          - Undefined Weak Reference
    _clock_init                               - Undefined Weak Reference
    _fp_trap_init                             - Undefined Weak Reference
    _fp_trap_shutdown                         - Undefined Weak Reference
    _get_lc_collate                           - Undefined Weak Reference
    _get_lc_monetary                          - Undefined Weak Reference
    _get_lc_time                              - Undefined Weak Reference
    _getenv_init                              - Undefined Weak Reference
    _handle_redirection                       - Undefined Weak Reference
    _init_alloc                               - Undefined Weak Reference
    _init_user_alloc                          - Undefined Weak Reference
    _initio                                   - Undefined Weak Reference
    _printf_post_padding                      - Undefined Weak Reference
    _printf_pre_padding                       - Undefined Weak Reference
    _printf_truncate_signed                   - Undefined Weak Reference
    _printf_truncate_unsigned                 - Undefined Weak Reference
    _rand_init                                - Undefined Weak Reference
    _scanf_longlong                           - Undefined Weak Reference
    _scanf_mbtowc                             - Undefined Weak Reference
    _scanf_string                             - Undefined Weak Reference
    _scanf_wctomb                             - Undefined Weak Reference
    _scanf_wstring                            - Undefined Weak Reference
    _signal_finish                            - Undefined Weak Reference
    _signal_init                              - Undefined Weak Reference
    _terminate_alloc                          - Undefined Weak Reference
    _terminate_user_alloc                     - Undefined Weak Reference
    _terminateio                              - Undefined Weak Reference
    __Vectors_Size                           0x00000188   Number         0  startup_stm32f4xx.o ABSOLUTE
    __Vectors                                0x08000000   Data           4  startup_stm32f4xx.o(RESET)
    __Vectors_End                            0x08000188   Data           0  startup_stm32f4xx.o(RESET)
    __main                                   0x08000189   Thumb Code     8  __main.o(!!!main)
    __scatterload                            0x08000191   Thumb Code     0  __scatter.o(!!!scatter)
    __scatterload_rt2                        0x08000191   Thumb Code    44  __scatter.o(!!!scatter)
    __scatterload_rt2_thumb_only             0x08000191   Thumb Code     0  __scatter.o(!!!scatter)
    __scatterload_null                       0x0800019f   Thumb Code     0  __scatter.o(!!!scatter)
    __decompress                             0x080001c5   Thumb Code    90  __dczerorl2.o(!!dczerorl2)
    __decompress1                            0x080001c5   Thumb Code     0  __dczerorl2.o(!!dczerorl2)
    __scatterload_zeroinit                   0x08000221   Thumb Code    28  __scatter_zi.o(!!handler_zi)
    _printf_f                                0x0800023d   Thumb Code     0  _printf_f.o(.ARM.Collect$$_printf_percent$$00000003)
    _printf_percent                          0x0800023d   Thumb Code     0  _printf_percent.o(.ARM.Collect$$_printf_percent$$00000000)
    _printf_u                                0x08000243   Thumb Code     0  _printf_u.o(.ARM.Collect$$_printf_percent$$0000000A)
    _printf_percent_end                      0x08000249   Thumb Code     0  _printf_percent_end.o(.ARM.Collect$$_printf_percent$$00000017)
    __rt_lib_init                            0x0800024d   Thumb Code     0  libinit.o(.ARM.Collect$$libinit$$00000000)
    __rt_lib_init_fp_1                       0x0800024f   Thumb Code     0  libinit2.o(.ARM.Collect$$libinit$$00000001)
    __rt_lib_init_heap_1                     0x08000253   Thumb Code     0  libinit2.o(.ARM.Collect$$libinit$$00000008)
    __rt_lib_init_lc_common                  0x08000253   Thumb Code     0  libinit2.o(.ARM.Collect$$libinit$$0000000D)
    __rt_lib_init_rand_1                     0x08000253   Thumb Code     0  libinit2.o(.ARM.Collect$$libinit$$0000000C)
    __rt_lib_init_user_alloc_1               0x08000253   Thumb Code     0  libinit2.o(.ARM.Collect$$libinit$$0000000A)
    __rt_lib_init_lc_collate_1               0x08000259   Thumb Code     0  libinit2.o(.ARM.Collect$$libinit$$0000000F)
    __rt_lib_init_lc_ctype_2                 0x08000259   Thumb Code     0  libinit2.o(.ARM.Collect$$libinit$$00000010)
    __rt_lib_init_lc_ctype_1                 0x08000265   Thumb Code     0  libinit2.o(.ARM.Collect$$libinit$$00000011)
    __rt_lib_init_lc_monetary_1              0x08000265   Thumb Code     0  libinit2.o(.ARM.Collect$$libinit$$00000013)
    __rt_lib_init_lc_numeric_2               0x08000265   Thumb Code     0  libinit2.o(.ARM.Collect$$libinit$$00000014)
    __rt_lib_init_alloca_1                   0x0800026f   Thumb Code     0  libinit2.o(.ARM.Collect$$libinit$$0000002C)
    __rt_lib_init_argv_1                     0x0800026f   Thumb Code     0  libinit2.o(.ARM.Collect$$libinit$$0000002A)
    __rt_lib_init_atexit_1                   0x0800026f   Thumb Code     0  libinit2.o(.ARM.Collect$$libinit$$00000019)
    __rt_lib_init_clock_1                    0x0800026f   Thumb Code     0  libinit2.o(.ARM.Collect$$libinit$$0000001F)
    __rt_lib_init_cpp_1                      0x0800026f   Thumb Code     0  libinit2.o(.ARM.Collect$$libinit$$00000030)
    __rt_lib_init_exceptions_1               0x0800026f   Thumb Code     0  libinit2.o(.ARM.Collect$$libinit$$0000002E)
    __rt_lib_init_fp_trap_1                  0x0800026f   Thumb Code     0  libinit2.o(.ARM.Collect$$libinit$$0000001D)
    __rt_lib_init_getenv_1                   0x0800026f   Thumb Code     0  libinit2.o(.ARM.Collect$$libinit$$00000021)
    __rt_lib_init_lc_numeric_1               0x0800026f   Thumb Code     0  libinit2.o(.ARM.Collect$$libinit$$00000015)
    __rt_lib_init_lc_time_1                  0x0800026f   Thumb Code     0  libinit2.o(.ARM.Collect$$libinit$$00000017)
    __rt_lib_init_return                     0x0800026f   Thumb Code     0  libinit2.o(.ARM.Collect$$libinit$$00000031)
    __rt_lib_init_signal_1                   0x0800026f   Thumb Code     0  libinit2.o(.ARM.Collect$$libinit$$0000001B)
    __rt_lib_init_stdio_1                    0x0800026f   Thumb Code     0  libinit2.o(.ARM.Collect$$libinit$$00000023)
    __rt_lib_shutdown                        0x08000271   Thumb Code     0  libshutdown.o(.ARM.Collect$$libshutdown$$00000000)
    __rt_lib_shutdown_fp_trap_1              0x08000273   Thumb Code     0  libshutdown2.o(.ARM.Collect$$libshutdown$$00000006)
    __rt_lib_shutdown_heap_1                 0x08000273   Thumb Code     0  libshutdown2.o(.ARM.Collect$$libshutdown$$0000000E)
    __rt_lib_shutdown_return                 0x08000273   Thumb Code     0  libshutdown2.o(.ARM.Collect$$libshutdown$$0000000F)
    __rt_lib_shutdown_signal_1               0x08000273   Thumb Code     0  libshutdown2.o(.ARM.Collect$$libshutdown$$00000009)
    __rt_lib_shutdown_stdio_1                0x08000273   Thumb Code     0  libshutdown2.o(.ARM.Collect$$libshutdown$$00000003)
    __rt_lib_shutdown_user_alloc_1           0x08000273   Thumb Code     0  libshutdown2.o(.ARM.Collect$$libshutdown$$0000000B)
    __rt_entry                               0x08000275   Thumb Code     0  rtentry.o(.ARM.Collect$$rtentry$$00000000)
    __rt_entry_presh_1                       0x08000275   Thumb Code     0  rtentry2.o(.ARM.Collect$$rtentry$$00000002)
    __rt_entry_sh                            0x08000275   Thumb Code     0  rtentry4.o(.ARM.Collect$$rtentry$$00000004)
    __rt_entry_li                            0x0800027b   Thumb Code     0  rtentry2.o(.ARM.Collect$$rtentry$$0000000A)
    __rt_entry_postsh_1                      0x0800027b   Thumb Code     0  rtentry2.o(.ARM.Collect$$rtentry$$00000009)
    __rt_entry_main                          0x0800027f   Thumb Code     0  rtentry2.o(.ARM.Collect$$rtentry$$0000000D)
    __rt_entry_postli_1                      0x0800027f   Thumb Code     0  rtentry2.o(.ARM.Collect$$rtentry$$0000000C)
    __rt_exit                                0x08000287   Thumb Code     0  rtexit.o(.ARM.Collect$$rtexit$$00000000)
    __rt_exit_ls                             0x08000289   Thumb Code     0  rtexit2.o(.ARM.Collect$$rtexit$$00000003)
    __rt_exit_prels_1                        0x08000289   Thumb Code     0  rtexit2.o(.ARM.Collect$$rtexit$$00000002)
    __rt_exit_exit                           0x0800028d   Thumb Code     0  rtexit2.o(.ARM.Collect$$rtexit$$00000004)
    download_Angle_hold_Start                0x08000347   Thumb Code    68  download.o(.text)
    download_Angle_hold                      0x0800038b   Thumb Code  5462  download.o(.text)
    download_MATLABFunction2                 0x080018e1   Thumb Code   140  download.o(.text)
    download_step                            0x0800196d   Thumb Code  4814  download.o(.text)
    download_initialize                      0x08002c3b   Thumb Code   152  download.o(.text)
    download_terminate                       0x08002cd3   Thumb Code     2  download.o(.text)
    download_Guidance_System                 0x08002d2d   Thumb Code   294  guidance_system.o(.text)
    download_IMU_Enable                      0x08002e55   Thumb Code     8  imu.o(.text)
    download_IMU                             0x08002e5d   Thumb Code   860  imu.o(.text)
    main                                     0x080031c5   Thumb Code   110  main.o(.text)
    rt_OneStep                               0x08003233   Thumb Code    12  main.o(.text)
    SysTick_Handler                          0x0800323f   Thumb Code     8  main.o(.text)
    DMA_DeInit                               0x0800325d   Thumb Code   324  stm32f4xx_dma.o(.text)
    DMA_Init                                 0x080033a1   Thumb Code    82  stm32f4xx_dma.o(.text)
    DMA_StructInit                           0x080033f3   Thumb Code    34  stm32f4xx_dma.o(.text)
    DMA_Cmd                                  0x08003415   Thumb Code    22  stm32f4xx_dma.o(.text)
    DMA_PeriphIncOffsetSizeConfig            0x0800342b   Thumb Code    22  stm32f4xx_dma.o(.text)
    DMA_FlowControllerConfig                 0x08003441   Thumb Code    22  stm32f4xx_dma.o(.text)
    DMA_SetCurrDataCounter                   0x08003457   Thumb Code     4  stm32f4xx_dma.o(.text)
    DMA_GetCurrDataCounter                   0x0800345b   Thumb Code     8  stm32f4xx_dma.o(.text)
    DMA_DoubleBufferModeConfig               0x08003463   Thumb Code    24  stm32f4xx_dma.o(.text)
    DMA_DoubleBufferModeCmd                  0x0800347b   Thumb Code    22  stm32f4xx_dma.o(.text)
    DMA_MemoryTargetConfig                   0x08003491   Thumb Code    10  stm32f4xx_dma.o(.text)
    DMA_GetCurrentMemoryTarget               0x0800349b   Thumb Code    20  stm32f4xx_dma.o(.text)
    DMA_GetCmdStatus                         0x080034af   Thumb Code    20  stm32f4xx_dma.o(.text)
    DMA_GetFIFOStatus                        0x080034c3   Thumb Code    12  stm32f4xx_dma.o(.text)
    DMA_GetFlagStatus                        0x080034cf   Thumb Code    56  stm32f4xx_dma.o(.text)
    DMA_ClearFlag                            0x08003507   Thumb Code    40  stm32f4xx_dma.o(.text)
    DMA_ITConfig                             0x0800352f   Thumb Code    58  stm32f4xx_dma.o(.text)
    DMA_GetITStatus                          0x08003569   Thumb Code    84  stm32f4xx_dma.o(.text)
    DMA_ClearITPendingBit                    0x080035bd   Thumb Code    40  stm32f4xx_dma.o(.text)
    GPIO_DeInit                              0x08003605   Thumb Code   220  stm32f4xx_gpio.o(.text)
    GPIO_Init                                0x080036e1   Thumb Code   144  stm32f4xx_gpio.o(.text)
    GPIO_StructInit                          0x08003771   Thumb Code    18  stm32f4xx_gpio.o(.text)
    GPIO_PinLockConfig                       0x08003783   Thumb Code    34  stm32f4xx_gpio.o(.text)
    GPIO_ReadInputDataBit                    0x080037a5   Thumb Code    18  stm32f4xx_gpio.o(.text)
    GPIO_ReadInputData                       0x080037b7   Thumb Code     8  stm32f4xx_gpio.o(.text)
    GPIO_ReadOutputDataBit                   0x080037bf   Thumb Code    18  stm32f4xx_gpio.o(.text)
    GPIO_ReadOutputData                      0x080037d1   Thumb Code     8  stm32f4xx_gpio.o(.text)
    GPIO_SetBits                             0x080037d9   Thumb Code     4  stm32f4xx_gpio.o(.text)
    GPIO_ResetBits                           0x080037dd   Thumb Code     4  stm32f4xx_gpio.o(.text)
    GPIO_WriteBit                            0x080037e1   Thumb Code    10  stm32f4xx_gpio.o(.text)
    GPIO_Write                               0x080037eb   Thumb Code     4  stm32f4xx_gpio.o(.text)
    GPIO_ToggleBits                          0x080037ef   Thumb Code     8  stm32f4xx_gpio.o(.text)
    GPIO_PinAFConfig                         0x080037f7   Thumb Code    70  stm32f4xx_gpio.o(.text)
    NMI_Handler                              0x08003861   Thumb Code     2  stm32f4xx_it.o(.text)
    HardFault_Handler                        0x08003863   Thumb Code    18  stm32f4xx_it.o(.text)
    MemManage_Handler                        0x08003875   Thumb Code     4  stm32f4xx_it.o(.text)
    BusFault_Handler                         0x08003879   Thumb Code    18  stm32f4xx_it.o(.text)
    UsageFault_Handler                       0x0800388b   Thumb Code     4  stm32f4xx_it.o(.text)
    SVC_Handler                              0x0800388f   Thumb Code     2  stm32f4xx_it.o(.text)
    DebugMon_Handler                         0x08003891   Thumb Code     2  stm32f4xx_it.o(.text)
    PendSV_Handler                           0x08003893   Thumb Code     2  stm32f4xx_it.o(.text)
    RCC_DeInit                               0x08003899   Thumb Code    60  stm32f4xx_rcc.o(.text)
    RCC_HSEConfig                            0x080038d5   Thumb Code    14  stm32f4xx_rcc.o(.text)
    RCC_GetFlagStatus                        0x080038e3   Thumb Code    60  stm32f4xx_rcc.o(.text)
    RCC_WaitForHSEStartUp                    0x0800391f   Thumb Code    56  stm32f4xx_rcc.o(.text)
    RCC_AdjustHSICalibrationValue            0x08003957   Thumb Code    20  stm32f4xx_rcc.o(.text)
    RCC_HSICmd                               0x0800396b   Thumb Code     6  stm32f4xx_rcc.o(.text)
    RCC_LSEConfig                            0x08003971   Thumb Code    46  stm32f4xx_rcc.o(.text)
    RCC_LSICmd                               0x0800399f   Thumb Code     6  stm32f4xx_rcc.o(.text)
    RCC_PLLConfig                            0x080039a5   Thumb Code    32  stm32f4xx_rcc.o(.text)
    RCC_PLLCmd                               0x080039c5   Thumb Code     6  stm32f4xx_rcc.o(.text)
    RCC_PLLI2SConfig                         0x080039cb   Thumb Code    14  stm32f4xx_rcc.o(.text)
    RCC_PLLI2SCmd                            0x080039d9   Thumb Code     6  stm32f4xx_rcc.o(.text)
    RCC_ClockSecuritySystemCmd               0x080039df   Thumb Code     6  stm32f4xx_rcc.o(.text)
    RCC_MCO1Config                           0x080039e5   Thumb Code    28  stm32f4xx_rcc.o(.text)
    RCC_MCO2Config                           0x08003a01   Thumb Code    28  stm32f4xx_rcc.o(.text)
    RCC_SYSCLKConfig                         0x08003a1d   Thumb Code    20  stm32f4xx_rcc.o(.text)
    RCC_GetSYSCLKSource                      0x08003a31   Thumb Code    12  stm32f4xx_rcc.o(.text)
    RCC_HCLKConfig                           0x08003a3d   Thumb Code    20  stm32f4xx_rcc.o(.text)
    RCC_PCLK1Config                          0x08003a51   Thumb Code    20  stm32f4xx_rcc.o(.text)
    RCC_PCLK2Config                          0x08003a65   Thumb Code    22  stm32f4xx_rcc.o(.text)
    RCC_GetClocksFreq                        0x08003a7b   Thumb Code   222  stm32f4xx_rcc.o(.text)
    RCC_RTCCLKConfig                         0x08003b59   Thumb Code    54  stm32f4xx_rcc.o(.text)
    RCC_RTCCLKCmd                            0x08003b8f   Thumb Code     8  stm32f4xx_rcc.o(.text)
    RCC_BackupResetCmd                       0x08003b97   Thumb Code     8  stm32f4xx_rcc.o(.text)
    RCC_I2SCLKConfig                         0x08003b9f   Thumb Code     6  stm32f4xx_rcc.o(.text)
    RCC_AHB1PeriphClockCmd                   0x08003ba5   Thumb Code    34  stm32f4xx_rcc.o(.text)
    RCC_AHB2PeriphClockCmd                   0x08003bc7   Thumb Code    34  stm32f4xx_rcc.o(.text)
    RCC_AHB3PeriphClockCmd                   0x08003be9   Thumb Code    34  stm32f4xx_rcc.o(.text)
    RCC_APB1PeriphClockCmd                   0x08003c0b   Thumb Code    34  stm32f4xx_rcc.o(.text)
    RCC_APB2PeriphClockCmd                   0x08003c2d   Thumb Code    34  stm32f4xx_rcc.o(.text)
    RCC_AHB1PeriphResetCmd                   0x08003c4f   Thumb Code    34  stm32f4xx_rcc.o(.text)
    RCC_AHB2PeriphResetCmd                   0x08003c71   Thumb Code    72  stm32f4xx_rcc.o(.text)
    RCC_AHB3PeriphResetCmd                   0x08003cb9   Thumb Code    34  stm32f4xx_rcc.o(.text)
    RCC_APB1PeriphResetCmd                   0x08003cdb   Thumb Code    34  stm32f4xx_rcc.o(.text)
    RCC_APB2PeriphResetCmd                   0x08003cfd   Thumb Code    34  stm32f4xx_rcc.o(.text)
    RCC_AHB1PeriphClockLPModeCmd             0x08003d1f   Thumb Code    34  stm32f4xx_rcc.o(.text)
    RCC_AHB2PeriphClockLPModeCmd             0x08003d41   Thumb Code    34  stm32f4xx_rcc.o(.text)
    RCC_AHB3PeriphClockLPModeCmd             0x08003d63   Thumb Code    34  stm32f4xx_rcc.o(.text)
    RCC_APB1PeriphClockLPModeCmd             0x08003d85   Thumb Code    34  stm32f4xx_rcc.o(.text)
    RCC_APB2PeriphClockLPModeCmd             0x08003da7   Thumb Code    34  stm32f4xx_rcc.o(.text)
    RCC_ITConfig                             0x08003dc9   Thumb Code    34  stm32f4xx_rcc.o(.text)
    RCC_ClearFlag                            0x08003deb   Thumb Code    18  stm32f4xx_rcc.o(.text)
    RCC_GetITStatus                          0x08003dfd   Thumb Code    22  stm32f4xx_rcc.o(.text)
    RCC_ClearITPendingBit                    0x08003e13   Thumb Code     8  stm32f4xx_rcc.o(.text)
    TIM_DeInit                               0x08003e21   Thumb Code   346  stm32f4xx_tim.o(.text)
    TIM_TimeBaseInit                         0x08003f7b   Thumb Code   104  stm32f4xx_tim.o(.text)
    TIM_TimeBaseStructInit                   0x08003fe3   Thumb Code    18  stm32f4xx_tim.o(.text)
    TIM_PrescalerConfig                      0x08003ff5   Thumb Code     6  stm32f4xx_tim.o(.text)
    TIM_CounterModeConfig                    0x08003ffb   Thumb Code    18  stm32f4xx_tim.o(.text)
    TIM_SetCounter                           0x0800400d   Thumb Code     4  stm32f4xx_tim.o(.text)
    TIM_SetAutoreload                        0x08004011   Thumb Code     4  stm32f4xx_tim.o(.text)
    TIM_GetCounter                           0x08004015   Thumb Code     6  stm32f4xx_tim.o(.text)
    TIM_GetPrescaler                         0x0800401b   Thumb Code     6  stm32f4xx_tim.o(.text)
    TIM_UpdateDisableConfig                  0x08004021   Thumb Code    24  stm32f4xx_tim.o(.text)
    TIM_UpdateRequestConfig                  0x08004039   Thumb Code    24  stm32f4xx_tim.o(.text)
    TIM_ARRPreloadConfig                     0x08004051   Thumb Code    24  stm32f4xx_tim.o(.text)
    TIM_SelectOnePulseMode                   0x08004069   Thumb Code    18  stm32f4xx_tim.o(.text)
    TIM_SetClockDivision                     0x0800407b   Thumb Code    18  stm32f4xx_tim.o(.text)
    TIM_Cmd                                  0x0800408d   Thumb Code    24  stm32f4xx_tim.o(.text)
    TIM_OC1Init                              0x080040a5   Thumb Code   114  stm32f4xx_tim.o(.text)
    TIM_OC2Init                              0x08004117   Thumb Code   154  stm32f4xx_tim.o(.text)
    TIM_OC3Init                              0x080041b1   Thumb Code   204  stm32f4xx_tim.o(.text)
    TIM_OC4Init                              0x0800427d   Thumb Code   112  stm32f4xx_tim.o(.text)
    TIM_OCStructInit                         0x080042ed   Thumb Code    20  stm32f4xx_tim.o(.text)
    TIM_SelectOCxM                           0x08004301   Thumb Code    86  stm32f4xx_tim.o(.text)
    TIM_SetCompare1                          0x08004357   Thumb Code     4  stm32f4xx_tim.o(.text)
    TIM_SetCompare2                          0x0800435b   Thumb Code     4  stm32f4xx_tim.o(.text)
    TIM_SetCompare3                          0x0800435f   Thumb Code     4  stm32f4xx_tim.o(.text)
    TIM_SetCompare4                          0x08004363   Thumb Code     4  stm32f4xx_tim.o(.text)
    TIM_ForcedOC1Config                      0x08004367   Thumb Code    18  stm32f4xx_tim.o(.text)
    TIM_ForcedOC2Config                      0x08004379   Thumb Code    26  stm32f4xx_tim.o(.text)
    TIM_ForcedOC3Config                      0x08004393   Thumb Code    18  stm32f4xx_tim.o(.text)
    TIM_ForcedOC4Config                      0x080043a5   Thumb Code    26  stm32f4xx_tim.o(.text)
    TIM_OC1PreloadConfig                     0x080043bf   Thumb Code    18  stm32f4xx_tim.o(.text)
    TIM_OC2PreloadConfig                     0x080043d1   Thumb Code    26  stm32f4xx_tim.o(.text)
    TIM_OC3PreloadConfig                     0x080043eb   Thumb Code    18  stm32f4xx_tim.o(.text)
    TIM_OC4PreloadConfig                     0x080043fd   Thumb Code    26  stm32f4xx_tim.o(.text)
    TIM_OC1FastConfig                        0x08004417   Thumb Code    18  stm32f4xx_tim.o(.text)
    TIM_OC2FastConfig                        0x08004429   Thumb Code    26  stm32f4xx_tim.o(.text)
    TIM_OC3FastConfig                        0x08004443   Thumb Code    18  stm32f4xx_tim.o(.text)
    TIM_OC4FastConfig                        0x08004455   Thumb Code    26  stm32f4xx_tim.o(.text)
    TIM_ClearOC1Ref                          0x0800446f   Thumb Code    18  stm32f4xx_tim.o(.text)
    TIM_ClearOC2Ref                          0x08004481   Thumb Code    24  stm32f4xx_tim.o(.text)
    TIM_ClearOC3Ref                          0x08004499   Thumb Code    18  stm32f4xx_tim.o(.text)
    TIM_ClearOC4Ref                          0x080044ab   Thumb Code    24  stm32f4xx_tim.o(.text)
    TIM_OC1PolarityConfig                    0x080044c3   Thumb Code    18  stm32f4xx_tim.o(.text)
    TIM_OC1NPolarityConfig                   0x080044d5   Thumb Code    18  stm32f4xx_tim.o(.text)
    TIM_OC2PolarityConfig                    0x080044e7   Thumb Code    26  stm32f4xx_tim.o(.text)
    TIM_OC2NPolarityConfig                   0x08004501   Thumb Code    26  stm32f4xx_tim.o(.text)
    TIM_OC3PolarityConfig                    0x0800451b   Thumb Code    26  stm32f4xx_tim.o(.text)
    TIM_OC3NPolarityConfig                   0x08004535   Thumb Code    26  stm32f4xx_tim.o(.text)
    TIM_OC4PolarityConfig                    0x0800454f   Thumb Code    26  stm32f4xx_tim.o(.text)
    TIM_CCxCmd                               0x08004569   Thumb Code    30  stm32f4xx_tim.o(.text)
    TIM_CCxNCmd                              0x08004587   Thumb Code    30  stm32f4xx_tim.o(.text)
    TIM_SetIC4Prescaler                      0x080045a5   Thumb Code    26  stm32f4xx_tim.o(.text)
    TIM_SetIC3Prescaler                      0x0800460f   Thumb Code    18  stm32f4xx_tim.o(.text)
    TIM_SetIC2Prescaler                      0x08004669   Thumb Code    26  stm32f4xx_tim.o(.text)
    TIM_SetIC1Prescaler                      0x080046dd   Thumb Code    18  stm32f4xx_tim.o(.text)
    TIM_ICInit                               0x08004729   Thumb Code   110  stm32f4xx_tim.o(.text)
    TIM_ICStructInit                         0x08004797   Thumb Code    18  stm32f4xx_tim.o(.text)
    TIM_PWMIConfig                           0x080047a9   Thumb Code   124  stm32f4xx_tim.o(.text)
    TIM_GetCapture1                          0x08004825   Thumb Code     6  stm32f4xx_tim.o(.text)
    TIM_GetCapture2                          0x0800482b   Thumb Code     6  stm32f4xx_tim.o(.text)
    TIM_GetCapture3                          0x08004831   Thumb Code     6  stm32f4xx_tim.o(.text)
    TIM_GetCapture4                          0x08004837   Thumb Code     6  stm32f4xx_tim.o(.text)
    TIM_BDTRConfig                           0x0800483d   Thumb Code    32  stm32f4xx_tim.o(.text)
    TIM_BDTRStructInit                       0x0800485d   Thumb Code    18  stm32f4xx_tim.o(.text)
    TIM_CtrlPWMOutputs                       0x0800486f   Thumb Code    30  stm32f4xx_tim.o(.text)
    TIM_SelectCOM                            0x0800488d   Thumb Code    24  stm32f4xx_tim.o(.text)
    TIM_CCPreloadControl                     0x080048a5   Thumb Code    24  stm32f4xx_tim.o(.text)
    TIM_ITConfig                             0x080048bd   Thumb Code    18  stm32f4xx_tim.o(.text)
    TIM_GenerateEvent                        0x080048cf   Thumb Code     4  stm32f4xx_tim.o(.text)
    TIM_GetFlagStatus                        0x080048d3   Thumb Code    18  stm32f4xx_tim.o(.text)
    TIM_ClearFlag                            0x080048e5   Thumb Code     6  stm32f4xx_tim.o(.text)
    TIM_GetITStatus                          0x080048eb   Thumb Code    34  stm32f4xx_tim.o(.text)
    TIM_ClearITPendingBit                    0x0800490d   Thumb Code     6  stm32f4xx_tim.o(.text)
    TIM_DMAConfig                            0x08004913   Thumb Code    10  stm32f4xx_tim.o(.text)
    TIM_DMACmd                               0x0800491d   Thumb Code    18  stm32f4xx_tim.o(.text)
    TIM_SelectCCDMA                          0x0800492f   Thumb Code    24  stm32f4xx_tim.o(.text)
    TIM_InternalClockConfig                  0x08004947   Thumb Code    12  stm32f4xx_tim.o(.text)
    TIM_SelectInputTrigger                   0x08004953   Thumb Code    18  stm32f4xx_tim.o(.text)
    TIM_ITRxExternalClockConfig              0x08004965   Thumb Code    24  stm32f4xx_tim.o(.text)
    TIM_TIxExternalClockConfig               0x0800497d   Thumb Code    62  stm32f4xx_tim.o(.text)
    TIM_ETRConfig                            0x080049bb   Thumb Code    28  stm32f4xx_tim.o(.text)
    TIM_ETRClockMode1Config                  0x080049d7   Thumb Code    54  stm32f4xx_tim.o(.text)
    TIM_ETRClockMode2Config                  0x08004a0d   Thumb Code    32  stm32f4xx_tim.o(.text)
    TIM_SelectOutputTrigger                  0x08004a2d   Thumb Code    18  stm32f4xx_tim.o(.text)
    TIM_SelectSlaveMode                      0x08004a3f   Thumb Code    18  stm32f4xx_tim.o(.text)
    TIM_SelectMasterSlaveMode                0x08004a51   Thumb Code    18  stm32f4xx_tim.o(.text)
    TIM_EncoderInterfaceConfig               0x08004a63   Thumb Code    66  stm32f4xx_tim.o(.text)
    TIM_SelectHallSensor                     0x08004aa5   Thumb Code    24  stm32f4xx_tim.o(.text)
    TIM_RemapConfig                          0x08004abd   Thumb Code     6  stm32f4xx_tim.o(.text)
    USART_DeInit                             0x08004ac5   Thumb Code   156  stm32f4xx_usart.o(.text)
    USART_Init                               0x08004b61   Thumb Code   204  stm32f4xx_usart.o(.text)
    USART_StructInit                         0x08004c2d   Thumb Code    24  stm32f4xx_usart.o(.text)
    USART_ClockInit                          0x08004c45   Thumb Code    32  stm32f4xx_usart.o(.text)
    USART_ClockStructInit                    0x08004c65   Thumb Code    12  stm32f4xx_usart.o(.text)
    USART_Cmd                                0x08004c71   Thumb Code    24  stm32f4xx_usart.o(.text)
    USART_SetPrescaler                       0x08004c89   Thumb Code    16  stm32f4xx_usart.o(.text)
    USART_OverSampling8Cmd                   0x08004c99   Thumb Code    22  stm32f4xx_usart.o(.text)
    USART_OneBitMethodCmd                    0x08004caf   Thumb Code    24  stm32f4xx_usart.o(.text)
    USART_SendData                           0x08004cc7   Thumb Code     8  stm32f4xx_usart.o(.text)
    USART_ReceiveData                        0x08004ccf   Thumb Code    10  stm32f4xx_usart.o(.text)
    USART_SetAddress                         0x08004cd9   Thumb Code    18  stm32f4xx_usart.o(.text)
    USART_ReceiverWakeUpCmd                  0x08004ceb   Thumb Code    24  stm32f4xx_usart.o(.text)
    USART_WakeUpConfig                       0x08004d03   Thumb Code    18  stm32f4xx_usart.o(.text)
    USART_LINBreakDetectLengthConfig         0x08004d15   Thumb Code    18  stm32f4xx_usart.o(.text)
    USART_LINCmd                             0x08004d27   Thumb Code    24  stm32f4xx_usart.o(.text)
    USART_SendBreak                          0x08004d3f   Thumb Code    10  stm32f4xx_usart.o(.text)
    USART_HalfDuplexCmd                      0x08004d49   Thumb Code    24  stm32f4xx_usart.o(.text)
    USART_SetGuardTime                       0x08004d61   Thumb Code    16  stm32f4xx_usart.o(.text)
    USART_SmartCardCmd                       0x08004d71   Thumb Code    24  stm32f4xx_usart.o(.text)
    USART_SmartCardNACKCmd                   0x08004d89   Thumb Code    24  stm32f4xx_usart.o(.text)
    USART_IrDAConfig                         0x08004da1   Thumb Code    18  stm32f4xx_usart.o(.text)
    USART_IrDACmd                            0x08004db3   Thumb Code    24  stm32f4xx_usart.o(.text)
    USART_DMACmd                             0x08004dcb   Thumb Code    18  stm32f4xx_usart.o(.text)
    USART_ITConfig                           0x08004ddd   Thumb Code    74  stm32f4xx_usart.o(.text)
    USART_GetFlagStatus                      0x08004e27   Thumb Code    26  stm32f4xx_usart.o(.text)
    USART_ClearFlag                          0x08004e41   Thumb Code    18  stm32f4xx_usart.o(.text)
    USART_GetITStatus                        0x08004e53   Thumb Code   110  stm32f4xx_usart.o(.text)
    USART_ClearITPendingBit                  0x08004ec1   Thumb Code    30  stm32f4xx_usart.o(.text)
    SystemInit                               0x08004fbd   Thumb Code    88  system_stm32f4xx.o(.text)
    SystemCoreClockUpdate                    0x08005015   Thumb Code   174  system_stm32f4xx.o(.text)
    enable_fromshangweijiEnabledSubsystem1IfActionSubsystemUARTTx 0x080050f1   Thumb Code     2  waijung_hwdrvlib.o(.text)
    enable_fromshangweijiEnabledSubsystem1IfActionSubsystem1UARTTx 0x080050f3   Thumb Code     2  waijung_hwdrvlib.o(.text)
    enable_fromshangweijiEnabledSubsystem1DigitalOutput 0x080050f5   Thumb Code    48  waijung_hwdrvlib.o(.text)
    enable_fromshangweijiEnabledSubsystem2ReadUniqueID 0x08005125   Thumb Code    26  waijung_hwdrvlib.o(.text)
    enable_fromshangweijiEnabledSubsystem2UARTTx 0x0800513f   Thumb Code     2  waijung_hwdrvlib.o(.text)
    enable_fromshangweijiEnabledSubsystem3UARTTx 0x08005141   Thumb Code     2  waijung_hwdrvlib.o(.text)
    enable_fromshangweijiEnabledSubsystem4UARTTx 0x08005143   Thumb Code     2  waijung_hwdrvlib.o(.text)
    enable_fromshangweijiEnabledSubsystem5UARTTx 0x08005145   Thumb Code     2  waijung_hwdrvlib.o(.text)
    enable_fromshangweijiEnabledSubsystem6UARTTx 0x08005147   Thumb Code     2  waijung_hwdrvlib.o(.text)
    UART3_RestoreBytes                       0x08005149   Thumb Code    46  waijung_hwdrvlib.o(.text)
    UART3_Read                               0x08005177   Thumb Code   118  waijung_hwdrvlib.o(.text)
    UART3_ReadBinary                         0x080051ed   Thumb Code   278  waijung_hwdrvlib.o(.text)
    IMUangle_Receive                         0x08005303   Thumb Code    42  waijung_hwdrvlib.o(.text)
    enable_IMUangle                          0x0800532d   Thumb Code     2  waijung_hwdrvlib.o(.text)
    enable_OrangeLED1BlueLED                 0x0800532f   Thumb Code    48  waijung_hwdrvlib.o(.text)
    UART2_RestoreBytes                       0x0800535f   Thumb Code    46  waijung_hwdrvlib.o(.text)
    UART2_Read                               0x0800538d   Thumb Code   120  waijung_hwdrvlib.o(.text)
    UART2_ReadBinary                         0x08005405   Thumb Code   316  waijung_hwdrvlib.o(.text)
    ReceiverUARTRx3_Receive                  0x08005541   Thumb Code    38  waijung_hwdrvlib.o(.text)
    enable_ReceiverUARTRx3                   0x08005567   Thumb Code     2  waijung_hwdrvlib.o(.text)
    enable_executeBasicPWM7                  0x08005569   Thumb Code   240  waijung_hwdrvlib.o(.text)
    disable_executeBasicPWM7                 0x08005659   Thumb Code    12  waijung_hwdrvlib.o(.text)
    terminate_executeBasicPWM7               0x08005665   Thumb Code    12  waijung_hwdrvlib.o(.text)
    enable_toshangweijiUARTTx                0x08005671   Thumb Code     2  waijung_hwdrvlib.o(.text)
    enable_toshangweijiUARTTx1               0x08005673   Thumb Code     2  waijung_hwdrvlib.o(.text)
    UART1_RestoreBytes                       0x08005675   Thumb Code    46  waijung_hwdrvlib.o(.text)
    UART1_Read                               0x080056a3   Thumb Code   118  waijung_hwdrvlib.o(.text)
    UART1_ReadEx                             0x08005719   Thumb Code   106  waijung_hwdrvlib.o(.text)
    UART1_ReadLine                           0x08005783   Thumb Code   230  waijung_hwdrvlib.o(.text)
    fromshangweijiUARTRx3_Receive            0x08005869   Thumb Code    74  waijung_hwdrvlib.o(.text)
    enable_fromshangweijiUARTRx3             0x080058b3   Thumb Code     2  waijung_hwdrvlib.o(.text)
    fromshangweijiUARTRx4_Receive            0x080058b5   Thumb Code    74  waijung_hwdrvlib.o(.text)
    enable_fromshangweijiUARTRx4             0x080058ff   Thumb Code     2  waijung_hwdrvlib.o(.text)
    fromshangweijiUARTRx5_Receive            0x08005901   Thumb Code   260  waijung_hwdrvlib.o(.text)
    enable_fromshangweijiUARTRx5             0x08005a05   Thumb Code     2  waijung_hwdrvlib.o(.text)
    fromshangweijiUARTRx1_Receive            0x08005a07   Thumb Code    58  waijung_hwdrvlib.o(.text)
    enable_fromshangweijiUARTRx1             0x08005a41   Thumb Code     2  waijung_hwdrvlib.o(.text)
    fromshangweijiUARTRx_Receive             0x08005a43   Thumb Code    56  waijung_hwdrvlib.o(.text)
    enable_fromshangweijiUARTRx              0x08005a7b   Thumb Code     2  waijung_hwdrvlib.o(.text)
    fromshangweijiUARTRx2_Receive            0x08005a7d   Thumb Code    56  waijung_hwdrvlib.o(.text)
    enable_fromshangweijiUARTRx2             0x08005ab5   Thumb Code     2  waijung_hwdrvlib.o(.text)
    UART1_ReadBinary                         0x08005ab7   Thumb Code   278  waijung_hwdrvlib.o(.text)
    UART1_FlushTxBuffer                      0x08005bcd   Thumb Code    76  waijung_hwdrvlib.o(.text)
    UART1_TxUpdate                           0x08005c19   Thumb Code    58  waijung_hwdrvlib.o(.text)
    UART1_Write                              0x08005c53   Thumb Code    32  waijung_hwdrvlib.o(.text)
    enable_initUARTSetup                     0x08005c73   Thumb Code   288  waijung_hwdrvlib.o(.text)
    UART3_ReadEx                             0x08005d93   Thumb Code   182  waijung_hwdrvlib.o(.text)
    UART3_ReadLine                           0x08005e49   Thumb Code   230  waijung_hwdrvlib.o(.text)
    UART3_FlushTxBuffer                      0x08005f2f   Thumb Code    76  waijung_hwdrvlib.o(.text)
    UART3_TxUpdate                           0x08005f7b   Thumb Code    58  waijung_hwdrvlib.o(.text)
    UART3_Write                              0x08005fb5   Thumb Code    32  waijung_hwdrvlib.o(.text)
    enable_initUARTSetup1                    0x08005fd5   Thumb Code   288  waijung_hwdrvlib.o(.text)
    UART2_ReadEx                             0x080060f5   Thumb Code   106  waijung_hwdrvlib.o(.text)
    UART2_ReadLine                           0x0800615f   Thumb Code   230  waijung_hwdrvlib.o(.text)
    enable_initUARTSetup2                    0x08006245   Thumb Code   280  waijung_hwdrvlib.o(.text)
    SysTimer_Start                           0x0800635d   Thumb Code    32  waijung_hwdrvlib.o(.text)
    SysTimer_IsTimeout                       0x0800637d   Thumb Code    48  waijung_hwdrvlib.o(.text)
    SysTimer_uS_Start                        0x080063ad   Thumb Code    22  waijung_hwdrvlib.o(.text)
    SysTimer_uS_IsTimeout                    0x080063c3   Thumb Code    94  waijung_hwdrvlib.o(.text)
    SysTimer_delay_us                        0x08006421   Thumb Code    26  waijung_hwdrvlib.o(.text)
    SysTimer_delay_ms                        0x0800643b   Thumb Code    26  waijung_hwdrvlib.o(.text)
    Reset_Handler                            0x0800645d   Thumb Code     8  startup_stm32f4xx.o(.text)
    ADC_IRQHandler                           0x08006477   Thumb Code     0  startup_stm32f4xx.o(.text)
    CAN1_RX0_IRQHandler                      0x08006477   Thumb Code     0  startup_stm32f4xx.o(.text)
    CAN1_RX1_IRQHandler                      0x08006477   Thumb Code     0  startup_stm32f4xx.o(.text)
    CAN1_SCE_IRQHandler                      0x08006477   Thumb Code     0  startup_stm32f4xx.o(.text)
    CAN1_TX_IRQHandler                       0x08006477   Thumb Code     0  startup_stm32f4xx.o(.text)
    CAN2_RX0_IRQHandler                      0x08006477   Thumb Code     0  startup_stm32f4xx.o(.text)
    CAN2_RX1_IRQHandler                      0x08006477   Thumb Code     0  startup_stm32f4xx.o(.text)
    CAN2_SCE_IRQHandler                      0x08006477   Thumb Code     0  startup_stm32f4xx.o(.text)
    CAN2_TX_IRQHandler                       0x08006477   Thumb Code     0  startup_stm32f4xx.o(.text)
    CRYP_IRQHandler                          0x08006477   Thumb Code     0  startup_stm32f4xx.o(.text)
    DCMI_IRQHandler                          0x08006477   Thumb Code     0  startup_stm32f4xx.o(.text)
    DMA1_Stream0_IRQHandler                  0x08006477   Thumb Code     0  startup_stm32f4xx.o(.text)
    DMA1_Stream1_IRQHandler                  0x08006477   Thumb Code     0  startup_stm32f4xx.o(.text)
    DMA1_Stream2_IRQHandler                  0x08006477   Thumb Code     0  startup_stm32f4xx.o(.text)
    DMA1_Stream3_IRQHandler                  0x08006477   Thumb Code     0  startup_stm32f4xx.o(.text)
    DMA1_Stream4_IRQHandler                  0x08006477   Thumb Code     0  startup_stm32f4xx.o(.text)
    DMA1_Stream5_IRQHandler                  0x08006477   Thumb Code     0  startup_stm32f4xx.o(.text)
    DMA1_Stream6_IRQHandler                  0x08006477   Thumb Code     0  startup_stm32f4xx.o(.text)
    DMA1_Stream7_IRQHandler                  0x08006477   Thumb Code     0  startup_stm32f4xx.o(.text)
    DMA2_Stream0_IRQHandler                  0x08006477   Thumb Code     0  startup_stm32f4xx.o(.text)
    DMA2_Stream1_IRQHandler                  0x08006477   Thumb Code     0  startup_stm32f4xx.o(.text)
    DMA2_Stream2_IRQHandler                  0x08006477   Thumb Code     0  startup_stm32f4xx.o(.text)
    DMA2_Stream3_IRQHandler                  0x08006477   Thumb Code     0  startup_stm32f4xx.o(.text)
    DMA2_Stream4_IRQHandler                  0x08006477   Thumb Code     0  startup_stm32f4xx.o(.text)
    DMA2_Stream5_IRQHandler                  0x08006477   Thumb Code     0  startup_stm32f4xx.o(.text)
    DMA2_Stream6_IRQHandler                  0x08006477   Thumb Code     0  startup_stm32f4xx.o(.text)
    DMA2_Stream7_IRQHandler                  0x08006477   Thumb Code     0  startup_stm32f4xx.o(.text)
    ETH_IRQHandler                           0x08006477   Thumb Code     0  startup_stm32f4xx.o(.text)
    ETH_WKUP_IRQHandler                      0x08006477   Thumb Code     0  startup_stm32f4xx.o(.text)
    EXTI0_IRQHandler                         0x08006477   Thumb Code     0  startup_stm32f4xx.o(.text)
    EXTI15_10_IRQHandler                     0x08006477   Thumb Code     0  startup_stm32f4xx.o(.text)
    EXTI1_IRQHandler                         0x08006477   Thumb Code     0  startup_stm32f4xx.o(.text)
    EXTI2_IRQHandler                         0x08006477   Thumb Code     0  startup_stm32f4xx.o(.text)
    EXTI3_IRQHandler                         0x08006477   Thumb Code     0  startup_stm32f4xx.o(.text)
    EXTI4_IRQHandler                         0x08006477   Thumb Code     0  startup_stm32f4xx.o(.text)
    EXTI9_5_IRQHandler                       0x08006477   Thumb Code     0  startup_stm32f4xx.o(.text)
    FLASH_IRQHandler                         0x08006477   Thumb Code     0  startup_stm32f4xx.o(.text)
    FPU_IRQHandler                           0x08006477   Thumb Code     0  startup_stm32f4xx.o(.text)
    FSMC_IRQHandler                          0x08006477   Thumb Code     0  startup_stm32f4xx.o(.text)
    HASH_RNG_IRQHandler                      0x08006477   Thumb Code     0  startup_stm32f4xx.o(.text)
    I2C1_ER_IRQHandler                       0x08006477   Thumb Code     0  startup_stm32f4xx.o(.text)
    I2C1_EV_IRQHandler                       0x08006477   Thumb Code     0  startup_stm32f4xx.o(.text)
    I2C2_ER_IRQHandler                       0x08006477   Thumb Code     0  startup_stm32f4xx.o(.text)
    I2C2_EV_IRQHandler                       0x08006477   Thumb Code     0  startup_stm32f4xx.o(.text)
    I2C3_ER_IRQHandler                       0x08006477   Thumb Code     0  startup_stm32f4xx.o(.text)
    I2C3_EV_IRQHandler                       0x08006477   Thumb Code     0  startup_stm32f4xx.o(.text)
    OTG_FS_IRQHandler                        0x08006477   Thumb Code     0  startup_stm32f4xx.o(.text)
    OTG_FS_WKUP_IRQHandler                   0x08006477   Thumb Code     0  startup_stm32f4xx.o(.text)
    OTG_HS_EP1_IN_IRQHandler                 0x08006477   Thumb Code     0  startup_stm32f4xx.o(.text)
    OTG_HS_EP1_OUT_IRQHandler                0x08006477   Thumb Code     0  startup_stm32f4xx.o(.text)
    OTG_HS_IRQHandler                        0x08006477   Thumb Code     0  startup_stm32f4xx.o(.text)
    OTG_HS_WKUP_IRQHandler                   0x08006477   Thumb Code     0  startup_stm32f4xx.o(.text)
    PVD_IRQHandler                           0x08006477   Thumb Code     0  startup_stm32f4xx.o(.text)
    RCC_IRQHandler                           0x08006477   Thumb Code     0  startup_stm32f4xx.o(.text)
    RTC_Alarm_IRQHandler                     0x08006477   Thumb Code     0  startup_stm32f4xx.o(.text)
    RTC_WKUP_IRQHandler                      0x08006477   Thumb Code     0  startup_stm32f4xx.o(.text)
    SDIO_IRQHandler                          0x08006477   Thumb Code     0  startup_stm32f4xx.o(.text)
    SPI1_IRQHandler                          0x08006477   Thumb Code     0  startup_stm32f4xx.o(.text)
    SPI2_IRQHandler                          0x08006477   Thumb Code     0  startup_stm32f4xx.o(.text)
    SPI3_IRQHandler                          0x08006477   Thumb Code     0  startup_stm32f4xx.o(.text)
    TAMP_STAMP_IRQHandler                    0x08006477   Thumb Code     0  startup_stm32f4xx.o(.text)
    TIM1_BRK_TIM9_IRQHandler                 0x08006477   Thumb Code     0  startup_stm32f4xx.o(.text)
    TIM1_CC_IRQHandler                       0x08006477   Thumb Code     0  startup_stm32f4xx.o(.text)
    TIM1_TRG_COM_TIM11_IRQHandler            0x08006477   Thumb Code     0  startup_stm32f4xx.o(.text)
    TIM1_UP_TIM10_IRQHandler                 0x08006477   Thumb Code     0  startup_stm32f4xx.o(.text)
    TIM2_IRQHandler                          0x08006477   Thumb Code     0  startup_stm32f4xx.o(.text)
    TIM3_IRQHandler                          0x08006477   Thumb Code     0  startup_stm32f4xx.o(.text)
    TIM4_IRQHandler                          0x08006477   Thumb Code     0  startup_stm32f4xx.o(.text)
    TIM5_IRQHandler                          0x08006477   Thumb Code     0  startup_stm32f4xx.o(.text)
    TIM6_DAC_IRQHandler                      0x08006477   Thumb Code     0  startup_stm32f4xx.o(.text)
    TIM7_IRQHandler                          0x08006477   Thumb Code     0  startup_stm32f4xx.o(.text)
    TIM8_BRK_TIM12_IRQHandler                0x08006477   Thumb Code     0  startup_stm32f4xx.o(.text)
    TIM8_CC_IRQHandler                       0x08006477   Thumb Code     0  startup_stm32f4xx.o(.text)
    TIM8_TRG_COM_TIM14_IRQHandler            0x08006477   Thumb Code     0  startup_stm32f4xx.o(.text)
    TIM8_UP_TIM13_IRQHandler                 0x08006477   Thumb Code     0  startup_stm32f4xx.o(.text)
    UART4_IRQHandler                         0x08006477   Thumb Code     0  startup_stm32f4xx.o(.text)
    UART5_IRQHandler                         0x08006477   Thumb Code     0  startup_stm32f4xx.o(.text)
    USART1_IRQHandler                        0x08006477   Thumb Code     0  startup_stm32f4xx.o(.text)
    USART2_IRQHandler                        0x08006477   Thumb Code     0  startup_stm32f4xx.o(.text)
    USART3_IRQHandler                        0x08006477   Thumb Code     0  startup_stm32f4xx.o(.text)
    USART6_IRQHandler                        0x08006477   Thumb Code     0  startup_stm32f4xx.o(.text)
    WWDG_IRQHandler                          0x08006477   Thumb Code     0  startup_stm32f4xx.o(.text)
    __user_initial_stackheap                 0x08006479   Thumb Code     0  startup_stm32f4xx.o(.text)
    __2sprintf                               0x0800649d   Thumb Code    34  noretval__2sprintf.o(.text)
    __printf                                 0x080064c5   Thumb Code   104  __printf.o(.text)
    _printf_int_dec                          0x0800652d   Thumb Code   100  _printf_dec.o(.text)
    __0sscanf                                0x080065a1   Thumb Code    52  __0sscanf.o(.text)
    _scanf_int                               0x080065dd   Thumb Code   332  _scanf_int.o(.text)
    strlen                                   0x08006729   Thumb Code    62  strlen.o(.text)
    strncmp                                  0x08006767   Thumb Code   150  strncmp.o(.text)
    __aeabi_memcpy                           0x080067fd   Thumb Code     0  rt_memcpy_v6.o(.text)
    __rt_memcpy                              0x080067fd   Thumb Code   138  rt_memcpy_v6.o(.text)
    _memcpy_lastbytes                        0x08006863   Thumb Code     0  rt_memcpy_v6.o(.text)
    __aeabi_memclr4                          0x08006887   Thumb Code     0  rt_memclr_w.o(.text)
    __aeabi_memclr8                          0x08006887   Thumb Code     0  rt_memclr_w.o(.text)
    __rt_memclr_w                            0x08006887   Thumb Code    78  rt_memclr_w.o(.text)
    _memset_w                                0x0800688b   Thumb Code     0  rt_memclr_w.o(.text)
    strcmp                                   0x080068d5   Thumb Code   128  strcmpv7m.o(.text)
    __use_two_region_memory                  0x08006955   Thumb Code     2  heapauxi.o(.text)
    __rt_heap_escrow$2region                 0x08006957   Thumb Code     2  heapauxi.o(.text)
    __rt_heap_expand$2region                 0x08006959   Thumb Code     2  heapauxi.o(.text)
    __read_errno                             0x0800695b   Thumb Code    10  _rserrno.o(.text)
    __set_errno                              0x08006965   Thumb Code    12  _rserrno.o(.text)
    _printf_int_common                       0x08006971   Thumb Code   178  _printf_intcommon.o(.text)
    __lib_sel_fp_printf                      0x08006a23   Thumb Code     2  _printf_fp_dec.o(.text)
    _printf_fp_dec_real                      0x08006bd1   Thumb Code   616  _printf_fp_dec.o(.text)
    _printf_char_common                      0x08006e43   Thumb Code    32  _printf_char_common.o(.text)
    _sputc                                   0x08006e69   Thumb Code    10  _sputc.o(.text)
    _chval                                   0x08006e73   Thumb Code    28  _chval.o(.text)
    _scanf_really_real                       0x0800708d   Thumb Code   668  scanf_fp.o(.text)
    __vfscanf_char                           0x08007341   Thumb Code    24  scanf_char.o(.text)
    _sgetc                                   0x08007361   Thumb Code    30  _sgetc.o(.text)
    _sbackspace                              0x0800737f   Thumb Code    34  _sgetc.o(.text)
    __aeabi_memcpy4                          0x080073a1   Thumb Code     0  rt_memcpy_w.o(.text)
    __aeabi_memcpy8                          0x080073a1   Thumb Code     0  rt_memcpy_w.o(.text)
    __rt_memcpy_w                            0x080073a1   Thumb Code   100  rt_memcpy_w.o(.text)
    _memcpy_lastbytes_aligned                0x080073e9   Thumb Code     0  rt_memcpy_w.o(.text)
    __rt_locale                              0x08007405   Thumb Code     8  rt_locale_intlibspace.o(.text)
    __aeabi_errno_addr                       0x0800740d   Thumb Code     8  rt_errno_addr_intlibspace.o(.text)
    __errno$intlibspace                      0x0800740d   Thumb Code     0  rt_errno_addr_intlibspace.o(.text)
    __rt_errno_addr$intlibspace              0x0800740d   Thumb Code     0  rt_errno_addr_intlibspace.o(.text)
    _ll_udiv10                               0x08007415   Thumb Code   138  lludiv10.o(.text)
    isspace                                  0x0800749f   Thumb Code    18  isspace.o(.text)
    _printf_fp_infnan                        0x080074b1   Thumb Code   112  _printf_fp_infnan.o(.text)
    __vfscanf                                0x08007531   Thumb Code   872  _scanf.o(.text)
    _btod_etento                             0x0800789d   Thumb Code   212  bigflt0.o(.text)
    __user_libspace                          0x08007975   Thumb Code     8  libspace.o(.text)
    __user_perproc_libspace                  0x08007975   Thumb Code     0  libspace.o(.text)
    __user_perthread_libspace                0x08007975   Thumb Code     0  libspace.o(.text)
    __user_setup_stackheap                   0x0800797d   Thumb Code    74  sys_stackheap_outer.o(.text)
    __rt_ctype_table                         0x080079c9   Thumb Code    16  rt_ctype_table.o(.text)
    _scanf_really_hex_real                   0x080079d9   Thumb Code   778  scanf_hexfp.o(.text)
    _scanf_really_infnan                     0x08007cf1   Thumb Code   292  scanf_infnan.o(.text)
    exit                                     0x08007e25   Thumb Code    12  exit.o(.text)
    __aeabi_llsl                             0x08007e31   Thumb Code     0  llshl.o(.text)
    _ll_shift_l                              0x08007e31   Thumb Code    38  llshl.o(.text)
    _sys_exit                                0x08007e59   Thumb Code     8  sys_exit.o(.text)
    __I$use$semihosting                      0x08007e65   Thumb Code     0  use_no_semi.o(.text)
    __use_no_semihosting_swi                 0x08007e65   Thumb Code     2  use_no_semi.o(.text)
    __semihosting_library_function           0x08007e67   Thumb Code     0  indicate_semi.o(.text)
    _btod_d2e                                0x08007e67   Thumb Code    62  btod.o(CL$$btod_d2e)
    _d2e_denorm_low                          0x08007ea5   Thumb Code    70  btod.o(CL$$btod_d2e_denorm_low)
    _d2e_norm_op1                            0x08007eeb   Thumb Code    96  btod.o(CL$$btod_d2e_norm_op1)
    __btod_div_common                        0x08007f4b   Thumb Code   696  btod.o(CL$$btod_div_common)
    _e2d                                     0x08008285   Thumb Code    80  btod.o(CL$$btod_e2d)
    _e2e                                     0x080082d9   Thumb Code   198  btod.o(CL$$btod_e2e)
    _btod_ediv                               0x0800839f   Thumb Code    40  btod.o(CL$$btod_ediv)
    _btod_edivd                              0x080083c7   Thumb Code    40  btod.o(CL$$btod_edivd)
    _btod_emul                               0x080083ef   Thumb Code    40  btod.o(CL$$btod_emul)
    _btod_emuld                              0x08008417   Thumb Code    40  btod.o(CL$$btod_emuld)
    __btod_mult_common                       0x0800843f   Thumb Code   580  btod.o(CL$$btod_mult_common)
    __ARM_fpclassify                         0x08008683   Thumb Code    48  fpclassify.o(i.__ARM_fpclassify)
    __hardfp_cos                             0x080086b9   Thumb Code   200  cos.o(i.__hardfp_cos)
    __hardfp_fabs                            0x08008791   Thumb Code    20  fabs.o(i.__hardfp_fabs)
    __hardfp_ldexp                           0x080087a9   Thumb Code   208  ldexp.o(i.__hardfp_ldexp)
    __hardfp_sqrt                            0x08008889   Thumb Code   122  sqrt.o(i.__hardfp_sqrt)
    __ieee754_rem_pio2                       0x08008909   Thumb Code   938  rred.o(i.__ieee754_rem_pio2)
    __kernel_cos                             0x08008d41   Thumb Code   322  cos_i.o(i.__kernel_cos)
    __kernel_poly                            0x08008eb1   Thumb Code   248  poly.o(i.__kernel_poly)
    __kernel_sin                             0x08008fa9   Thumb Code   280  sin_i.o(i.__kernel_sin)
    __mathlib_dbl_underflow                  0x080090d9   Thumb Code    24  dunder.o(i.__mathlib_dbl_underflow)
    __mathlib_narrow                         0x080090f9   Thumb Code   166  narrow.o(i.__mathlib_narrow)
    __support_ldexp                          0x080091b1   Thumb Code    20  ldexp.o(i.__support_ldexp)
    _is_digit                                0x080091c5   Thumb Code    14  __printf_wp.o(i._is_digit)
    fabs                                     0x080091d3   Thumb Code    24  fabs.o(i.fabs)
    frexp                                    0x080091f1   Thumb Code   118  frexp.o(i.frexp)
    _get_lc_numeric                          0x0800927d   Thumb Code    44  lc_numeric_c.o(locale$$code)
    _get_lc_ctype                            0x080092a9   Thumb Code    44  lc_ctype_c.o(locale$$code)
    __aeabi_dneg                             0x080092d5   Thumb Code     0  basic.o(x$fpl$basic)
    _dneg                                    0x080092d5   Thumb Code     6  basic.o(x$fpl$basic)
    __aeabi_fneg                             0x080092db   Thumb Code     0  basic.o(x$fpl$basic)
    _fneg                                    0x080092db   Thumb Code     6  basic.o(x$fpl$basic)
    _dabs                                    0x080092e1   Thumb Code     6  basic.o(x$fpl$basic)
    _fabs                                    0x080092e7   Thumb Code     6  basic.o(x$fpl$basic)
    __aeabi_d2f                              0x080092ed   Thumb Code     0  d2f.o(x$fpl$d2f)
    _d2f                                     0x080092ed   Thumb Code    98  d2f.o(x$fpl$d2f)
    __aeabi_dadd                             0x08009351   Thumb Code     0  daddsub_clz.o(x$fpl$dadd)
    _dadd                                    0x08009351   Thumb Code   332  daddsub_clz.o(x$fpl$dadd)
    __fpl_dcheck_NaN1                        0x080094a1   Thumb Code    10  dcheck1.o(x$fpl$dcheck1)
    __fpl_dcmp_Inf                           0x080094b1   Thumb Code    24  dcmpi.o(x$fpl$dcmpinf)
    __aeabi_ddiv                             0x080094c9   Thumb Code     0  ddiv.o(x$fpl$ddiv)
    _ddiv                                    0x080094c9   Thumb Code   552  ddiv.o(x$fpl$ddiv)
    __aeabi_cdcmpeq                          0x08009779   Thumb Code     0  deqf.o(x$fpl$deqf)
    _dcmpeq                                  0x08009779   Thumb Code   120  deqf.o(x$fpl$deqf)
    __aeabi_d2iz                             0x080097f1   Thumb Code     0  dfix.o(x$fpl$dfix)
    _dfix                                    0x080097f1   Thumb Code    94  dfix.o(x$fpl$dfix)
    __aeabi_d2uiz                            0x08009851   Thumb Code     0  dfixu.o(x$fpl$dfixu)
    _dfixu                                   0x08009851   Thumb Code    90  dfixu.o(x$fpl$dfixu)
    __aeabi_i2d                              0x080098ab   Thumb Code     0  dflt_clz.o(x$fpl$dflt)
    _dflt                                    0x080098ab   Thumb Code    46  dflt_clz.o(x$fpl$dflt)
    __aeabi_ui2d                             0x080098d9   Thumb Code     0  dflt_clz.o(x$fpl$dfltu)
    _dfltu                                   0x080098d9   Thumb Code    38  dflt_clz.o(x$fpl$dfltu)
    __aeabi_cdcmple                          0x08009901   Thumb Code     0  dleqf.o(x$fpl$dleqf)
    _dcmple                                  0x08009901   Thumb Code   120  dleqf.o(x$fpl$dleqf)
    __fpl_dcmple_InfNaN                      0x08009963   Thumb Code     0  dleqf.o(x$fpl$dleqf)
    __aeabi_dmul                             0x08009979   Thumb Code     0  dmul.o(x$fpl$dmul)
    _dmul                                    0x08009979   Thumb Code   332  dmul.o(x$fpl$dmul)
    __fpl_dnaninf                            0x08009acd   Thumb Code   156  dnaninf.o(x$fpl$dnaninf)
    __fpl_dretinf                            0x08009b69   Thumb Code    12  dretinf.o(x$fpl$dretinf)
    __aeabi_cdrcmple                         0x08009b75   Thumb Code     0  drleqf.o(x$fpl$drleqf)
    _drcmple                                 0x08009b75   Thumb Code   108  drleqf.o(x$fpl$drleqf)
    __aeabi_drsub                            0x08009be1   Thumb Code     0  daddsub_clz.o(x$fpl$drsb)
    _drsb                                    0x08009be1   Thumb Code    22  daddsub_clz.o(x$fpl$drsb)
    _dsqrt                                   0x08009bf9   Thumb Code   404  dsqrt_umaal.o(x$fpl$dsqrt)
    __aeabi_dsub                             0x08009d91   Thumb Code     0  daddsub_clz.o(x$fpl$dsub)
    _dsub                                    0x08009d91   Thumb Code   464  daddsub_clz.o(x$fpl$dsub)
    __aeabi_f2d                              0x08009f65   Thumb Code     0  f2d.o(x$fpl$f2d)
    _f2d                                     0x08009f65   Thumb Code    86  f2d.o(x$fpl$f2d)
    __fpl_fnaninf                            0x08009fbb   Thumb Code   140  fnaninf.o(x$fpl$fnaninf)
    _fp_init                                 0x0800a047   Thumb Code    10  fpinit.o(x$fpl$fpinit)
    __fplib_config_fpu_vfp                   0x0800a04f   Thumb Code     0  fpinit.o(x$fpl$fpinit)
    __fplib_config_pureend_doubles           0x0800a04f   Thumb Code     0  fpinit.o(x$fpl$fpinit)
    __fpl_fretinf                            0x0800a051   Thumb Code    10  fretinf.o(x$fpl$fretinf)
    _printf_fp_dec                           0x0800a05b   Thumb Code     4  printf1.o(x$fpl$printf1)
    __fpl_return_NaN                         0x0800a05f   Thumb Code   100  retnan.o(x$fpl$retnan)
    __ARM_scalbn                             0x0800a0c3   Thumb Code    92  scalbn.o(x$fpl$scalbn)
    _scanf_real                              0x0800a11f   Thumb Code     4  scanf1.o(x$fpl$scanf1)
    _scanf_hex_real                          0x0800a123   Thumb Code     4  scanf2.o(x$fpl$scanf2)
    _scanf_infnan                            0x0800a127   Thumb Code     4  scanf2.o(x$fpl$scanf2)
    __fpl_cmpreturn                          0x0800a12b   Thumb Code    48  trapv.o(x$fpl$trapveneer)
    __I$use$fp                               0x0800a15a   Number         0  usenofp.o(x$fpl$usenofp)
    download_M                               0x0800a160   Data           4  download.o(.constdata)
    Region$$Table$$Base                      0x0800a41c   Number         0  anon$$obj.o(Region$$Table)
    Region$$Table$$Limit                     0x0800a43c   Number         0  anon$$obj.o(Region$$Table)
    __aeabi_HUGE_VAL                         0x0800a43c   Data           0  fpconst.o(c$$dinf)
    __aeabi_HUGE_VALL                        0x0800a43c   Data           0  fpconst.o(c$$dinf)
    __aeabi_INFINITY                         0x0800a43c   Data           0  fpconst.o(c$$dinf)
    __dInf                                   0x0800a43c   Data           0  fpconst.o(c$$dinf)
    __huge_val                               0x0800a43c   Data           0  fpconst.o(c$$dinf)
    __ctype                                  0x0800a46d   Data           0  lc_ctype_c.o(locale$$data)
    download_P                               0x20000000   Data         576  download_data.o(.data)
    systick_count                            0x20000240   Data           4  main.o(.data)
    SystemCoreClock                          0x20000258   Data           4  system_stm32f4xx.o(.data)
    AHBPrescTable                            0x2000025c   Data          16  system_stm32f4xx.o(.data)
    fromshangweijiEnabledSubsystem1DigitalOutput_portVal 0x2000026c   Data           2  waijung_hwdrvlib.o(.data)
    IMUangle_read_structure                  0x20000270   Data           8  waijung_hwdrvlib.o(.data)
    OrangeLED1BlueLED_portVal                0x20000278   Data           2  waijung_hwdrvlib.o(.data)
    ReceiverUARTRx3_read_structure           0x2000027c   Data           8  waijung_hwdrvlib.o(.data)
    fromshangweijiUARTRx3_read_structure     0x20000284   Data           8  waijung_hwdrvlib.o(.data)
    fromshangweijiUARTRx3_data0              0x2000028c   Data           4  waijung_hwdrvlib.o(.data)
    fromshangweijiUARTRx3_data1              0x20000290   Data           4  waijung_hwdrvlib.o(.data)
    fromshangweijiUARTRx3_data2              0x20000294   Data           4  waijung_hwdrvlib.o(.data)
    fromshangweijiUARTRx3_data3              0x20000298   Data           4  waijung_hwdrvlib.o(.data)
    fromshangweijiUARTRx3_data4              0x2000029c   Data           4  waijung_hwdrvlib.o(.data)
    fromshangweijiUARTRx4_read_structure     0x200002a0   Data           8  waijung_hwdrvlib.o(.data)
    fromshangweijiUARTRx4_data0              0x200002a8   Data           4  waijung_hwdrvlib.o(.data)
    fromshangweijiUARTRx4_data1              0x200002ac   Data           4  waijung_hwdrvlib.o(.data)
    fromshangweijiUARTRx4_data2              0x200002b0   Data           4  waijung_hwdrvlib.o(.data)
    fromshangweijiUARTRx4_data3              0x200002b4   Data           4  waijung_hwdrvlib.o(.data)
    fromshangweijiUARTRx4_data4              0x200002b8   Data           4  waijung_hwdrvlib.o(.data)
    fromshangweijiUARTRx5_read_structure     0x200002bc   Data           8  waijung_hwdrvlib.o(.data)
    fromshangweijiUARTRx5_data0              0x200002c4   Data           4  waijung_hwdrvlib.o(.data)
    fromshangweijiUARTRx5_data1              0x200002c8   Data           4  waijung_hwdrvlib.o(.data)
    fromshangweijiUARTRx5_data2              0x200002cc   Data           4  waijung_hwdrvlib.o(.data)
    fromshangweijiUARTRx5_data3              0x200002d0   Data           4  waijung_hwdrvlib.o(.data)
    fromshangweijiUARTRx5_data4              0x200002d4   Data           4  waijung_hwdrvlib.o(.data)
    fromshangweijiUARTRx1_read_structure     0x200002d8   Data           8  waijung_hwdrvlib.o(.data)
    fromshangweijiUARTRx1_data0              0x200002e0   Data           4  waijung_hwdrvlib.o(.data)
    fromshangweijiUARTRx_read_structure      0x200002e4   Data           8  waijung_hwdrvlib.o(.data)
    fromshangweijiUARTRx2_read_structure     0x200002ec   Data           8  waijung_hwdrvlib.o(.data)
    initUARTSetup_Tx_State                   0x200002f4   Data           1  waijung_hwdrvlib.o(.data)
    initUARTSetup1_Tx_State                  0x200002f5   Data           1  waijung_hwdrvlib.o(.data)
    download_B                               0x200002f8   Data         416  download.o(.bss)
    download_DW                              0x20000498   Data         128  download.o(.bss)
    download_M_                              0x20000518   Data          16  download.o(.bss)
    UID32_fromshangweijiEnabledSubsystem2ReadUniqueID 0x20000528   Data          12  waijung_hwdrvlib.o(.bss)
    UART1_Tx_Buffer                          0x20000534   Data         512  waijung_hwdrvlib.o(.bss)
    UART1_Rx_Buffer                          0x20000734   Data         512  waijung_hwdrvlib.o(.bss)
    UART1_Temp_Buffer                        0x20000934   Data         512  waijung_hwdrvlib.o(.bss)
    initUARTSetup_DMA_Init                   0x20000b34   Data          60  waijung_hwdrvlib.o(.bss)
    UART3_Tx_Buffer                          0x20000b70   Data         512  waijung_hwdrvlib.o(.bss)
    UART3_Rx_Buffer                          0x20000d70   Data         512  waijung_hwdrvlib.o(.bss)
    UART3_Temp_Buffer                        0x20000f70   Data         512  waijung_hwdrvlib.o(.bss)
    initUARTSetup1_DMA_Init                  0x20001170   Data          60  waijung_hwdrvlib.o(.bss)
    UART2_Rx_Buffer                          0x200011ac   Data         512  waijung_hwdrvlib.o(.bss)
    UART2_Temp_Buffer                        0x200013ac   Data         512  waijung_hwdrvlib.o(.bss)
    initUARTSetup2_DMA_Init                  0x200015ac   Data          60  waijung_hwdrvlib.o(.bss)
    __libspace_start                         0x200015e8   Data          96  libspace.o(.bss)
    __temporary_stack_top$libspace           0x20001648   Data           0  libspace.o(.bss)



==============================================================================

Memory Map of the image

  Image Entry point : 0x08000189

  Load Region LR_IROM1 (Base: 0x08000000, Size: 0x0000a868, Max: 0x00100000, ABSOLUTE, COMPRESSED[0x0000a688])

    Execution Region ER_IROM1 (Base: 0x08000000, Size: 0x0000a570, Max: 0x00100000, ABSOLUTE)

    Base Addr    Size         Type   Attr      Idx    E Section Name        Object

    0x08000000   0x00000188   Data   RO          478    RESET               startup_stm32f4xx.o
    0x08000188   0x00000008   Code   RO          532  * !!!main             c_w.l(__main.o)
    0x08000190   0x00000034   Code   RO          923    !!!scatter          c_w.l(__scatter.o)
    0x080001c4   0x0000005a   Code   RO          921    !!dczerorl2         c_w.l(__dczerorl2.o)
    0x0800021e   0x00000002   PAD
    0x08000220   0x0000001c   Code   RO          925    !!handler_zi        c_w.l(__scatter_zi.o)
    0x0800023c   0x00000000   Code   RO          515    .ARM.Collect$$_printf_percent$$00000000  c_w.l(_printf_percent.o)
    0x0800023c   0x00000006   Code   RO          514    .ARM.Collect$$_printf_percent$$00000003  c_w.l(_printf_f.o)
    0x08000242   0x00000006   Code   RO          513    .ARM.Collect$$_printf_percent$$0000000A  c_w.l(_printf_u.o)
    0x08000248   0x00000004   Code   RO          611    .ARM.Collect$$_printf_percent$$00000017  c_w.l(_printf_percent_end.o)
    0x0800024c   0x00000002   Code   RO          761    .ARM.Collect$$libinit$$00000000  c_w.l(libinit.o)
    0x0800024e   0x00000004   Code   RO          762    .ARM.Collect$$libinit$$00000001  c_w.l(libinit2.o)
    0x08000252   0x00000000   Code   RO          766    .ARM.Collect$$libinit$$00000008  c_w.l(libinit2.o)
    0x08000252   0x00000000   Code   RO          768    .ARM.Collect$$libinit$$0000000A  c_w.l(libinit2.o)
    0x08000252   0x00000000   Code   RO          770    .ARM.Collect$$libinit$$0000000C  c_w.l(libinit2.o)
    0x08000252   0x00000006   Code   RO          771    .ARM.Collect$$libinit$$0000000D  c_w.l(libinit2.o)
    0x08000258   0x00000000   Code   RO          773    .ARM.Collect$$libinit$$0000000F  c_w.l(libinit2.o)
    0x08000258   0x0000000c   Code   RO          774    .ARM.Collect$$libinit$$00000010  c_w.l(libinit2.o)
    0x08000264   0x00000000   Code   RO          775    .ARM.Collect$$libinit$$00000011  c_w.l(libinit2.o)
    0x08000264   0x00000000   Code   RO          777    .ARM.Collect$$libinit$$00000013  c_w.l(libinit2.o)
    0x08000264   0x0000000a   Code   RO          778    .ARM.Collect$$libinit$$00000014  c_w.l(libinit2.o)
    0x0800026e   0x00000000   Code   RO          779    .ARM.Collect$$libinit$$00000015  c_w.l(libinit2.o)
    0x0800026e   0x00000000   Code   RO          781    .ARM.Collect$$libinit$$00000017  c_w.l(libinit2.o)
    0x0800026e   0x00000000   Code   RO          783    .ARM.Collect$$libinit$$00000019  c_w.l(libinit2.o)
    0x0800026e   0x00000000   Code   RO          785    .ARM.Collect$$libinit$$0000001B  c_w.l(libinit2.o)
    0x0800026e   0x00000000   Code   RO          787    .ARM.Collect$$libinit$$0000001D  c_w.l(libinit2.o)
    0x0800026e   0x00000000   Code   RO          789    .ARM.Collect$$libinit$$0000001F  c_w.l(libinit2.o)
    0x0800026e   0x00000000   Code   RO          791    .ARM.Collect$$libinit$$00000021  c_w.l(libinit2.o)
    0x0800026e   0x00000000   Code   RO          793    .ARM.Collect$$libinit$$00000023  c_w.l(libinit2.o)
    0x0800026e   0x00000000   Code   RO          797    .ARM.Collect$$libinit$$0000002A  c_w.l(libinit2.o)
    0x0800026e   0x00000000   Code   RO          799    .ARM.Collect$$libinit$$0000002C  c_w.l(libinit2.o)
    0x0800026e   0x00000000   Code   RO          801    .ARM.Collect$$libinit$$0000002E  c_w.l(libinit2.o)
    0x0800026e   0x00000000   Code   RO          803    .ARM.Collect$$libinit$$00000030  c_w.l(libinit2.o)
    0x0800026e   0x00000002   Code   RO          804    .ARM.Collect$$libinit$$00000031  c_w.l(libinit2.o)
    0x08000270   0x00000002   Code   RO          864    .ARM.Collect$$libshutdown$$00000000  c_w.l(libshutdown.o)
    0x08000272   0x00000000   Code   RO          878    .ARM.Collect$$libshutdown$$00000003  c_w.l(libshutdown2.o)
    0x08000272   0x00000000   Code   RO          881    .ARM.Collect$$libshutdown$$00000006  c_w.l(libshutdown2.o)
    0x08000272   0x00000000   Code   RO          884    .ARM.Collect$$libshutdown$$00000009  c_w.l(libshutdown2.o)
    0x08000272   0x00000000   Code   RO          886    .ARM.Collect$$libshutdown$$0000000B  c_w.l(libshutdown2.o)
    0x08000272   0x00000000   Code   RO          889    .ARM.Collect$$libshutdown$$0000000E  c_w.l(libshutdown2.o)
    0x08000272   0x00000002   Code   RO          890    .ARM.Collect$$libshutdown$$0000000F  c_w.l(libshutdown2.o)
    0x08000274   0x00000000   Code   RO          600    .ARM.Collect$$rtentry$$00000000  c_w.l(rtentry.o)
    0x08000274   0x00000000   Code   RO          652    .ARM.Collect$$rtentry$$00000002  c_w.l(rtentry2.o)
    0x08000274   0x00000006   Code   RO          664    .ARM.Collect$$rtentry$$00000004  c_w.l(rtentry4.o)
    0x0800027a   0x00000000   Code   RO          654    .ARM.Collect$$rtentry$$00000009  c_w.l(rtentry2.o)
    0x0800027a   0x00000004   Code   RO          655    .ARM.Collect$$rtentry$$0000000A  c_w.l(rtentry2.o)
    0x0800027e   0x00000000   Code   RO          657    .ARM.Collect$$rtentry$$0000000C  c_w.l(rtentry2.o)
    0x0800027e   0x00000008   Code   RO          658    .ARM.Collect$$rtentry$$0000000D  c_w.l(rtentry2.o)
    0x08000286   0x00000002   Code   RO          811    .ARM.Collect$$rtexit$$00000000  c_w.l(rtexit.o)
    0x08000288   0x00000000   Code   RO          839    .ARM.Collect$$rtexit$$00000002  c_w.l(rtexit2.o)
    0x08000288   0x00000004   Code   RO          840    .ARM.Collect$$rtexit$$00000003  c_w.l(rtexit2.o)
    0x0800028c   0x00000006   Code   RO          841    .ARM.Collect$$rtexit$$00000004  c_w.l(rtexit2.o)
    0x08000292   0x00000002   PAD
    0x08000294   0x00002a98   Code   RO            3    .text               download.o
    0x08002d2c   0x00000126   Code   RO          141    .text               guidance_system.o
    0x08002e52   0x00000002   PAD
    0x08002e54   0x00000370   Code   RO          171    .text               imu.o
    0x080031c4   0x00000098   Code   RO          201    .text               main.o
    0x0800325c   0x000003a8   Code   RO          259    .text               stm32f4xx_dma.o
    0x08003604   0x0000025c   Code   RO          279    .text               stm32f4xx_gpio.o
    0x08003860   0x00000038   Code   RO          299    .text               stm32f4xx_it.o
    0x08003898   0x00000588   Code   RO          342    .text               stm32f4xx_rcc.o
    0x08003e20   0x00000ca2   Code   RO          384    .text               stm32f4xx_tim.o
    0x08004ac2   0x00000002   PAD
    0x08004ac4   0x0000041a   Code   RO          404    .text               stm32f4xx_usart.o
    0x08004ede   0x00000002   PAD
    0x08004ee0   0x00000210   Code   RO          424    .text               system_stm32f4xx.o
    0x080050f0   0x0000136c   Code   RO          450    .text               waijung_hwdrvlib.o
    0x0800645c   0x00000040   Code   RO          479    .text               startup_stm32f4xx.o
    0x0800649c   0x00000028   Code   RO          487    .text               c_w.l(noretval__2sprintf.o)
    0x080064c4   0x00000068   Code   RO          489    .text               c_w.l(__printf.o)
    0x0800652c   0x00000074   Code   RO          491    .text               c_w.l(_printf_dec.o)
    0x080065a0   0x0000003c   Code   RO          516    .text               c_w.l(__0sscanf.o)
    0x080065dc   0x0000014c   Code   RO          518    .text               c_w.l(_scanf_int.o)
    0x08006728   0x0000003e   Code   RO          520    .text               c_w.l(strlen.o)
    0x08006766   0x00000096   Code   RO          522    .text               c_w.l(strncmp.o)
    0x080067fc   0x0000008a   Code   RO          524    .text               c_w.l(rt_memcpy_v6.o)
    0x08006886   0x0000004e   Code   RO          526    .text               c_w.l(rt_memclr_w.o)
    0x080068d4   0x00000080   Code   RO          528    .text               c_w.l(strcmpv7m.o)
    0x08006954   0x00000006   Code   RO          530    .text               c_w.l(heapauxi.o)
    0x0800695a   0x00000016   Code   RO          601    .text               c_w.l(_rserrno.o)
    0x08006970   0x000000b2   Code   RO          603    .text               c_w.l(_printf_intcommon.o)
    0x08006a22   0x00000416   Code   RO          605    .text               c_w.l(_printf_fp_dec.o)
    0x08006e38   0x00000030   Code   RO          607    .text               c_w.l(_printf_char_common.o)
    0x08006e68   0x0000000a   Code   RO          609    .text               c_w.l(_sputc.o)
    0x08006e72   0x0000001c   Code   RO          612    .text               c_w.l(_chval.o)
    0x08006e8e   0x00000002   PAD
    0x08006e90   0x000004a4   Code   RO          614    .text               c_w.l(scanf_fp.o)
    0x08007334   0x0000002c   Code   RO          616    .text               c_w.l(scanf_char.o)
    0x08007360   0x00000040   Code   RO          618    .text               c_w.l(_sgetc.o)
    0x080073a0   0x00000064   Code   RO          620    .text               c_w.l(rt_memcpy_w.o)
    0x08007404   0x00000008   Code   RO          669    .text               c_w.l(rt_locale_intlibspace.o)
    0x0800740c   0x00000008   Code   RO          674    .text               c_w.l(rt_errno_addr_intlibspace.o)
    0x08007414   0x0000008a   Code   RO          676    .text               c_w.l(lludiv10.o)
    0x0800749e   0x00000012   Code   RO          678    .text               c_w.l(isspace.o)
    0x080074b0   0x00000080   Code   RO          680    .text               c_w.l(_printf_fp_infnan.o)
    0x08007530   0x0000036c   Code   RO          684    .text               c_w.l(_scanf.o)
    0x0800789c   0x000000d8   Code   RO          686    .text               c_w.l(bigflt0.o)
    0x08007974   0x00000008   Code   RO          743    .text               c_w.l(libspace.o)
    0x0800797c   0x0000004a   Code   RO          746    .text               c_w.l(sys_stackheap_outer.o)
    0x080079c6   0x00000002   PAD
    0x080079c8   0x00000010   Code   RO          748    .text               c_w.l(rt_ctype_table.o)
    0x080079d8   0x00000318   Code   RO          750    .text               c_w.l(scanf_hexfp.o)
    0x08007cf0   0x00000134   Code   RO          752    .text               c_w.l(scanf_infnan.o)
    0x08007e24   0x0000000c   Code   RO          754    .text               c_w.l(exit.o)
    0x08007e30   0x00000026   Code   RO          813    .text               c_w.l(llshl.o)
    0x08007e56   0x00000002   PAD
    0x08007e58   0x0000000c   Code   RO          854    .text               c_w.l(sys_exit.o)
    0x08007e64   0x00000002   Code   RO          867    .text               c_w.l(use_no_semi.o)
    0x08007e66   0x00000000   Code   RO          869    .text               c_w.l(indicate_semi.o)
    0x08007e66   0x0000003e   Code   RO          689    CL$$btod_d2e        c_w.l(btod.o)
    0x08007ea4   0x00000046   Code   RO          691    CL$$btod_d2e_denorm_low  c_w.l(btod.o)
    0x08007eea   0x00000060   Code   RO          690    CL$$btod_d2e_norm_op1  c_w.l(btod.o)
    0x08007f4a   0x00000338   Code   RO          699    CL$$btod_div_common  c_w.l(btod.o)
    0x08008282   0x00000002   PAD
    0x08008284   0x00000054   Code   RO          697    CL$$btod_e2d        c_w.l(btod.o)
    0x080082d8   0x000000c6   Code   RO          696    CL$$btod_e2e        c_w.l(btod.o)
    0x0800839e   0x00000028   Code   RO          693    CL$$btod_ediv       c_w.l(btod.o)
    0x080083c6   0x00000028   Code   RO          695    CL$$btod_edivd      c_w.l(btod.o)
    0x080083ee   0x00000028   Code   RO          692    CL$$btod_emul       c_w.l(btod.o)
    0x08008416   0x00000028   Code   RO          694    CL$$btod_emuld      c_w.l(btod.o)
    0x0800843e   0x00000244   Code   RO          698    CL$$btod_mult_common  c_w.l(btod.o)
    0x08008682   0x00000030   Code   RO          731    i.__ARM_fpclassify  m_wm.l(fpclassify.o)
    0x080086b2   0x00000006   PAD
    0x080086b8   0x000000d8   Code   RO          570    i.__hardfp_cos      m_wm.l(cos.o)
    0x08008790   0x00000014   Code   RO          582    i.__hardfp_fabs     m_wm.l(fabs.o)
    0x080087a4   0x00000004   PAD
    0x080087a8   0x000000e0   Code   RO          822    i.__hardfp_ldexp    m_wm.l(ldexp.o)
    0x08008888   0x0000007a   Code   RO          588    i.__hardfp_sqrt     m_wm.l(sqrt.o)
    0x08008902   0x00000006   PAD
    0x08008908   0x00000438   Code   RO          640    i.__ieee754_rem_pio2  m_wm.l(rred.o)
    0x08008d40   0x00000170   Code   RO          637    i.__kernel_cos      m_wm.l(cos_i.o)
    0x08008eb0   0x000000f8   Code   RO          741    i.__kernel_poly     m_wm.l(poly.o)
    0x08008fa8   0x00000130   Code   RO          645    i.__kernel_sin      m_wm.l(sin_i.o)
    0x080090d8   0x00000020   Code   RO          729    i.__mathlib_dbl_underflow  m_wm.l(dunder.o)
    0x080090f8   0x000000b8   Code   RO          734    i.__mathlib_narrow  m_wm.l(narrow.o)
    0x080091b0   0x00000014   Code   RO          824    i.__support_ldexp   m_wm.l(ldexp.o)
    0x080091c4   0x0000000e   Code   RO          503    i._is_digit         c_w.l(__printf_wp.o)
    0x080091d2   0x00000018   Code   RO          584    i.fabs              m_wm.l(fabs.o)
    0x080091ea   0x00000006   PAD
    0x080091f0   0x0000008c   Code   RO          807    i.frexp             m_wm.l(frexp.o)
    0x0800927c   0x0000002c   Code   RO          712    locale$$code        c_w.l(lc_numeric_c.o)
    0x080092a8   0x0000002c   Code   RO          816    locale$$code        c_w.l(lc_ctype_c.o)
    0x080092d4   0x00000018   Code   RO          622    x$fpl$basic         fz_wm.l(basic.o)
    0x080092ec   0x00000062   Code   RO          534    x$fpl$d2f           fz_wm.l(d2f.o)
    0x0800934e   0x00000002   PAD
    0x08009350   0x00000150   Code   RO          536    x$fpl$dadd          fz_wm.l(daddsub_clz.o)
    0x080094a0   0x00000010   Code   RO          865    x$fpl$dcheck1       fz_wm.l(dcheck1.o)
    0x080094b0   0x00000018   Code   RO          624    x$fpl$dcmpinf       fz_wm.l(dcmpi.o)
    0x080094c8   0x000002b0   Code   RO          543    x$fpl$ddiv          fz_wm.l(ddiv.o)
    0x08009778   0x00000078   Code   RO          546    x$fpl$deqf          fz_wm.l(deqf.o)
    0x080097f0   0x0000005e   Code   RO          714    x$fpl$dfix          fz_wm.l(dfix.o)
    0x0800984e   0x00000002   PAD
    0x08009850   0x0000005a   Code   RO          548    x$fpl$dfixu         fz_wm.l(dfixu.o)
    0x080098aa   0x0000002e   Code   RO          553    x$fpl$dflt          fz_wm.l(dflt_clz.o)
    0x080098d8   0x00000026   Code   RO          552    x$fpl$dfltu         fz_wm.l(dflt_clz.o)
    0x080098fe   0x00000002   PAD
    0x08009900   0x00000078   Code   RO          558    x$fpl$dleqf         fz_wm.l(dleqf.o)
    0x08009978   0x00000154   Code   RO          560    x$fpl$dmul          fz_wm.l(dmul.o)
    0x08009acc   0x0000009c   Code   RO          626    x$fpl$dnaninf       fz_wm.l(dnaninf.o)
    0x08009b68   0x0000000c   Code   RO          628    x$fpl$dretinf       fz_wm.l(dretinf.o)
    0x08009b74   0x0000006c   Code   RO          562    x$fpl$drleqf        fz_wm.l(drleqf.o)
    0x08009be0   0x00000016   Code   RO          537    x$fpl$drsb          fz_wm.l(daddsub_clz.o)
    0x08009bf6   0x00000002   PAD
    0x08009bf8   0x00000198   Code   RO          630    x$fpl$dsqrt         fz_wm.l(dsqrt_umaal.o)
    0x08009d90   0x000001d4   Code   RO          538    x$fpl$dsub          fz_wm.l(daddsub_clz.o)
    0x08009f64   0x00000056   Code   RO          564    x$fpl$f2d           fz_wm.l(f2d.o)
    0x08009fba   0x0000008c   Code   RO          632    x$fpl$fnaninf       fz_wm.l(fnaninf.o)
    0x0800a046   0x0000000a   Code   RO          820    x$fpl$fpinit        fz_wm.l(fpinit.o)
    0x0800a050   0x0000000a   Code   RO          634    x$fpl$fretinf       fz_wm.l(fretinf.o)
    0x0800a05a   0x00000004   Code   RO          566    x$fpl$printf1       fz_wm.l(printf1.o)
    0x0800a05e   0x00000064   Code   RO          891    x$fpl$retnan        fz_wm.l(retnan.o)
    0x0800a0c2   0x0000005c   Code   RO          849    x$fpl$scalbn        fz_wm.l(scalbn.o)
    0x0800a11e   0x00000004   Code   RO          568    x$fpl$scanf1        fz_wm.l(scanf1.o)
    0x0800a122   0x00000008   Code   RO          723    x$fpl$scanf2        fz_wm.l(scanf2.o)
    0x0800a12a   0x00000030   Code   RO          897    x$fpl$trapveneer    fz_wm.l(trapv.o)
    0x0800a15a   0x00000000   Code   RO          636    x$fpl$usenofp       fz_wm.l(usenofp.o)
    0x0800a15a   0x00000006   PAD
    0x0800a160   0x00000108   Data   RO            5    .constdata          download.o
    0x0800a268   0x00000030   Data   RO          638    .constdata          m_wm.l(cos_i.o)
    0x0800a298   0x000000c8   Data   RO          642    .constdata          m_wm.l(rred.o)
    0x0800a360   0x00000028   Data   RO          646    .constdata          m_wm.l(sin_i.o)
    0x0800a388   0x00000094   Data   RO          687    .constdata          c_w.l(bigflt0.o)
    0x0800a41c   0x00000020   Data   RO          919    Region$$Table       anon$$obj.o
    0x0800a43c   0x00000008   Data   RO          718    c$$dinf             fz_wm.l(fpconst.o)
    0x0800a444   0x0000001c   Data   RO          711    locale$$data        c_w.l(lc_numeric_c.o)
    0x0800a460   0x00000110   Data   RO          815    locale$$data        c_w.l(lc_ctype_c.o)


    Execution Region RW_IRAM1 (Base: 0x20000000, Size: 0x00005648, Max: 0x00020000, ABSOLUTE, COMPRESSED[0x00000118])

    Base Addr    Size         Type   Attr      Idx    E Section Name        Object

    0x20000000   0x00000240   Data   RW          117    .data               download_data.o
    0x20000240   0x00000008   Data   RW          202    .data               main.o
    0x20000248   0x00000010   Data   RW          343    .data               stm32f4xx_rcc.o
    0x20000258   0x00000014   Data   RW          425    .data               system_stm32f4xx.o
    0x2000026c   0x0000008a   Data   RW          452    .data               waijung_hwdrvlib.o
    0x200002f6   0x00000002   PAD
    0x200002f8   0x00000230   Zero   RW            4    .bss                download.o
    0x20000528   0x000010c0   Zero   RW          451    .bss                waijung_hwdrvlib.o
    0x200015e8   0x00000060   Zero   RW          744    .bss                c_w.l(libspace.o)
    0x20001648   0x00002000   Zero   RW          477    HEAP                startup_stm32f4xx.o
    0x20003648   0x00002000   Zero   RW          476    STACK               startup_stm32f4xx.o


==============================================================================

Image component sizes


      Code (inc. data)   RO Data    RW Data    ZI Data      Debug   Object Name

     10904        614        264          0        560     289043   download.o
         0          0          0        576          0       7277   download_data.o
       294          0          0          0          0       9194   guidance_system.o
       880         12          0          0          0        871   imu.o
       152         22          0          8          0      27649   main.o
        64         26        392          0      16384        808   startup_stm32f4xx.o
       936         32          0          0          0       6237   stm32f4xx_dma.o
       604         36          0          0          0       4001   stm32f4xx_gpio.o
        56          4          0          0          0       1258   stm32f4xx_it.o
      1416         48          0         16          0      10871   stm32f4xx_rcc.o
      3234         60          0          0          0      22236   stm32f4xx_tim.o
      1050         26          0          0          0       7712   stm32f4xx_usart.o
       528         46          0         20          0       1775   system_stm32f4xx.o
      4972        352          0        138       4288      24823   waijung_hwdrvlib.o

    ----------------------------------------------------------------------
     25096       1278        688        760      21232     413755   Object Totals
         0          0         32          0          0          0   (incl. Generated)
         6          0          0          2          0          0   (incl. Padding)

    ----------------------------------------------------------------------

      Code (inc. data)   RO Data    RW Data    ZI Data      Debug   Library Member Name

        60          8          0          0          0         84   __0sscanf.o
        90          0          0          0          0          0   __dczerorl2.o
         8          0          0          0          0         68   __main.o
       104          0          0          0          0         84   __printf.o
        14          0          0          0          0         68   __printf_wp.o
        52          8          0          0          0          0   __scatter.o
        28          0          0          0          0          0   __scatter_zi.o
        28          0          0          0          0         68   _chval.o
        48          6          0          0          0         96   _printf_char_common.o
       116         16          0          0          0         92   _printf_dec.o
         6          0          0          0          0          0   _printf_f.o
      1046          0          0          0          0        216   _printf_fp_dec.o
       128         16          0          0          0         84   _printf_fp_infnan.o
       178          0          0          0          0         88   _printf_intcommon.o
         0          0          0          0          0          0   _printf_percent.o
         4          0          0          0          0          0   _printf_percent_end.o
         6          0          0          0          0          0   _printf_u.o
        22          0          0          0          0        100   _rserrno.o
       876          4          0          0          0        100   _scanf.o
       332          0          0          0          0         96   _scanf_int.o
        64          0          0          0          0         84   _sgetc.o
        10          0          0          0          0         68   _sputc.o
       216          4        148          0          0         96   bigflt0.o
      2074        132          0          0          0        940   btod.o
        12          0          0          0          0         72   exit.o
         6          0          0          0          0        152   heapauxi.o
         0          0          0          0          0          0   indicate_semi.o
        18          0          0          0          0         76   isspace.o
        44         10        272          0          0         76   lc_ctype_c.o
        44         10         28          0          0         76   lc_numeric_c.o
         2          0          0          0          0          0   libinit.o
        34          0          0          0          0          0   libinit2.o
         2          0          0          0          0          0   libshutdown.o
         2          0          0          0          0          0   libshutdown2.o
         8          4          0          0         96         68   libspace.o
        38          0          0          0          0         68   llshl.o
       138          0          0          0          0         80   lludiv10.o
        40          6          0          0          0         84   noretval__2sprintf.o
        16          4          0          0          0         76   rt_ctype_table.o
         8          4          0          0          0         68   rt_errno_addr_intlibspace.o
         8          4          0          0          0         68   rt_locale_intlibspace.o
        78          0          0          0          0         80   rt_memclr_w.o
       138          0          0          0          0         68   rt_memcpy_v6.o
       100          0          0          0          0         80   rt_memcpy_w.o
         0          0          0          0          0          0   rtentry.o
        12          0          0          0          0          0   rtentry2.o
         6          0          0          0          0          0   rtentry4.o
         2          0          0          0          0          0   rtexit.o
        10          0          0          0          0          0   rtexit2.o
        44          8          0          0          0         84   scanf_char.o
      1188         12          0          0          0        148   scanf_fp.o
       792         14          0          0          0        100   scanf_hexfp.o
       308         16          0          0          0        100   scanf_infnan.o
       128          0          0          0          0         68   strcmpv7m.o
        62          0          0          0          0         76   strlen.o
       150          0          0          0          0         80   strncmp.o
        12          4          0          0          0         68   sys_exit.o
        74          0          0          0          0         80   sys_stackheap_outer.o
         2          0          0          0          0         68   use_no_semi.o
        24          0          0          0          0        164   basic.o
        98          4          0          0          0        140   d2f.o
       826         16          0          0          0        492   daddsub_clz.o
        16          4          0          0          0        116   dcheck1.o
        24          0          0          0          0        116   dcmpi.o
       688        140          0          0          0        256   ddiv.o
       120          4          0          0          0        140   deqf.o
        94          4          0          0          0        140   dfix.o
        90          4          0          0          0        140   dfixu.o
        84          0          0          0          0        232   dflt_clz.o
       120          4          0          0          0        140   dleqf.o
       340         12          0          0          0        152   dmul.o
       156          4          0          0          0        140   dnaninf.o
        12          0          0          0          0        116   dretinf.o
       108          0          0          0          0        128   drleqf.o
       408         56          0          0          0        168   dsqrt_umaal.o
        86          4          0          0          0        132   f2d.o
       140          4          0          0          0        132   fnaninf.o
         0          0          8          0          0          0   fpconst.o
        10          0          0          0          0        116   fpinit.o
        10          0          0          0          0        116   fretinf.o
         4          0          0          0          0        116   printf1.o
       100          0          0          0          0        116   retnan.o
        92          0          0          0          0        116   scalbn.o
         4          0          0          0          0        116   scanf1.o
         8          0          0          0          0        132   scanf2.o
        48          0          0          0          0        116   trapv.o
         0          0          0          0          0          0   usenofp.o
       216         16          0          0          0        152   cos.o
       368         46         48          0          0        200   cos_i.o
        32          8          0          0          0        124   dunder.o
        44          0          0          0          0        248   fabs.o
        48          0          0          0          0        124   fpclassify.o
       140         22          0          0          0        132   frexp.o
       244         16          0          0          0        308   ldexp.o
       184         18          0          0          0        152   narrow.o
       248          0          0          0          0        152   poly.o
      1080        142        200          0          0        188   rred.o
       304         24         40          0          0        208   sin_i.o
       122          0          0          0          0        148   sqrt.o

    ----------------------------------------------------------------------
     15824        844        744          0         96      10620   Library Totals
        48          2          0          0          0          0   (incl. Padding)

    ----------------------------------------------------------------------

      Code (inc. data)   RO Data    RW Data    ZI Data      Debug   Library Name

      9036        290        448          0         96       4496   c_w.l
      3710        260          8          0          0       3988   fz_wm.l
      3030        292        288          0          0       2136   m_wm.l

    ----------------------------------------------------------------------
     15824        844        744          0         96      10620   Library Totals

    ----------------------------------------------------------------------

==============================================================================


      Code (inc. data)   RO Data    RW Data    ZI Data      Debug   

     40920       2122       1432        760      21328     414927   Grand Totals
     40920       2122       1432        280      21328     414927   ELF Image Totals (compressed)
     40920       2122       1432        280          0          0   ROM Totals

==============================================================================

    Total RO  Size (Code + RO Data)                42352 (  41.36kB)
    Total RW  Size (RW Data + ZI Data)             22088 (  21.57kB)
    Total ROM Size (Code + RO Data + RW Data)      42632 (  41.63kB)

==============================================================================

