 download_sfun

 Timestamp is 575545b8 (Mon Jun 06 17:43:20 2016)

 Preferred load address is 10000000

 Start         Length     Name                   Class
 0001:00000000 0004f954H .text                   CODE
 0002:00000000 00000240H .idata$5                DATA
 0002:00000240 00000004H .CRT$XCA                DATA
 0002:00000244 00000004H .CRT$XCZ                DATA
 0002:00000248 00000004H .CRT$XIA                DATA
 0002:0000024c 00000004H .CRT$XIAA               DATA
 0002:00000250 00000004H .CRT$XIC                DATA
 0002:00000254 00000004H .CRT$XIZ                DATA
 0002:00000258 00000898H .rdata                  DATA
 0002:00000af0 00000004H .rdata$sxdata           DATA
 0002:00000af4 00000004H .rtc$IAA                DATA
 0002:00000af8 00000004H .rtc$IZZ                DATA
 0002:00000afc 00000004H .rtc$TAA                DATA
 0002:00000b00 00000004H .rtc$TZZ                DATA
 0002:00000b08 00000064H .xdata$x                DATA
 0002:00000b6c 0000008cH .idata$2                DATA
 0002:00000bf8 00000014H .idata$3                DATA
 0002:00000c0c 00000240H .idata$4                DATA
 0002:00000e4c 00000c66H .idata$6                DATA
 0002:00001ac0 00000053H .edata                  DATA
 0003:00000000 000252c0H .data                   DATA
 0003:000252c0 00000508H .bss                    DATA

  Address         Publics by Value              Rva+Base       Lib:Object

 0000:00000000       __except_list              00000000     <absolute>
 0000:00000001       ___safe_se_handler_count   00000001     <absolute>
 0000:00009876       __fltused                  00009876     <absolute>
 0000:00009876       __ldused                   00009876     <absolute>
 0000:00000000       ___ImageBase               10000000     <linker-defined>
 0001:00000000       _download_initializer      10001000 f   download_sfun.obj
 0001:00000010       _download_terminator       10001010 f   download_sfun.obj
 0001:00000020       _sf_download_method_dispatcher 10001020 f   download_sfun.obj
 0001:000001d0       _sf_download_process_check_sum_call 100011d0 f   download_sfun.obj
 0001:00000690       _sf_download_autoinheritance_info 10001690 f   download_sfun.obj
 0001:00000aa0       _sf_download_get_eml_resolved_functions_info 10001aa0 f   download_sfun.obj
 0001:00000de0       _sf_download_third_party_uses_info 10001de0 f   download_sfun.obj
 0001:00001120       _sf_download_updateBuildInfo_args_info 10002120 f   download_sfun.obj
 0001:00001460       _download_debug_initialize 10002460 f   download_sfun.obj
 0001:000014c0       _download_register_exported_symbols 100024c0 f   download_sfun.obj
 0001:000014d0       _load_download_optimization_info 100024d0 f   download_sfun.obj
 0001:00001510       _unload_download_optimization_info 10002510 f   download_sfun.obj
 0001:00001540       _sf_c1_download_get_eml_resolved_functions_info 10002540 f   c1_download.obj
 0001:00002390       _sf_c1_download_get_check_sum 10003390 f   c1_download.obj
 0001:000023f0       _sf_c1_download_get_autoinheritance_info 100033f0 f   c1_download.obj
 0001:00002700       _sf_c1_download_third_party_uses_info 10003700 f   c1_download.obj
 0001:00002720       _sf_c1_download_updateBuildInfo_args_info 10003720 f   c1_download.obj
 0001:00002740       _sf_internal_get_sim_state_c1_download 10003740 f   c1_download.obj
 0001:000029e0       _sf_internal_set_sim_state_c1_download 100039e0 f   c1_download.obj
 0001:00002cd0       _c1_download_method_dispatcher 10003cd0 f   c1_download.obj
 0001:000041a0       _sf_c2_download_get_eml_resolved_functions_info 100051a0 f   c2_download.obj
 0001:00004ff0       _sf_c2_download_get_check_sum 10005ff0 f   c2_download.obj
 0001:00005050       _sf_c2_download_get_autoinheritance_info 10006050 f   c2_download.obj
 0001:00005360       _sf_c2_download_third_party_uses_info 10006360 f   c2_download.obj
 0001:00005380       _sf_c2_download_updateBuildInfo_args_info 10006380 f   c2_download.obj
 0001:000053a0       _sf_internal_get_sim_state_c2_download 100063a0 f   c2_download.obj
 0001:00005640       _sf_internal_set_sim_state_c2_download 10006640 f   c2_download.obj
 0001:00005930       _c2_download_method_dispatcher 10006930 f   c2_download.obj
 0001:00006e10       _sf_c3_download_get_eml_resolved_functions_info 10007e10 f   c3_download.obj
 0001:0001a1f0       _sf_c3_download_get_check_sum 1001b1f0 f   c3_download.obj
 0001:0001a250       _sf_c3_download_get_autoinheritance_info 1001b250 f   c3_download.obj
 0001:0001a570       _sf_c3_download_third_party_uses_info 1001b570 f   c3_download.obj
 0001:0001a590       _sf_c3_download_updateBuildInfo_args_info 1001b590 f   c3_download.obj
 0001:0001a5b0       _sf_internal_get_sim_state_c3_download 1001b5b0 f   c3_download.obj
 0001:0001a880       _sf_internal_set_sim_state_c3_download 1001b880 f   c3_download.obj
 0001:0001abe0       _c3_download_method_dispatcher 1001bbe0 f   c3_download.obj
 0001:0001d2f0       _sf_c4_download_get_eml_resolved_functions_info 1001e2f0 f   c4_download.obj
 0001:0001e140       _sf_c4_download_get_check_sum 1001f140 f   c4_download.obj
 0001:0001e1a0       _sf_c4_download_get_autoinheritance_info 1001f1a0 f   c4_download.obj
 0001:0001e4b0       _sf_c4_download_third_party_uses_info 1001f4b0 f   c4_download.obj
 0001:0001e4d0       _sf_c4_download_updateBuildInfo_args_info 1001f4d0 f   c4_download.obj
 0001:0001e4f0       _sf_internal_get_sim_state_c4_download 1001f4f0 f   c4_download.obj
 0001:0001e790       _sf_internal_set_sim_state_c4_download 1001f790 f   c4_download.obj
 0001:0001ea80       _c4_download_method_dispatcher 1001fa80 f   c4_download.obj
 0001:0001ff50       _sf_c5_download_get_eml_resolved_functions_info 10020f50 f   c5_download.obj
 0001:00021340       _sf_c5_download_get_check_sum 10022340 f   c5_download.obj
 0001:000213a0       _sf_c5_download_get_autoinheritance_info 100223a0 f   c5_download.obj
 0001:000216c0       _sf_c5_download_third_party_uses_info 100226c0 f   c5_download.obj
 0001:000216e0       _sf_c5_download_updateBuildInfo_args_info 100226e0 f   c5_download.obj
 0001:00021700       _sf_internal_get_sim_state_c5_download 10022700 f   c5_download.obj
 0001:000219d0       _sf_internal_set_sim_state_c5_download 100229d0 f   c5_download.obj
 0001:00021d30       _c5_download_method_dispatcher 10022d30 f   c5_download.obj
 0001:000235c0       _sf_c6_download_get_eml_resolved_functions_info 100245c0 f   c6_download.obj
 0001:00023610       _sf_c6_download_get_check_sum 10024610 f   c6_download.obj
 0001:00023670       _sf_c6_download_get_autoinheritance_info 10024670 f   c6_download.obj
 0001:00023a70       _sf_c6_download_third_party_uses_info 10024a70 f   c6_download.obj
 0001:00023a90       _sf_c6_download_updateBuildInfo_args_info 10024a90 f   c6_download.obj
 0001:00023ab0       _sf_internal_get_sim_state_c6_download 10024ab0 f   c6_download.obj
 0001:00023d50       _sf_internal_set_sim_state_c6_download 10024d50 f   c6_download.obj
 0001:00024040       _c6_download_method_dispatcher 10025040 f   c6_download.obj
 0001:00025610       _sf_c7_download_get_eml_resolved_functions_info 10026610 f   c7_download.obj
 0001:00025660       _sf_c7_download_get_check_sum 10026660 f   c7_download.obj
 0001:000256c0       _sf_c7_download_get_autoinheritance_info 100266c0 f   c7_download.obj
 0001:00025bd0       _sf_c7_download_third_party_uses_info 10026bd0 f   c7_download.obj
 0001:00025bf0       _sf_c7_download_updateBuildInfo_args_info 10026bf0 f   c7_download.obj
 0001:00025c10       _sf_internal_get_sim_state_c7_download 10026c10 f   c7_download.obj
 0001:00026050       _sf_internal_set_sim_state_c7_download 10027050 f   c7_download.obj
 0001:00026580       _c7_download_method_dispatcher 10027580 f   c7_download.obj
 0001:00028a60       _sf_c8_download_get_eml_resolved_functions_info 10029a60 f   c8_download.obj
 0001:000298b0       _sf_c8_download_get_check_sum 1002a8b0 f   c8_download.obj
 0001:00029910       _sf_c8_download_get_autoinheritance_info 1002a910 f   c8_download.obj
 0001:00029c20       _sf_c8_download_third_party_uses_info 1002ac20 f   c8_download.obj
 0001:00029c40       _sf_c8_download_updateBuildInfo_args_info 1002ac40 f   c8_download.obj
 0001:00029c60       _sf_internal_get_sim_state_c8_download 1002ac60 f   c8_download.obj
 0001:00029f00       _sf_internal_set_sim_state_c8_download 1002af00 f   c8_download.obj
 0001:0002a1f0       _c8_download_method_dispatcher 1002b1f0 f   c8_download.obj
 0001:0002b6d0       _sf_c9_download_get_eml_resolved_functions_info 1002c6d0 f   c9_download.obj
 0001:0003f0f0       _sf_c9_download_get_check_sum 100400f0 f   c9_download.obj
 0001:0003f150       _sf_c9_download_get_autoinheritance_info 10040150 f   c9_download.obj
 0001:0003f470       _sf_c9_download_third_party_uses_info 10040470 f   c9_download.obj
 0001:0003f490       _sf_c9_download_updateBuildInfo_args_info 10040490 f   c9_download.obj
 0001:0003f4b0       _sf_internal_get_sim_state_c9_download 100404b0 f   c9_download.obj
 0001:0003f780       _sf_internal_set_sim_state_c9_download 10040780 f   c9_download.obj
 0001:0003fae0       _c9_download_method_dispatcher 10040ae0 f   c9_download.obj
 0001:00042260       _sf_c10_download_get_eml_resolved_functions_info 10043260 f   c10_download.obj
 0001:000422b0       _sf_c10_download_get_check_sum 100432b0 f   c10_download.obj
 0001:00042310       _sf_c10_download_get_autoinheritance_info 10043310 f   c10_download.obj
 0001:00042710       _sf_c10_download_third_party_uses_info 10043710 f   c10_download.obj
 0001:00042730       _sf_c10_download_updateBuildInfo_args_info 10043730 f   c10_download.obj
 0001:00042750       _sf_internal_get_sim_state_c10_download 10043750 f   c10_download.obj
 0001:00042a90       _sf_internal_set_sim_state_c10_download 10043a90 f   c10_download.obj
 0001:00042e80       _c10_download_method_dispatcher 10043e80 f   c10_download.obj
 0001:00044a70       _sf_c11_download_get_eml_resolved_functions_info 10045a70 f   c11_download.obj
 0001:00045130       _sf_c11_download_get_check_sum 10046130 f   c11_download.obj
 0001:00045190       _sf_c11_download_get_autoinheritance_info 10046190 f   c11_download.obj
 0001:00045590       _sf_c11_download_third_party_uses_info 10046590 f   c11_download.obj
 0001:000455b0       _sf_c11_download_updateBuildInfo_args_info 100465b0 f   c11_download.obj
 0001:000455d0       _sf_internal_get_sim_state_c11_download 100465d0 f   c11_download.obj
 0001:00045870       _sf_internal_set_sim_state_c11_download 10046870 f   c11_download.obj
 0001:00045b60       _c11_download_method_dispatcher 10046b60 f   c11_download.obj
 0001:00047510       _sf_c24_download_get_eml_resolved_functions_info 10048510 f   c24_download.obj
 0001:00047560       _sf_c24_download_get_check_sum 10048560 f   c24_download.obj
 0001:000475c0       _sf_c24_download_get_autoinheritance_info 100485c0 f   c24_download.obj
 0001:000479c0       _sf_c24_download_third_party_uses_info 100489c0 f   c24_download.obj
 0001:000479e0       _sf_c24_download_updateBuildInfo_args_info 100489e0 f   c24_download.obj
 0001:00047a00       _sf_internal_get_sim_state_c24_download 10048a00 f   c24_download.obj
 0001:00047dd0       _sf_internal_set_sim_state_c24_download 10048dd0 f   c24_download.obj
 0001:000482c0       _c24_download_method_dispatcher 100492c0 f   c24_download.obj
 0001:0004a130       _sf_process_check_sum_call 1004b130 f   download_sfun_registry.obj
 0001:0004a160       _sf_process_autoinheritance_call 1004b160 f   download_sfun_registry.obj
 0001:0004a2a0       _sf_process_get_third_party_uses_info_call 1004b2a0 f   download_sfun_registry.obj
 0001:0004a3e0       _sf_process_get_updateBuildInfo_args_info_call 1004b3e0 f   download_sfun_registry.obj
 0001:0004a520       _sf_process_get_eml_resolved_functions_info_call 1004b520 f   download_sfun_registry.obj
 0001:0004a640       _sf_mex_unlock_call        1004b640 f   download_sfun_registry.obj
 0001:0004a6d0       _sf_machine_global_initializer_called 1004b6d0 f   download_sfun_registry.obj
 0001:0004a6f0       _sf_machine_global_method_dispatcher 1004b6f0 f   download_sfun_registry.obj
 0001:0004a730       _sf_machine_global_terminator 1004b730 f   download_sfun_registry.obj
 0001:0004a770       _sf_register_machine_exported_symbols 1004b770 f   download_sfun_registry.obj
 0001:0004a790       _callCustomFcn             1004b790 f   download_sfun_registry.obj
 0001:0004a7a0       _sf_machine_global_initializer 1004b7a0 f   download_sfun_registry.obj
 0001:0004a810       _mdlGetSimState            1004b810 f   download_sfun_registry.obj
 0001:0004a870       _mdlSetSimState            1004b870 f   download_sfun_registry.obj
 0001:0004a8a0       __ssSetStateAbsTol         1004b8a0 f   download_sfun_registry.obj
 0001:0004a940       __ssGetAbsTol              1004b940 f   download_sfun_registry.obj
 0001:0004a990       __ssSetInputPortMatrixDimensions 1004b990 f   download_sfun_registry.obj
 0001:0004aa40       __ssSetOutputPortMatrixDimensions 1004ba40 f   download_sfun_registry.obj
 0001:0004aaf0       __ssSetInputPortVectorDimension 1004baf0 f   download_sfun_registry.obj
 0001:0004ab70       __ssSetOutputPortVectorDimension 1004bb70 f   download_sfun_registry.obj
 0001:0004abf0       _ssIsRunTimeParamTunable   1004bbf0 f   download_sfun_registry.obj
 0001:0004ac50       _ssGetSFuncBlockHandle     1004bc50 f   download_sfun_registry.obj
 0001:0004aca0       __ssGetCurrentInputPortWidth 1004bca0 f   download_sfun_registry.obj
 0001:0004ad70       __ssGetCurrentOutputPortWidth 1004bd70 f   download_sfun_registry.obj
 0001:0004ae40       __ssGetCallSystemNumFcnCallDestinations 1004be40 f   download_sfun_registry.obj
 0001:0004aea0       _ssWarning                 1004bea0 f   download_sfun_registry.obj
 0001:0004af80       _ssGetIsZeroCrossControlDisabled 1004bf80 f   download_sfun_registry.obj
 0001:0004afe0       _ssSetIsInputPortUsedForContZcSignal 1004bfe0 f   download_sfun_registry.obj
 0001:0004b030       _ssSetZcSignalIsZcElementDisc 1004c030 f   download_sfun_registry.obj
 0001:0004b0b0       _ssSetZcSignalName         1004c0b0 f   download_sfun_registry.obj
 0001:0004b100       _ssSetZcSignalWidth        1004c100 f   download_sfun_registry.obj
 0001:0004b150       _ssSetZcSignalZcEventType  1004c150 f   download_sfun_registry.obj
 0001:0004b1a0       _ssSetZcSignalType         1004c1a0 f   download_sfun_registry.obj
 0001:0004b1f0       _ssSetZcSignalZcTol        1004c1f0 f   download_sfun_registry.obj
 0001:0004b240       _ssSetZcSignalNeedsEventNotification 1004c240 f   download_sfun_registry.obj
 0001:0004b290       _ssCreateAndAddZcSignalInfo 1004c290 f   download_sfun_registry.obj
 0001:0004b2f0       _ssCloneAndAddZcSignalInfo 1004c2f0 f   download_sfun_registry.obj
 0001:0004b350       _ssGetNumZcSignals         1004c350 f   download_sfun_registry.obj
 0001:0004b3b0       _ssGetZcSignalVector       1004c3b0 f   download_sfun_registry.obj
 0001:0004b410       _ssGetZcSignalZcEvents     1004c410 f   download_sfun_registry.obj
 0001:0004b470       _ssGetZcSignalName         1004c470 f   download_sfun_registry.obj
 0001:0004b4d0       _ssGetZcSignalWidth        1004c4d0 f   download_sfun_registry.obj
 0001:0004b530       _ssGetZcSignalZcEventType  1004c530 f   download_sfun_registry.obj
 0001:0004b590       _ssGetZcSignalType         1004c590 f   download_sfun_registry.obj
 0001:0004b5f0       _ssGetZcSignalZcTol        1004c5f0 f   download_sfun_registry.obj
 0001:0004b650       _ssGetZcSignalNeedsEventNotification 1004c650 f   download_sfun_registry.obj
 0001:0004b6b0       _ssGetZcSignalIsZcElementDisc 1004c6b0 f   download_sfun_registry.obj
 0001:0004b730       _ssGetIsInputPortElementContinuous 1004c730 f   download_sfun_registry.obj
 0001:0004b7b0       __ssGetInputPortSignalPtrsFcn 1004c7b0 f   download_sfun_registry.obj
 0001:0004b9b0       __ssGetInputPortSignalFcn  1004c9b0 f   download_sfun_registry.obj
 0001:0004bb40       __ssSetInputPortDirectFeedThroughFcn 1004cb40 f   download_sfun_registry.obj
 0001:0004bc70       __ssSetInputPortReusableFcn 1004cc70 f   download_sfun_registry.obj
 0001:0004bd00       __ssSetOutputPortReusableFcn 1004cd00 f   download_sfun_registry.obj
 0001:0004bd90       _ssGetDTypeIdFromMxArray   1004cd90 f   download_sfun_registry.obj
 0001:0004be80       _ssWriteRTWStr             1004ce80 f   download_sfun_registry.obj
 0001:0004bec0       _ssWriteRTWMxVectParam     1004cec0 f   download_sfun_registry.obj
 0001:0004bf00       _ssWriteRTWMx2dMatParam    1004cf00 f   download_sfun_registry.obj
 0001:0004bf40       _ssWriteRTWNameValuePair   1004cf40 f   download_sfun_registry.obj
 0001:0004c2b0       _ssWriteRTWParameters      1004d2b0 f   download_sfun_registry.obj
 0001:0004c650       _ssWriteRTWParamSettings   1004d650 f   download_sfun_registry.obj
 0001:0004cb00       _ssWriteRTWWorkVect        1004db00 f   download_sfun_registry.obj
 0001:0004ce90       _mexFunction               1004de90 f   download_sfun_registry.obj
 0001:0004ebe0       _ProcessMexSfunctionEveryCall 1004fbe0 f   download_sfun_registry.obj
 0001:0004ecfe       _sf_debug_set_machine_data_thresholds 1004fcfe f   sf_runtime:sf_runtime.dll
 0001:0004ed04       _sf_debug_set_machine_event_thresholds 1004fd04 f   sf_runtime:sf_runtime.dll
 0001:0004ed0a       _sf_debug_initialize_machine 1004fd0a f   sf_runtime:sf_runtime.dll
 0001:0004ed10       _sf_load_rtw_optimization_info 1004fd10 f   sf_runtime:sf_runtime.dll
 0001:0004ed16       _sf_mex_emlrtNameCapturePostProcessR2012a 1004fd16 f   sf_runtime:sf_runtime.dll
 0001:0004ed1c       _sf_mex_assign             1004fd1c f   sf_runtime:sf_runtime.dll
 0001:0004ed22       _sf_mex_createstruct       1004fd22 f   sf_runtime:sf_runtime.dll
 0001:0004ed28       _sf_mex_destroy            1004fd28 f   sf_runtime:sf_runtime.dll
 0001:0004ed2e       _sf_mex_duplicatearraysafe 1004fd2e f   sf_runtime:sf_runtime.dll
 0001:0004ed34       _sf_mex_createcellmatrix   1004fd34 f   sf_runtime:sf_runtime.dll
 0001:0004ed3a       _sf_mex_addfield           1004fd3a f   sf_runtime:sf_runtime.dll
 0001:0004ed40       _sf_mex_create             1004fd40 f   sf_runtime:sf_runtime.dll
 0001:0004ed46       _sf_mex_error_message      1004fd46 f   sf_runtime:sf_runtime.dll
 0001:0004ed4c       _sf_mex_call_matlab        1004fd4c f   sf_runtime:sf_runtime.dll
 0001:0004ed52       _sf_mex_setcell            1004fd52 f   sf_runtime:sf_runtime.dll
 0001:0004ed58       _sf_mex_decode_encoded_mx_struct_array 1004fd58 f   sf_runtime:sf_runtime.dll
 0001:0004ed5e       _sf_mex_getcell            1004fd5e f   sf_runtime:sf_runtime.dll
 0001:0004ed64       _sf_mex_dup                1004fd64 f   sf_runtime:sf_runtime.dll
 0001:0004ed6a       _sf_mex_import             1004fd6a f   sf_runtime:sf_runtime.dll
 0001:0004ed70       _sf_set_rtw_dwork_info     1004fd70 f   sf_runtime:sf_runtime.dll
 0001:0004ed76       _sf_mark_chart_reusable_outputs 1004fd76 f   sf_runtime:sf_runtime.dll
 0001:0004ed7c       _sf_mark_chart_expressionable_inputs 1004fd7c f   sf_runtime:sf_runtime.dll
 0001:0004ed82       _sf_update_buildInfo       1004fd82 f   sf_runtime:sf_runtime.dll
 0001:0004ed88       _sf_rtw_info_uint_prop     1004fd88 f   sf_runtime:sf_runtime.dll
 0001:0004ed8e       _sf_is_chart_inlinable     1004fd8e f   sf_runtime:sf_runtime.dll
 0001:0004ed94       _sim_mode_is_external      1004fd94 f   sf_runtime:sf_runtime.dll
 0001:0004ed9a       _sim_mode_is_rtw_gen       1004fd9a f   sf_runtime:sf_runtime.dll
 0001:0004eda0       _sf_debug_reset_current_state_configuration 1004fda0 f   sf_runtime:sf_runtime.dll
 0001:0004eda6       _sf_debug_set_instance_data_value_ptr 1004fda6 f   sf_runtime:sf_runtime.dll
 0001:0004edac       _sf_debug_set_chart_data_compiled_props 1004fdac f   sf_runtime:sf_runtime.dll
 0001:0004edb2       _cv_eml_init_mcdc          1004fdb2 f   sf_runtime:sf_runtime.dll
 0001:0004edb8       _cv_eml_init_if            1004fdb8 f   sf_runtime:sf_runtime.dll
 0001:0004edbe       _cv_eml_init_fcn           1004fdbe f   sf_runtime:sf_runtime.dll
 0001:0004edc4       _cv_eml_init_script        1004fdc4 f   sf_runtime:sf_runtime.dll
 0001:0004edca       _sf_debug_cv_init_trans    1004fdca f   sf_runtime:sf_runtime.dll
 0001:0004edd0       _sf_debug_cv_init_state    1004fdd0 f   sf_runtime:sf_runtime.dll
 0001:0004edd6       _sf_debug_cv_init_chart    1004fdd6 f   sf_runtime:sf_runtime.dll
 0001:0004eddc       _sf_debug_set_chart_decomposition 1004fddc f   sf_runtime:sf_runtime.dll
 0001:0004ede2       _sf_debug_set_chart_substate_count 1004fde2 f   sf_runtime:sf_runtime.dll
 0001:0004ede8       _sf_debug_set_chart_state_info 1004fde8 f   sf_runtime:sf_runtime.dll
 0001:0004edee       _sf_debug_set_chart_data_props 1004fdee f   sf_runtime:sf_runtime.dll
 0001:0004edf4       _sf_debug_set_chart_event_thresholds 1004fdf4 f   sf_runtime:sf_runtime.dll
 0001:0004edfa       _sf_debug_set_chart_disable_implicit_casting 1004fdfa f   sf_runtime:sf_runtime.dll
 0001:0004ee00       _sf_debug_initialize_chart 1004fe00 f   sf_runtime:sf_runtime.dll
 0001:0004ee06       _sf_get_time               1004fe06 f   sf_runtime:sf_runtime.dll
 0001:0004ee0c       _sf_debug_check_for_state_inconsistency 1004fe0c f   sf_runtime:sf_runtime.dll
 0001:0004ee12       _sf_debug_symbol_scope_pop 1004fe12 f   sf_runtime:sf_runtime.dll
 0001:0004ee18       _eml_debug_line_call       1004fe18 f   sf_runtime:sf_runtime.dll
 0001:0004ee1e       _cv_eml_eval               1004fe1e f   sf_runtime:sf_runtime.dll
 0001:0004ee24       _sf_debug_symbol_scope_add_eml 1004fe24 f   sf_runtime:sf_runtime.dll
 0001:0004ee2a       _sf_debug_symbol_scope_add_eml_importable 1004fe2a f   sf_runtime:sf_runtime.dll
 0001:0004ee30       _sf_debug_symbol_scope_push_eml 1004fe30 f   sf_runtime:sf_runtime.dll
 0001:0004ee36       _sf_debug_data_range_wrapper 1004fe36 f   sf_runtime:sf_runtime.dll
 0001:0004ee3c       _sf_debug_call             1004fe3c f   sf_runtime:sf_runtime.dll
 0001:0004ee42       _sf_debug_symbol_scope_push 1004fe42 f   sf_runtime:sf_runtime.dll
 0001:0004ee48       _sf_clear_rtw_identifier   1004fe48 f   sf_runtime:sf_runtime.dll
 0001:0004ee4e       _sf_mex_call_debug         1004fe4e f   sf_runtime:sf_runtime.dll
 0001:0004ee54       _sf_debug_eml_data_array_bounds_error_check 1004fe54 f   sf_runtime:sf_runtime.dll
 0001:0004ee5a       _sf_debug_integer_check    1004fe5a f   sf_runtime:sf_runtime.dll
 0001:0004ee60       _sf_debug_terminate        1004fe60 f   sf_runtime:sf_runtime.dll
 0001:0004ee66       _sf_debug_create_debug_instance_struct 1004fe66 f   sf_runtime:sf_runtime.dll
 0001:0004ee6c       _sf_debug_api              1004fe6c f   sf_runtime:sf_runtime.dll
 0001:0004ee72       _callMdlMethodAndReportError 1004fe72 f   sf_runtime:sf_runtime.dll
 0001:0004ee78       _call_sf_machine_global_method_dispatcher 1004fe78 f   sf_runtime:sf_runtime.dll
 0001:0004ee7e       _sf_clear_error_manager_info 1004fe7e f   sf_runtime:sf_runtime.dll
 0001:0004ee84       _sf_mex_error_direct_call  1004fe84 f   sf_runtime:sf_runtime.dll
 0001:0004ee8a       _mxGetScalar               1004fe8a f   libmx:libmx.dll
 0001:0004ee90       _mxGetPr                   1004fe90 f   libmx:libmx.dll
 0001:0004ee96       _mxCreateDoubleMatrix_730  1004fe96 f   libmx:libmx.dll
 0001:0004ee9c       _mxGetString_730           1004fe9c f   libmx:libmx.dll
 0001:0004eea2       _mxIsChar                  1004fea2 f   libmx:libmx.dll
 0001:0004eea8       _mxDestroyArray            1004fea8 f   libmx:libmx.dll
 0001:0004eeae       _mxDuplicateArray          1004feae f   libmx:libmx.dll
 0001:0004eeb4       _mxCreateDoubleScalar      1004feb4 f   libmx:libmx.dll
 0001:0004eeba       _mxSetField_730            1004feba f   libmx:libmx.dll
 0001:0004eec0       _mxCreateString            1004fec0 f   libmx:libmx.dll
 0001:0004eec6       _mxCreateStructMatrix_730  1004fec6 f   libmx:libmx.dll
 0001:0004eecc       _mxCreateCellMatrix_730    1004fecc f   libmx:libmx.dll
 0001:0004eed2       _mxGetNaN                  1004fed2 f   libmx:libmx.dll
 0001:0004eed8       _mxIsEmpty                 1004fed8 f   libmx:libmx.dll
 0001:0004eede       _mxGetClassID              1004fede f   libmx:libmx.dll
 0001:0004eee4       _mxIsNumeric               1004fee4 f   libmx:libmx.dll
 0001:0004eeea       _mxIsComplex               1004feea f   libmx:libmx.dll
 0001:0004eef0       _mxGetN                    1004fef0 f   libmx:libmx.dll
 0001:0004eef6       _mxGetM                    1004fef6 f   libmx:libmx.dll
 0001:0004eefc       _mxCalloc                  1004fefc f   libmx:libmx.dll
 0001:0004ef02       _mexMakeArrayPersistent    1004ff02 f   libmex:libmex.dll
 0001:0004ef08       _mexUnlock                 1004ff08 f   libmex:libmex.dll
 0001:0004ef0e       _mexIsLocked               1004ff0e f   libmex:libmex.dll
 0001:0004ef14       _mexWarnMsgTxt             1004ff14 f   libmex:libmex.dll
 0001:0004ef1a       _mexCallMATLAB             1004ff1a f   libmex:libmex.dll
 0001:0004ef20       _mexErrMsgTxt              1004ff20 f   libmex:libmex.dll
 0001:0004ef26       _mexLock                   1004ff26 f   libmex:libmex.dll
 0001:0004ef2c       _utMalloc                  1004ff2c f   libut:libut.dll
 0001:0004ef32       _utFree                    1004ff32 f   libut:libut.dll
 0001:0004ef38       _muDoubleScalarIsNaN       1004ff38 f   libmwmathutil:libmwmathutil.dll
 0001:0004ef3e       _muDoubleScalarAbs         1004ff3e f   libmwmathutil:libmwmathutil.dll
 0001:0004ef44       _muDoubleScalarSqrt        1004ff44 f   libmwmathutil:libmwmathutil.dll
 0001:0004ef4a       _muSingleScalarAbs         1004ff4a f   libmwmathutil:libmwmathutil.dll
 0001:0004ef50       _strcmp                    1004ff50 f   MSVCRT:MSVCR100.dll
 0001:0004ef60       @__security_check_cookie@4 1004ff60 f   MSVCRT:secchk.obj
 0001:0004ef70       _strlen                    1004ff70 f   MSVCRT:MSVCR100.dll
 0001:0004ef76       _memset                    1004ff76 f   MSVCRT:MSVCR100.dll
 0001:0004ef80       __ftol2_sse                1004ff80 f   MSVCRT:ftol2.obj
 0001:0004ef89       __ftol2_pentium4           1004ff89 f   MSVCRT:ftol2.obj
 0001:0004ef9c       __ftol2_sse_excpt          1004ff9c f   MSVCRT:ftol2.obj
 0001:0004efb6       __ftol2                    1004ffb6 f   MSVCRT:ftol2.obj
 0001:0004f02c       _free                      1005002c f   MSVCRT:MSVCR100.dll
 0001:0004f032       _sprintf                   10050032 f   MSVCRT:MSVCR100.dll
 0001:0004f038       _malloc                    10050038 f   MSVCRT:MSVCR100.dll
 0001:0004f03e       _strcat                    1005003e f   MSVCRT:MSVCR100.dll
 0001:0004f044       _memcpy                    10050044 f   MSVCRT:MSVCR100.dll
 0001:0004f04a       _NtCurrentTeb              1005004a f i MSVCRT:crtdll.obj
 0001:0004f09f       __CRT_INIT@12              1005009f f   MSVCRT:crtdll.obj
 0001:0004f3bf       __DllMainCRTStartup@12     100503bf f   MSVCRT:crtdll.obj
 0001:0004f3e2       ___report_gsfailure        100503e2 f   MSVCRT:gs_report.obj
 0001:0004f4e8       ___sse2_available_init     100504e8 f   MSVCRT:cpu_disp.obj
 0001:0004f4f8       ___clean_type_info_names   100504f8 f   MSVCRT:tncleanup.obj
 0001:0004f504       __onexit                   10050504 f   MSVCRT:atonexit.obj
 0001:0004f5a5       _atexit                    100505a5 f   MSVCRT:atonexit.obj
 0001:0004f5bc       __RTC_Initialize           100505bc f   MSVCRT:_initsect_.obj
 0001:0004f5e2       __RTC_Terminate            100505e2 f   MSVCRT:_initsect_.obj
 0001:0004f608       __malloc_crt               10050608 f   MSVCRT:MSVCR100.dll
 0001:0004f60e       __encoded_null             1005060e f   MSVCRT:MSVCR100.dll
 0001:0004f620       __ValidateImageBase        10050620 f   MSVCRT:pesect.obj
 0001:0004f660       __FindPESection            10050660 f   MSVCRT:pesect.obj
 0001:0004f6b0       __IsNonwritableInCurrentImage 100506b0 f   MSVCRT:pesect.obj
 0001:0004f76c       __initterm                 1005076c f   MSVCRT:MSVCR100.dll
 0001:0004f772       __initterm_e               10050772 f   MSVCRT:MSVCR100.dll
 0001:0004f778       __amsg_exit                10050778 f   MSVCRT:MSVCR100.dll
 0001:0004f77e       ___CppXcptFilter           1005077e f   MSVCRT:MSVCR100.dll
 0001:0004f784       _DllMain@12                10050784 f   MSVCRT:dllmain.obj
 0001:0004f7b0       __SEH_prolog4              100507b0 f   MSVCRT:sehprolg4.obj
 0001:0004f7f5       __SEH_epilog4              100507f5 f   MSVCRT:sehprolg4.obj
 0001:0004f809       __except_handler4          10050809 f   MSVCRT:chandler4gs.obj
 0001:0004f82e       ___security_init_cookie    1005082e f   MSVCRT:gs_support.obj
 0001:0004f8ca       __crt_debugger_hook        100508ca f   MSVCRT:MSVCR100.dll
 0001:0004f8d0       ___clean_type_info_names_internal 100508d0 f   MSVCRT:MSVCR100.dll
 0001:0004f8d6       __unlock                   100508d6 f   MSVCRT:MSVCR100.dll
 0001:0004f8dc       ___dllonexit               100508dc f   MSVCRT:MSVCR100.dll
 0001:0004f8e2       __lock                     100508e2 f   MSVCRT:MSVCR100.dll
 0001:0004f8e8       __except_handler4_common   100508e8 f   MSVCRT:MSVCR100.dll
 0001:0004f8ee       _EncodePointer@4           100508ee f   kernel32:KERNEL32.dll
 0001:0004f8f4       _DecodePointer@4           100508f4 f   kernel32:KERNEL32.dll
 0001:0004f8fa       _InterlockedExchange@8     100508fa f   kernel32:KERNEL32.dll
 0001:0004f900       _Sleep@4                   10050900 f   kernel32:KERNEL32.dll
 0001:0004f906       _InterlockedCompareExchange@12 10050906 f   kernel32:KERNEL32.dll
 0001:0004f90c       _TerminateProcess@8        1005090c f   kernel32:KERNEL32.dll
 0001:0004f912       _GetCurrentProcess@0       10050912 f   kernel32:KERNEL32.dll
 0001:0004f918       _UnhandledExceptionFilter@4 10050918 f   kernel32:KERNEL32.dll
 0001:0004f91e       _SetUnhandledExceptionFilter@4 1005091e f   kernel32:KERNEL32.dll
 0001:0004f924       _IsDebuggerPresent@0       10050924 f   kernel32:KERNEL32.dll
 0001:0004f92a       _IsProcessorFeaturePresent@4 1005092a f   kernel32:KERNEL32.dll
 0001:0004f930       _DisableThreadLibraryCalls@4 10050930 f   kernel32:KERNEL32.dll
 0001:0004f936       _QueryPerformanceCounter@4 10050936 f   kernel32:KERNEL32.dll
 0001:0004f93c       _GetTickCount@0            1005093c f   kernel32:KERNEL32.dll
 0001:0004f942       _GetCurrentThreadId@0      10050942 f   kernel32:KERNEL32.dll
 0001:0004f948       _GetCurrentProcessId@0     10050948 f   kernel32:KERNEL32.dll
 0001:0004f94e       _GetSystemTimeAsFileTime@4 1005094e f   kernel32:KERNEL32.dll
 0002:00000000       __imp__GetSystemTimeAsFileTime@4 10051000     kernel32:KERNEL32.dll
 0002:00000004       __imp__GetCurrentProcessId@0 10051004     kernel32:KERNEL32.dll
 0002:00000008       __imp__GetCurrentThreadId@0 10051008     kernel32:KERNEL32.dll
 0002:0000000c       __imp__GetTickCount@0      1005100c     kernel32:KERNEL32.dll
 0002:00000010       __imp__QueryPerformanceCounter@4 10051010     kernel32:KERNEL32.dll
 0002:00000014       __imp__DisableThreadLibraryCalls@4 10051014     kernel32:KERNEL32.dll
 0002:00000018       __imp__IsProcessorFeaturePresent@4 10051018     kernel32:KERNEL32.dll
 0002:0000001c       __imp__IsDebuggerPresent@0 1005101c     kernel32:KERNEL32.dll
 0002:00000020       __imp__SetUnhandledExceptionFilter@4 10051020     kernel32:KERNEL32.dll
 0002:00000024       __imp__UnhandledExceptionFilter@4 10051024     kernel32:KERNEL32.dll
 0002:00000028       __imp__GetCurrentProcess@0 10051028     kernel32:KERNEL32.dll
 0002:0000002c       __imp__TerminateProcess@8  1005102c     kernel32:KERNEL32.dll
 0002:00000030       __imp__InterlockedCompareExchange@12 10051030     kernel32:KERNEL32.dll
 0002:00000034       __imp__Sleep@4             10051034     kernel32:KERNEL32.dll
 0002:00000038       __imp__InterlockedExchange@8 10051038     kernel32:KERNEL32.dll
 0002:0000003c       __imp__DecodePointer@4     1005103c     kernel32:KERNEL32.dll
 0002:00000040       __imp__EncodePointer@4     10051040     kernel32:KERNEL32.dll
 0002:00000044       \177KERNEL32_NULL_THUNK_DATA 10051044     kernel32:KERNEL32.dll
 0002:00000048       __imp___except_handler4_common 10051048     MSVCRT:MSVCR100.dll
 0002:0000004c       __imp___onexit             1005104c     MSVCRT:MSVCR100.dll
 0002:00000050       __imp___lock               10051050     MSVCRT:MSVCR100.dll
 0002:00000054       __imp____dllonexit         10051054     MSVCRT:MSVCR100.dll
 0002:00000058       __imp___unlock             10051058     MSVCRT:MSVCR100.dll
 0002:0000005c       __imp____clean_type_info_names_internal 1005105c     MSVCRT:MSVCR100.dll
 0002:00000060       __imp___crt_debugger_hook  10051060     MSVCRT:MSVCR100.dll
 0002:00000064       __imp____CppXcptFilter     10051064     MSVCRT:MSVCR100.dll
 0002:00000068       __imp___amsg_exit          10051068     MSVCRT:MSVCR100.dll
 0002:0000006c       __imp___initterm_e         1005106c     MSVCRT:MSVCR100.dll
 0002:00000070       __imp___initterm           10051070     MSVCRT:MSVCR100.dll
 0002:00000074       __imp___encoded_null       10051074     MSVCRT:MSVCR100.dll
 0002:00000078       __imp___malloc_crt         10051078     MSVCRT:MSVCR100.dll
 0002:0000007c       __imp__memcpy              1005107c     MSVCRT:MSVCR100.dll
 0002:00000080       __imp__strcat              10051080     MSVCRT:MSVCR100.dll
 0002:00000084       __imp__malloc              10051084     MSVCRT:MSVCR100.dll
 0002:00000088       __imp__sprintf             10051088     MSVCRT:MSVCR100.dll
 0002:0000008c       __imp__free                1005108c     MSVCRT:MSVCR100.dll
 0002:00000090       __imp__memset              10051090     MSVCRT:MSVCR100.dll
 0002:00000094       __imp__strlen              10051094     MSVCRT:MSVCR100.dll
 0002:00000098       __imp__strcmp              10051098     MSVCRT:MSVCR100.dll
 0002:0000009c       \177MSVCR100_NULL_THUNK_DATA 1005109c     MSVCRT:MSVCR100.dll
 0002:000000a0       __imp__mexLock             100510a0     libmex:libmex.dll
 0002:000000a4       __imp__mexUnlock           100510a4     libmex:libmex.dll
 0002:000000a8       __imp__mexIsLocked         100510a8     libmex:libmex.dll
 0002:000000ac       __imp__mexWarnMsgTxt       100510ac     libmex:libmex.dll
 0002:000000b0       __imp__mexCallMATLAB       100510b0     libmex:libmex.dll
 0002:000000b4       __imp__mexMakeArrayPersistent 100510b4     libmex:libmex.dll
 0002:000000b8       __imp__mexErrMsgTxt        100510b8     libmex:libmex.dll
 0002:000000bc       \177libmex_NULL_THUNK_DATA 100510bc     libmex:libmex.dll
 0002:000000c0       __imp__muDoubleScalarAbs   100510c0     libmwmathutil:libmwmathutil.dll
 0002:000000c4       __imp__muDoubleScalarSqrt  100510c4     libmwmathutil:libmwmathutil.dll
 0002:000000c8       __imp__muSingleScalarAbs   100510c8     libmwmathutil:libmwmathutil.dll
 0002:000000cc       __imp__muDoubleScalarIsNaN 100510cc     libmwmathutil:libmwmathutil.dll
 0002:000000d0       \177libmwmathutil_NULL_THUNK_DATA 100510d0     libmwmathutil:libmwmathutil.dll
 0002:000000d4       __imp__mxCalloc            100510d4     libmx:libmx.dll
 0002:000000d8       __imp__mxGetM              100510d8     libmx:libmx.dll
 0002:000000dc       __imp__mxGetN              100510dc     libmx:libmx.dll
 0002:000000e0       __imp__mxIsComplex         100510e0     libmx:libmx.dll
 0002:000000e4       __imp__mxIsNumeric         100510e4     libmx:libmx.dll
 0002:000000e8       __imp__mxGetClassID        100510e8     libmx:libmx.dll
 0002:000000ec       __imp__mxIsEmpty           100510ec     libmx:libmx.dll
 0002:000000f0       __imp__mxGetNaN            100510f0     libmx:libmx.dll
 0002:000000f4       __imp__mxCreateCellMatrix_730 100510f4     libmx:libmx.dll
 0002:000000f8       __imp__mxCreateStructMatrix_730 100510f8     libmx:libmx.dll
 0002:000000fc       __imp__mxCreateString      100510fc     libmx:libmx.dll
 0002:00000100       __imp__mxSetField_730      10051100     libmx:libmx.dll
 0002:00000104       __imp__mxCreateDoubleScalar 10051104     libmx:libmx.dll
 0002:00000108       __imp__mxGetScalar         10051108     libmx:libmx.dll
 0002:0000010c       __imp__mxGetPr             1005110c     libmx:libmx.dll
 0002:00000110       __imp__mxCreateDoubleMatrix_730 10051110     libmx:libmx.dll
 0002:00000114       __imp__mxGetString_730     10051114     libmx:libmx.dll
 0002:00000118       __imp__mxIsChar            10051118     libmx:libmx.dll
 0002:0000011c       __imp__mxDestroyArray      1005111c     libmx:libmx.dll
 0002:00000120       __imp__mxDuplicateArray    10051120     libmx:libmx.dll
 0002:00000124       \177libmx_NULL_THUNK_DATA  10051124     libmx:libmx.dll
 0002:00000128       __imp__utMalloc            10051128     libut:libut.dll
 0002:0000012c       __imp__utFree              1005112c     libut:libut.dll
 0002:00000130       \177libut_NULL_THUNK_DATA  10051130     libut:libut.dll
 0002:00000134       __imp__call_sf_machine_global_method_dispatcher 10051134     sf_runtime:sf_runtime.dll
 0002:00000138       __imp__callMdlMethodAndReportError 10051138     sf_runtime:sf_runtime.dll
 0002:0000013c       __imp__sf_debug_api        1005113c     sf_runtime:sf_runtime.dll
 0002:00000140       __imp__sf_debug_create_debug_instance_struct 10051140     sf_runtime:sf_runtime.dll
 0002:00000144       __imp__sf_debug_terminate  10051144     sf_runtime:sf_runtime.dll
 0002:00000148       __imp__sf_debug_integer_check 10051148     sf_runtime:sf_runtime.dll
 0002:0000014c       __imp__sf_debug_eml_data_array_bounds_error_check 1005114c     sf_runtime:sf_runtime.dll
 0002:00000150       __imp__sf_mex_call_debug   10051150     sf_runtime:sf_runtime.dll
 0002:00000154       __imp__sf_clear_rtw_identifier 10051154     sf_runtime:sf_runtime.dll
 0002:00000158       __imp__sf_clear_error_manager_info 10051158     sf_runtime:sf_runtime.dll
 0002:0000015c       __imp__sf_debug_call       1005115c     sf_runtime:sf_runtime.dll
 0002:00000160       __imp__sf_debug_data_range_wrapper 10051160     sf_runtime:sf_runtime.dll
 0002:00000164       __imp__sf_debug_symbol_scope_push_eml 10051164     sf_runtime:sf_runtime.dll
 0002:00000168       __imp__sf_debug_symbol_scope_add_eml_importable 10051168     sf_runtime:sf_runtime.dll
 0002:0000016c       __imp__sf_debug_symbol_scope_add_eml 1005116c     sf_runtime:sf_runtime.dll
 0002:00000170       __imp__cv_eml_eval         10051170     sf_runtime:sf_runtime.dll
 0002:00000174       __imp__eml_debug_line_call 10051174     sf_runtime:sf_runtime.dll
 0002:00000178       __imp__sf_debug_symbol_scope_pop 10051178     sf_runtime:sf_runtime.dll
 0002:0000017c       __imp__sf_debug_check_for_state_inconsistency 1005117c     sf_runtime:sf_runtime.dll
 0002:00000180       __imp__sf_mex_error_direct_call 10051180     sf_runtime:sf_runtime.dll
 0002:00000184       __imp__sf_debug_symbol_scope_push 10051184     sf_runtime:sf_runtime.dll
 0002:00000188       __imp__sf_get_time         10051188     sf_runtime:sf_runtime.dll
 0002:0000018c       __imp__sf_debug_initialize_chart 1005118c     sf_runtime:sf_runtime.dll
 0002:00000190       __imp__sf_debug_set_chart_disable_implicit_casting 10051190     sf_runtime:sf_runtime.dll
 0002:00000194       __imp__sf_debug_set_chart_event_thresholds 10051194     sf_runtime:sf_runtime.dll
 0002:00000198       __imp__sf_debug_set_chart_data_props 10051198     sf_runtime:sf_runtime.dll
 0002:0000019c       __imp__sf_debug_set_chart_state_info 1005119c     sf_runtime:sf_runtime.dll
 0002:000001a0       __imp__sf_debug_set_chart_substate_count 100511a0     sf_runtime:sf_runtime.dll
 0002:000001a4       __imp__sf_debug_set_chart_decomposition 100511a4     sf_runtime:sf_runtime.dll
 0002:000001a8       __imp__sf_debug_cv_init_chart 100511a8     sf_runtime:sf_runtime.dll
 0002:000001ac       __imp__sf_debug_cv_init_state 100511ac     sf_runtime:sf_runtime.dll
 0002:000001b0       __imp__sf_debug_cv_init_trans 100511b0     sf_runtime:sf_runtime.dll
 0002:000001b4       __imp__cv_eml_init_script  100511b4     sf_runtime:sf_runtime.dll
 0002:000001b8       __imp__cv_eml_init_fcn     100511b8     sf_runtime:sf_runtime.dll
 0002:000001bc       __imp__cv_eml_init_if      100511bc     sf_runtime:sf_runtime.dll
 0002:000001c0       __imp__cv_eml_init_mcdc    100511c0     sf_runtime:sf_runtime.dll
 0002:000001c4       __imp__sf_debug_set_chart_data_compiled_props 100511c4     sf_runtime:sf_runtime.dll
 0002:000001c8       __imp__sf_debug_set_instance_data_value_ptr 100511c8     sf_runtime:sf_runtime.dll
 0002:000001cc       __imp__sf_debug_reset_current_state_configuration 100511cc     sf_runtime:sf_runtime.dll
 0002:000001d0       __imp__sim_mode_is_rtw_gen 100511d0     sf_runtime:sf_runtime.dll
 0002:000001d4       __imp__sim_mode_is_external 100511d4     sf_runtime:sf_runtime.dll
 0002:000001d8       __imp__sf_is_chart_inlinable 100511d8     sf_runtime:sf_runtime.dll
 0002:000001dc       __imp__sf_rtw_info_uint_prop 100511dc     sf_runtime:sf_runtime.dll
 0002:000001e0       __imp__sf_update_buildInfo 100511e0     sf_runtime:sf_runtime.dll
 0002:000001e4       __imp__sf_mark_chart_expressionable_inputs 100511e4     sf_runtime:sf_runtime.dll
 0002:000001e8       __imp__sf_mark_chart_reusable_outputs 100511e8     sf_runtime:sf_runtime.dll
 0002:000001ec       __imp__sf_set_rtw_dwork_info 100511ec     sf_runtime:sf_runtime.dll
 0002:000001f0       __imp__sf_mex_import       100511f0     sf_runtime:sf_runtime.dll
 0002:000001f4       __imp__sf_mex_dup          100511f4     sf_runtime:sf_runtime.dll
 0002:000001f8       __imp__sf_mex_getcell      100511f8     sf_runtime:sf_runtime.dll
 0002:000001fc       __imp__sf_mex_decode_encoded_mx_struct_array 100511fc     sf_runtime:sf_runtime.dll
 0002:00000200       __imp__sf_mex_setcell      10051200     sf_runtime:sf_runtime.dll
 0002:00000204       __imp__sf_mex_call_matlab  10051204     sf_runtime:sf_runtime.dll
 0002:00000208       __imp__sf_mex_error_message 10051208     sf_runtime:sf_runtime.dll
 0002:0000020c       __imp__sf_mex_create       1005120c     sf_runtime:sf_runtime.dll
 0002:00000210       __imp__sf_mex_addfield     10051210     sf_runtime:sf_runtime.dll
 0002:00000214       __imp__sf_mex_createcellmatrix 10051214     sf_runtime:sf_runtime.dll
 0002:00000218       __imp__sf_mex_duplicatearraysafe 10051218     sf_runtime:sf_runtime.dll
 0002:0000021c       __imp__sf_mex_destroy      1005121c     sf_runtime:sf_runtime.dll
 0002:00000220       __imp__sf_mex_createstruct 10051220     sf_runtime:sf_runtime.dll
 0002:00000224       __imp__sf_mex_assign       10051224     sf_runtime:sf_runtime.dll
 0002:00000228       __imp__sf_mex_emlrtNameCapturePostProcessR2012a 10051228     sf_runtime:sf_runtime.dll
 0002:0000022c       __imp__sf_load_rtw_optimization_info 1005122c     sf_runtime:sf_runtime.dll
 0002:00000230       __imp__sf_debug_initialize_machine 10051230     sf_runtime:sf_runtime.dll
 0002:00000234       __imp__sf_debug_set_machine_event_thresholds 10051234     sf_runtime:sf_runtime.dll
 0002:00000238       __imp__sf_debug_set_machine_data_thresholds 10051238     sf_runtime:sf_runtime.dll
 0002:0000023c       \177sf_runtime_NULL_THUNK_DATA 1005123c     sf_runtime:sf_runtime.dll
 0002:00000240       ___xc_a                    10051240     MSVCRT:cinitexe.obj
 0002:00000244       ___xc_z                    10051244     MSVCRT:cinitexe.obj
 0002:00000248       ___xi_a                    10051248     MSVCRT:cinitexe.obj
 0002:00000254       ___xi_z                    10051254     MSVCRT:cinitexe.obj
 0002:00000258       __real@41c797756b000000    10051258     download_sfun.obj
 0002:00000260       __real@41e8fa2b83200000    10051260     download_sfun.obj
 0002:00000268       __real@41d9b852d6c00000    10051268     download_sfun.obj
 0002:00000270       __real@41dbaa8a54400000    10051270     download_sfun.obj
 0002:00000278       __real@41d187d0c8400000    10051278     download_sfun.obj
 0002:00000280       __real@41cff744e8000000    10051280     download_sfun.obj
 0002:00000288       __real@41b7e1066f000000    10051288     download_sfun.obj
 0002:00000290       __real@41c845d7be800000    10051290     download_sfun.obj
 0002:00000298       __real@41ed297753400000    10051298     download_sfun.obj
 0002:000002a0       __real@41effaa308600000    100512a0     download_sfun.obj
 0002:000002a8       __real@41ea8d13f8200000    100512a8     download_sfun.obj
 0002:000002b0       __real@41e6989b10e00000    100512b0     download_sfun.obj
 0002:000002b8       __real@0000000000000000    100512b8     download_sfun.obj
 0002:000002c0       __real@41d934b74cc00000    100512c0     download_sfun.obj
 0002:000002c8       __real@41c021a91a800000    100512c8     download_sfun.obj
 0002:000002d0       __real@41c859047c800000    100512d0     download_sfun.obj
 0002:000002d8       __real@41dde99cc4000000    100512d8     download_sfun.obj
 0002:000002e0       __real@41eb415d32c00000    100512e0     c1_download.obj
 0002:000002e8       __real@41cdecf1e2800000    100512e8     c1_download.obj
 0002:000002f0       __real@41e7914b2a000000    100512f0     c1_download.obj
 0002:000002f8       __real@41eb829b11400000    100512f8     c1_download.obj
 0002:00000300       __real@4024000000000000    10051300     c1_download.obj
 0002:00000308       __real@3ff0000000000000    10051308     c1_download.obj
 0002:00000310       __real@3ff8000000000000    10051310     c1_download.obj
 0002:00000318       __real@4000cccccccccccd    10051318     c1_download.obj
 0002:00000320       __real@3fe999999999999a    10051320     c1_download.obj
 0002:00000328       __real@3fe851eb851eb852    10051328     c1_download.obj
 0002:00000330       __real@3ff6000000000000    10051330     c1_download.obj
 0002:00000338       __real@41e1de5f78c00000    10051338     c3_download.obj
 0002:00000340       __real@41d59336f7800000    10051340     c3_download.obj
 0002:00000348       __real@41eec119c8c00000    10051348     c3_download.obj
 0002:00000350       __real@41ef8d49a9400000    10051350     c3_download.obj
 0002:00000358       __real@4010000000000000    10051358     c3_download.obj
 0002:00000360       __real@4018000000000000    10051360     c3_download.obj
 0002:00000368       __real@402c000000000000    10051368     c3_download.obj
 0002:00000370       __real@3cb0000000000000    10051370     c3_download.obj
 0002:00000378       __real@3ea92a737110e454    10051378     c3_download.obj
 0002:00000380       __real@3ee26bc4478dcb3f    10051380     c3_download.obj
 0002:00000388       __real@41ea1c2c7bc00000    10051388     c4_download.obj
 0002:00000390       __real@41ec3d6139800000    10051390     c4_download.obj
 0002:00000398       __real@41e3be07dea00000    10051398     c4_download.obj
 0002:000003a0       __real@41812abde0000000    100513a0     c4_download.obj
 0002:000003a8       __real@41dea79db2c00000    100513a8     c5_download.obj
 0002:000003b0       __real@41d948a15a400000    100513b0     c5_download.obj
 0002:000003b8       __real@41c65f4f86800000    100513b8     c5_download.obj
 0002:000003c0       __real@41e9e02144a00000    100513c0     c5_download.obj
 0002:000003c8       __real@408c0ccccccccccc    100513c8     c5_download.obj
 0002:000003d0       __real@41ba8531ac000000    100513d0     c6_download.obj
 0002:000003d8       __real@41b5716e88000000    100513d8     c6_download.obj
 0002:000003e0       __real@41dfe45f06000000    100513e0     c6_download.obj
 0002:000003e8       __real@41e06c896d600000    100513e8     c6_download.obj
 0002:000003f0       __real@4022000000000000    100513f0     c6_download.obj
 0002:000003f8       __real@4014000000000000    100513f8     c6_download.obj
 0002:00000400       __real@3fd3333333333333    10051400     c6_download.obj
 0002:00000408       __real@4000000000000000    10051408     c6_download.obj
 0002:00000410       __real@41d021101f800000    10051410     c7_download.obj
 0002:00000418       __real@41de58afc5800000    10051418     c7_download.obj
 0002:00000420       __real@41da2bcc92400000    10051420     c7_download.obj
 0002:00000428       __real@41edb4f80a400000    10051428     c7_download.obj
 0002:00000430       __real@3fdccccccccccccd    10051430     c7_download.obj
 0002:00000438       __real@3fd6666666666666    10051438     c7_download.obj
 0002:00000440       __real@41d5c10e84c00000    10051440     c8_download.obj
 0002:00000448       __real@41efe3c988800000    10051448     c8_download.obj
 0002:00000450       __real@41d333034b800000    10051450     c8_download.obj
 0002:00000458       __real@41e541ab56e00000    10051458     c8_download.obj
 0002:00000460       __real@3fe8000000000000    10051460     c8_download.obj
 0002:00000468       __real@41e98c358b400000    10051468     c9_download.obj
 0002:00000470       __real@41eb9a1992600000    10051470     c9_download.obj
 0002:00000478       __real@41b1b30a7c000000    10051478     c9_download.obj
 0002:00000480       __real@41b881d69f000000    10051480     c9_download.obj
 0002:00000488       __real@41e1db1395000000    10051488     c10_download.obj
 0002:00000490       __real@41e5cf423a800000    10051490     c10_download.obj
 0002:00000498       __real@41de9e4c34000000    10051498     c10_download.obj
 0002:000004a0       __real@41eb824e13a00000    100514a0     c10_download.obj
 0002:000004a8       __real@4064000000000000    100514a8     c10_download.obj
 0002:000004b0       __real@c064000000000000    100514b0     c10_download.obj
 0002:000004b8       __real@3fb999999999999a    100514b8     c10_download.obj
 0002:000004c0       __real@41ecc665f4200000    100514c0     c11_download.obj
 0002:000004c8       __real@41c6db9715800000    100514c8     c11_download.obj
 0002:000004d0       __real@41e8f04446800000    100514d0     c11_download.obj
 0002:000004d8       __real@41dea312d5400000    100514d8     c11_download.obj
 0002:000004e0       __real@3fc70a3d70a3d70a    100514e0     c11_download.obj
 0002:000004e8       __real@41809f0e98000000    100514e8     c24_download.obj
 0002:000004f0       __real@41e2185642200000    100514f0     c24_download.obj
 0002:000004f8       __real@41e584e061600000    100514f8     c24_download.obj
 0002:00000500       __real@41e0077287800000    10051500     c24_download.obj
 0002:00000508       _DYNAMIC_DIMENSION_DEF     10051508     download_sfun_registry.obj
 0002:00000518       __ssBadLevel2InputAccessMsg 10051518     download_sfun_registry.obj
 0002:000006a0       __ssBadLevel2DirectFeedMsg 100516a0     download_sfun_registry.obj
 0002:000007e0       __ssBadLevel2DirectFeedSolutionMsg 100517e0     download_sfun_registry.obj
 0002:00000850       __ssBadLevel2ZeroDirectFeedMsg 10051850     download_sfun_registry.obj
 0002:00000990       __ssBadLevel2ZeroDirectFeedMsg2 10051990     download_sfun_registry.obj
 0002:00000a78       __real@bff0000000000000    10051a78     download_sfun_registry.obj
 0002:00000a80       __real@4153d65940000000    10051a80     download_sfun_registry.obj
 0002:00000a88       __pRawDllMain              10051a88     MSVCRT:crtdll.obj
 0002:00000a88       __pDefaultRawDllMain       10051a88     MSVCRT:crtdll.obj
 0002:00000a94       ?ProcessDetach@NativeDll@<CrtImplementationDetails>@@0IB 10051a94     MSVCRT:tncleanup.obj
 0002:00000a98       ?ProcessAttach@NativeDll@<CrtImplementationDetails>@@0IB 10051a98     MSVCRT:tncleanup.obj
 0002:00000a9c       ?ThreadAttach@NativeDll@<CrtImplementationDetails>@@0IB 10051a9c     MSVCRT:tncleanup.obj
 0002:00000aa0       ?ThreadDetach@NativeDll@<CrtImplementationDetails>@@0IB 10051aa0     MSVCRT:tncleanup.obj
 0002:00000aa4       ?ProcessVerifier@NativeDll@<CrtImplementationDetails>@@0IB 10051aa4     MSVCRT:tncleanup.obj
 0002:00000aa8       __load_config_used         10051aa8     MSVCRT:loadcfg.obj
 0002:00000af0       ___safe_se_handler_table   10051af0     <linker-defined>
 0002:00000af4       ___rtc_iaa                 10051af4     MSVCRT:_initsect_.obj
 0002:00000af8       ___rtc_izz                 10051af8     MSVCRT:_initsect_.obj
 0002:00000afc       ___rtc_taa                 10051afc     MSVCRT:_initsect_.obj
 0002:00000b00       ___rtc_tzz                 10051b00     MSVCRT:_initsect_.obj
 0002:00000b6c       __IMPORT_DESCRIPTOR_sf_runtime 10051b6c     sf_runtime:sf_runtime.dll
 0002:00000b80       __IMPORT_DESCRIPTOR_libmx  10051b80     libmx:libmx.dll
 0002:00000b94       __IMPORT_DESCRIPTOR_libmex 10051b94     libmex:libmex.dll
 0002:00000ba8       __IMPORT_DESCRIPTOR_libut  10051ba8     libut:libut.dll
 0002:00000bbc       __IMPORT_DESCRIPTOR_libmwmathutil 10051bbc     libmwmathutil:libmwmathutil.dll
 0002:00000bd0       __IMPORT_DESCRIPTOR_MSVCR100 10051bd0     MSVCRT:MSVCR100.dll
 0002:00000be4       __IMPORT_DESCRIPTOR_KERNEL32 10051be4     kernel32:KERNEL32.dll
 0002:00000bf8       __NULL_IMPORT_DESCRIPTOR   10051bf8     sf_runtime:sf_runtime.dll
 0003:00024718       _DYNAMIC_DIMENSION         10077718     download_sfun_registry.obj
 0003:000252a4       ___security_cookie         100782a4     MSVCRT:gs_cookie.obj
 0003:000252a8       ___security_cookie_complement 100782a8     MSVCRT:gs_cookie.obj
 0003:000252b0       ___native_dllmain_reason   100782b0     MSVCRT:natstart.obj
 0003:000252b4       ___native_vcclrit_reason   100782b4     MSVCRT:natstart.obj
 0003:00025470       _sfGlobalDebugInstanceStruct 10078470     download_sfun_registry.obj
 0003:000257a4       ?__type_info_root_node@@3U__type_info_node@@A 100787a4     MSVCRT:tncleanup.obj
 0003:000257ac       __downloadMachineNumber_   100787ac     <common>
 0003:000257b0       ___native_startup_state    100787b0     <common>
 0003:000257b4       ___native_startup_lock     100787b4     <common>
 0003:000257b8       ___onexitend               100787b8     <common>
 0003:000257bc       ___onexitbegin             100787bc     <common>
 0003:000257c0       ___sse2_available          100787c0     <common>
 0003:000257c4       ___dyn_tls_init_callback   100787c4     <common>

 entry point at        0001:0004f3bf

 Static symbols

 0001:000015a0       _c1_info_helper            100025a0 f   c1_download.obj
 0001:000022e0       _c1_emlrt_marshallOut      100032e0 f   c1_download.obj
 0001:00002340       _c1_b_emlrt_marshallOut    10003340 f   c1_download.obj
 0001:00002820       _get_sim_state_c1_download 10003820 f   c1_download.obj
 0001:00002940       _sf_get_sim_state_info_c1_download 10003940 f   c1_download.obj
 0001:00002ac0       _set_sim_state_c1_download 10003ac0 f   c1_download.obj
 0001:00002b80       _c1_update_debugger_state_c1_download 10003b80 f   c1_download.obj
 0001:00002b90       _c1_emlrt_marshallIn       10003b90 f   c1_download.obj
 0001:00002be0       _c1_b_emlrt_marshallIn     10003be0 f   c1_download.obj
 0001:00002c30       _c1_d_emlrt_marshallIn     10003c30 f   c1_download.obj
 0001:00002c80       _c1_e_emlrt_marshallIn     10003c80 f   c1_download.obj
 0001:00002d30       _mdlProcessParameters_c1_download 10003d30 f   c1_download.obj
 0001:00002de0       _initialize_params_c1_download 10003de0 f   c1_download.obj
 0001:00002df0       _mdlSetWorkWidths_c1_download 10003df0 f   c1_download.obj
 0001:00003170       _sf_get_instance_specialization 10004170 f   c1_download.obj
 0001:00003180       _mdlStart_c1_download      10004180 f   c1_download.obj
 0001:00003320       _init_dsm_address_info     10004320 f   c1_download.obj
 0001:00003330       _chart_debug_initialization 10004330 f   c1_download.obj
 0001:00003800       _init_script_number_translation 10004800 f   c1_download.obj
 0001:00003810       _c1_sf_marshallOut         10004810 f   c1_download.obj
 0001:00003890       _c1_sf_marshallIn          10004890 f   c1_download.obj
 0001:00003910       _sf_opaque_initialize_c1_download 10004910 f   c1_download.obj
 0001:00003940       _initialize_c1_download    10004940 f   c1_download.obj
 0001:00003970       _sf_opaque_enable_c1_download 10004970 f   c1_download.obj
 0001:00003990       _enable_c1_download        10004990 f   c1_download.obj
 0001:000039b0       _sf_opaque_disable_c1_download 100049b0 f   c1_download.obj
 0001:000039d0       _disable_c1_download       100049d0 f   c1_download.obj
 0001:000039f0       _sf_opaque_gateway_c1_download 100049f0 f   c1_download.obj
 0001:00003a10       _sf_gateway_c1_download    10004a10 f   c1_download.obj
 0001:00004060       _sf_opaque_get_sim_state_c1_download 10005060 f   c1_download.obj
 0001:00004080       _sf_opaque_set_sim_state_c1_download 10005080 f   c1_download.obj
 0001:000040a0       _sf_opaque_terminate_c1_download 100050a0 f   c1_download.obj
 0001:00004130       _finalize_c1_download      10005130 f   c1_download.obj
 0001:00004140       _sf_opaque_init_subchart_simstructs 10005140 f   c1_download.obj
 0001:00004160       _initSimStructsc1_download 10005160 f   c1_download.obj
 0001:00004170       _mdlRTW_c1_download        10005170 f   c1_download.obj
 0001:00004200       _c2_info_helper            10005200 f   c2_download.obj
 0001:00004f40       _c2_emlrt_marshallOut      10005f40 f   c2_download.obj
 0001:00004fa0       _c2_b_emlrt_marshallOut    10005fa0 f   c2_download.obj
 0001:00005480       _get_sim_state_c2_download 10006480 f   c2_download.obj
 0001:000055a0       _sf_get_sim_state_info_c2_download 100065a0 f   c2_download.obj
 0001:00005720       _set_sim_state_c2_download 10006720 f   c2_download.obj
 0001:000057e0       _c2_update_debugger_state_c2_download 100067e0 f   c2_download.obj
 0001:000057f0       _c2_emlrt_marshallIn       100067f0 f   c2_download.obj
 0001:00005840       _c2_b_emlrt_marshallIn     10006840 f   c2_download.obj
 0001:00005890       _c2_d_emlrt_marshallIn     10006890 f   c2_download.obj
 0001:000058e0       _c2_e_emlrt_marshallIn     100068e0 f   c2_download.obj
 0001:00005990       _mdlProcessParameters_c2_download 10006990 f   c2_download.obj
 0001:00005a40       _initialize_params_c2_download 10006a40 f   c2_download.obj
 0001:00005a50       _mdlSetWorkWidths_c2_download 10006a50 f   c2_download.obj
 0001:00005dd0       _sf_get_instance_specialization 10006dd0 f   c2_download.obj
 0001:00005de0       _mdlStart_c2_download      10006de0 f   c2_download.obj
 0001:00005f80       _init_dsm_address_info     10006f80 f   c2_download.obj
 0001:00005f90       _chart_debug_initialization 10006f90 f   c2_download.obj
 0001:00006460       _init_script_number_translation 10007460 f   c2_download.obj
 0001:00006470       _c2_sf_marshallOut         10007470 f   c2_download.obj
 0001:000064f0       _c2_sf_marshallIn          100074f0 f   c2_download.obj
 0001:00006570       _sf_opaque_initialize_c2_download 10007570 f   c2_download.obj
 0001:000065a0       _initialize_c2_download    100075a0 f   c2_download.obj
 0001:000065d0       _sf_opaque_enable_c2_download 100075d0 f   c2_download.obj
 0001:000065f0       _enable_c2_download        100075f0 f   c2_download.obj
 0001:00006610       _sf_opaque_disable_c2_download 10007610 f   c2_download.obj
 0001:00006630       _disable_c2_download       10007630 f   c2_download.obj
 0001:00006650       _sf_opaque_gateway_c2_download 10007650 f   c2_download.obj
 0001:00006670       _sf_gateway_c2_download    10007670 f   c2_download.obj
 0001:00006cc0       _sf_opaque_get_sim_state_c2_download 10007cc0 f   c2_download.obj
 0001:00006ce0       _sf_opaque_set_sim_state_c2_download 10007ce0 f   c2_download.obj
 0001:00006d00       _sf_opaque_terminate_c2_download 10007d00 f   c2_download.obj
 0001:00006d90       _finalize_c2_download      10007d90 f   c2_download.obj
 0001:00006da0       _sf_opaque_init_subchart_simstructs 10007da0 f   c2_download.obj
 0001:00006dc0       _initSimStructsc2_download 10007dc0 f   c2_download.obj
 0001:00006dd0       _mdlRTW_c2_download        10007dd0 f   c2_download.obj
 0001:00006e80       _c3_info_helper            10007e80 f   c3_download.obj
 0001:0000eb50       _c3_emlrt_marshallOut      1000fb50 f   c3_download.obj
 0001:0000ebb0       _c3_b_emlrt_marshallOut    1000fbb0 f   c3_download.obj
 0001:0000ec00       _c3_b_info_helper          1000fc00 f   c3_download.obj
 0001:000168d0       _c3_c_info_helper          100178d0 f   c3_download.obj
 0001:0001a690       _get_sim_state_c3_download 1001b690 f   c3_download.obj
 0001:0001a7e0       _sf_get_sim_state_info_c3_download 1001b7e0 f   c3_download.obj
 0001:0001a960       _set_sim_state_c3_download 1001b960 f   c3_download.obj
 0001:0001aa60       _c3_update_debugger_state_c3_download 1001ba60 f   c3_download.obj
 0001:0001aa70       _c3_emlrt_marshallIn       1001ba70 f   c3_download.obj
 0001:0001aac0       _c3_b_emlrt_marshallIn     1001bac0 f   c3_download.obj
 0001:0001ab40       _c3_h_emlrt_marshallIn     1001bb40 f   c3_download.obj
 0001:0001ab90       _c3_i_emlrt_marshallIn     1001bb90 f   c3_download.obj
 0001:0001ac40       _mdlProcessParameters_c3_download 1001bc40 f   c3_download.obj
 0001:0001acf0       _initialize_params_c3_download 1001bcf0 f   c3_download.obj
 0001:0001ad00       _mdlSetWorkWidths_c3_download 1001bd00 f   c3_download.obj
 0001:0001b080       _sf_get_instance_specialization 1001c080 f   c3_download.obj
 0001:0001b090       _mdlStart_c3_download      1001c090 f   c3_download.obj
 0001:0001b230       _init_dsm_address_info     1001c230 f   c3_download.obj
 0001:0001b240       _chart_debug_initialization 1001c240 f   c3_download.obj
 0001:0001b6a0       _init_script_number_translation 1001c6a0 f   c3_download.obj
 0001:0001b6b0       _c3_sf_marshallOut         1001c6b0 f   c3_download.obj
 0001:0001b790       _c3_sf_marshallIn          1001c790 f   c3_download.obj
 0001:0001b840       _sf_opaque_initialize_c3_download 1001c840 f   c3_download.obj
 0001:0001b870       _initialize_c3_download    1001c870 f   c3_download.obj
 0001:0001b8a0       _sf_opaque_enable_c3_download 1001c8a0 f   c3_download.obj
 0001:0001b8c0       _enable_c3_download        1001c8c0 f   c3_download.obj
 0001:0001b8e0       _sf_opaque_disable_c3_download 1001c8e0 f   c3_download.obj
 0001:0001b900       _disable_c3_download       1001c900 f   c3_download.obj
 0001:0001b920       _sf_opaque_gateway_c3_download 1001c920 f   c3_download.obj
 0001:0001b940       _sf_gateway_c3_download    1001c940 f   c3_download.obj
 0001:0001c760       _c3_b_sf_marshallOut       1001d760 f   c3_download.obj
 0001:0001c7e0       _c3_b_sf_marshallIn        1001d7e0 f   c3_download.obj
 0001:0001c860       _c3_c_emlrt_marshallIn     1001d860 f   c3_download.obj
 0001:0001c8b0       _c3_c_sf_marshallOut       1001d8b0 f   c3_download.obj
 0001:0001ca40       _c3_d_sf_marshallOut       1001da40 f   c3_download.obj
 0001:0001cb20       _c3_c_sf_marshallIn        1001db20 f   c3_download.obj
 0001:0001cbd0       _c3_d_emlrt_marshallIn     1001dbd0 f   c3_download.obj
 0001:0001cc60       _c3_eps                    1001dc60 f   c3_download.obj
 0001:0001cc70       _c3_norm                   1001dc70 f   c3_download.obj
 0001:0001ce50       _c3_eml_warning            1001de50 f   c3_download.obj
 0001:0001cf10       _c3_b_eml_warning          1001df10 f   c3_download.obj
 0001:0001d040       _c3_eml_scalar_eg          1001e040 f   c3_download.obj
 0001:0001d050       _c3_e_emlrt_marshallIn     1001e050 f   c3_download.obj
 0001:0001d0a0       _c3_f_emlrt_marshallIn     1001e0a0 f   c3_download.obj
 0001:0001d120       _c3_b_eml_xgemm            1001e120 f   c3_download.obj
 0001:0001d1b0       _sf_opaque_get_sim_state_c3_download 1001e1b0 f   c3_download.obj
 0001:0001d1d0       _sf_opaque_set_sim_state_c3_download 1001e1d0 f   c3_download.obj
 0001:0001d1f0       _sf_opaque_terminate_c3_download 1001e1f0 f   c3_download.obj
 0001:0001d280       _finalize_c3_download      1001e280 f   c3_download.obj
 0001:0001d290       _sf_opaque_init_subchart_simstructs 1001e290 f   c3_download.obj
 0001:0001d2b0       _initSimStructsc3_download 1001e2b0 f   c3_download.obj
 0001:0001d2c0       _mdlRTW_c3_download        1001e2c0 f   c3_download.obj
 0001:0001d350       _c4_info_helper            1001e350 f   c4_download.obj
 0001:0001e090       _c4_emlrt_marshallOut      1001f090 f   c4_download.obj
 0001:0001e0f0       _c4_b_emlrt_marshallOut    1001f0f0 f   c4_download.obj
 0001:0001e5d0       _get_sim_state_c4_download 1001f5d0 f   c4_download.obj
 0001:0001e6f0       _sf_get_sim_state_info_c4_download 1001f6f0 f   c4_download.obj
 0001:0001e870       _set_sim_state_c4_download 1001f870 f   c4_download.obj
 0001:0001e930       _c4_update_debugger_state_c4_download 1001f930 f   c4_download.obj
 0001:0001e940       _c4_emlrt_marshallIn       1001f940 f   c4_download.obj
 0001:0001e990       _c4_b_emlrt_marshallIn     1001f990 f   c4_download.obj
 0001:0001e9e0       _c4_d_emlrt_marshallIn     1001f9e0 f   c4_download.obj
 0001:0001ea30       _c4_e_emlrt_marshallIn     1001fa30 f   c4_download.obj
 0001:0001eae0       _mdlProcessParameters_c4_download 1001fae0 f   c4_download.obj
 0001:0001eb90       _initialize_params_c4_download 1001fb90 f   c4_download.obj
 0001:0001eba0       _mdlSetWorkWidths_c4_download 1001fba0 f   c4_download.obj
 0001:0001ef20       _sf_get_instance_specialization 1001ff20 f   c4_download.obj
 0001:0001ef30       _mdlStart_c4_download      1001ff30 f   c4_download.obj
 0001:0001f0d0       _init_dsm_address_info     100200d0 f   c4_download.obj
 0001:0001f0e0       _chart_debug_initialization 100200e0 f   c4_download.obj
 0001:0001f5b0       _init_script_number_translation 100205b0 f   c4_download.obj
 0001:0001f5c0       _c4_sf_marshallOut         100205c0 f   c4_download.obj
 0001:0001f640       _c4_sf_marshallIn          10020640 f   c4_download.obj
 0001:0001f6c0       _sf_opaque_initialize_c4_download 100206c0 f   c4_download.obj
 0001:0001f6f0       _initialize_c4_download    100206f0 f   c4_download.obj
 0001:0001f720       _sf_opaque_enable_c4_download 10020720 f   c4_download.obj
 0001:0001f740       _enable_c4_download        10020740 f   c4_download.obj
 0001:0001f760       _sf_opaque_disable_c4_download 10020760 f   c4_download.obj
 0001:0001f780       _disable_c4_download       10020780 f   c4_download.obj
 0001:0001f7a0       _sf_opaque_gateway_c4_download 100207a0 f   c4_download.obj
 0001:0001f7c0       _sf_gateway_c4_download    100207c0 f   c4_download.obj
 0001:0001fe10       _sf_opaque_get_sim_state_c4_download 10020e10 f   c4_download.obj
 0001:0001fe30       _sf_opaque_set_sim_state_c4_download 10020e30 f   c4_download.obj
 0001:0001fe50       _sf_opaque_terminate_c4_download 10020e50 f   c4_download.obj
 0001:0001fee0       _finalize_c4_download      10020ee0 f   c4_download.obj
 0001:0001fef0       _sf_opaque_init_subchart_simstructs 10020ef0 f   c4_download.obj
 0001:0001ff10       _initSimStructsc4_download 10020f10 f   c4_download.obj
 0001:0001ff20       _mdlRTW_c4_download        10020f20 f   c4_download.obj
 0001:0001ffb0       _c5_info_helper            10020fb0 f   c5_download.obj
 0001:00021290       _c5_emlrt_marshallOut      10022290 f   c5_download.obj
 0001:000212f0       _c5_b_emlrt_marshallOut    100222f0 f   c5_download.obj
 0001:000217e0       _get_sim_state_c5_download 100227e0 f   c5_download.obj
 0001:00021930       _sf_get_sim_state_info_c5_download 10022930 f   c5_download.obj
 0001:00021ab0       _set_sim_state_c5_download 10022ab0 f   c5_download.obj
 0001:00021bb0       _c5_update_debugger_state_c5_download 10022bb0 f   c5_download.obj
 0001:00021bc0       _c5_emlrt_marshallIn       10022bc0 f   c5_download.obj
 0001:00021c10       _c5_b_emlrt_marshallIn     10022c10 f   c5_download.obj
 0001:00021c90       _c5_e_emlrt_marshallIn     10022c90 f   c5_download.obj
 0001:00021ce0       _c5_f_emlrt_marshallIn     10022ce0 f   c5_download.obj
 0001:00021d90       _mdlProcessParameters_c5_download 10022d90 f   c5_download.obj
 0001:00021e40       _initialize_params_c5_download 10022e40 f   c5_download.obj
 0001:00021e50       _mdlSetWorkWidths_c5_download 10022e50 f   c5_download.obj
 0001:000221d0       _sf_get_instance_specialization 100231d0 f   c5_download.obj
 0001:000221e0       _mdlStart_c5_download      100231e0 f   c5_download.obj
 0001:00022380       _init_dsm_address_info     10023380 f   c5_download.obj
 0001:00022390       _chart_debug_initialization 10023390 f   c5_download.obj
 0001:000227f0       _init_script_number_translation 100237f0 f   c5_download.obj
 0001:00022800       _c5_sf_marshallOut         10023800 f   c5_download.obj
 0001:000228e0       _c5_sf_marshallIn          100238e0 f   c5_download.obj
 0001:00022990       _sf_opaque_initialize_c5_download 10023990 f   c5_download.obj
 0001:000229c0       _initialize_c5_download    100239c0 f   c5_download.obj
 0001:000229f0       _sf_opaque_enable_c5_download 100239f0 f   c5_download.obj
 0001:00022a10       _enable_c5_download        10023a10 f   c5_download.obj
 0001:00022a30       _sf_opaque_disable_c5_download 10023a30 f   c5_download.obj
 0001:00022a50       _disable_c5_download       10023a50 f   c5_download.obj
 0001:00022a70       _sf_opaque_gateway_c5_download 10023a70 f   c5_download.obj
 0001:00022a90       _sf_gateway_c5_download    10023a90 f   c5_download.obj
 0001:00023200       _c5_b_sf_marshallOut       10024200 f   c5_download.obj
 0001:00023280       _c5_b_sf_marshallIn        10024280 f   c5_download.obj
 0001:00023300       _c5_c_emlrt_marshallIn     10024300 f   c5_download.obj
 0001:00023350       _c5_eml_error              10024350 f   c5_download.obj
 0001:00023480       _sf_opaque_get_sim_state_c5_download 10024480 f   c5_download.obj
 0001:000234a0       _sf_opaque_set_sim_state_c5_download 100244a0 f   c5_download.obj
 0001:000234c0       _sf_opaque_terminate_c5_download 100244c0 f   c5_download.obj
 0001:00023550       _finalize_c5_download      10024550 f   c5_download.obj
 0001:00023560       _sf_opaque_init_subchart_simstructs 10024560 f   c5_download.obj
 0001:00023580       _initSimStructsc5_download 10024580 f   c5_download.obj
 0001:00023590       _mdlRTW_c5_download        10024590 f   c5_download.obj
 0001:00023b90       _get_sim_state_c6_download 10024b90 f   c6_download.obj
 0001:00023cb0       _sf_get_sim_state_info_c6_download 10024cb0 f   c6_download.obj
 0001:00023e30       _set_sim_state_c6_download 10024e30 f   c6_download.obj
 0001:00023ef0       _c6_update_debugger_state_c6_download 10024ef0 f   c6_download.obj
 0001:00023f00       _c6_emlrt_marshallIn       10024f00 f   c6_download.obj
 0001:00023f50       _c6_b_emlrt_marshallIn     10024f50 f   c6_download.obj
 0001:00023fa0       _c6_d_emlrt_marshallIn     10024fa0 f   c6_download.obj
 0001:00023ff0       _c6_e_emlrt_marshallIn     10024ff0 f   c6_download.obj
 0001:000240a0       _mdlProcessParameters_c6_download 100250a0 f   c6_download.obj
 0001:00024150       _initialize_params_c6_download 10025150 f   c6_download.obj
 0001:00024160       _mdlSetWorkWidths_c6_download 10025160 f   c6_download.obj
 0001:00024500       _sf_get_instance_specialization 10025500 f   c6_download.obj
 0001:00024510       _mdlStart_c6_download      10025510 f   c6_download.obj
 0001:000246b0       _init_dsm_address_info     100256b0 f   c6_download.obj
 0001:000246c0       _chart_debug_initialization 100256c0 f   c6_download.obj
 0001:00024c50       _init_script_number_translation 10025c50 f   c6_download.obj
 0001:00024c60       _c6_sf_marshallOut         10025c60 f   c6_download.obj
 0001:00024ce0       _c6_sf_marshallIn          10025ce0 f   c6_download.obj
 0001:00024d60       _c6_b_sf_marshallOut       10025d60 f   c6_download.obj
 0001:00024de0       _sf_opaque_initialize_c6_download 10025de0 f   c6_download.obj
 0001:00024e10       _initialize_c6_download    10025e10 f   c6_download.obj
 0001:00024e40       _sf_opaque_enable_c6_download 10025e40 f   c6_download.obj
 0001:00024e60       _enable_c6_download        10025e60 f   c6_download.obj
 0001:00024e80       _sf_opaque_disable_c6_download 10025e80 f   c6_download.obj
 0001:00024ea0       _disable_c6_download       10025ea0 f   c6_download.obj
 0001:00024ec0       _sf_opaque_gateway_c6_download 10025ec0 f   c6_download.obj
 0001:00024ee0       _sf_gateway_c6_download    10025ee0 f   c6_download.obj
 0001:000254d0       _sf_opaque_get_sim_state_c6_download 100264d0 f   c6_download.obj
 0001:000254f0       _sf_opaque_set_sim_state_c6_download 100264f0 f   c6_download.obj
 0001:00025510       _sf_opaque_terminate_c6_download 10026510 f   c6_download.obj
 0001:000255a0       _finalize_c6_download      100265a0 f   c6_download.obj
 0001:000255b0       _sf_opaque_init_subchart_simstructs 100265b0 f   c6_download.obj
 0001:000255d0       _initSimStructsc6_download 100265d0 f   c6_download.obj
 0001:000255e0       _mdlRTW_c6_download        100265e0 f   c6_download.obj
 0001:00025cf0       _get_sim_state_c7_download 10026cf0 f   c7_download.obj
 0001:00025fb0       _sf_get_sim_state_info_c7_download 10026fb0 f   c7_download.obj
 0001:00026130       _set_sim_state_c7_download 10027130 f   c7_download.obj
 0001:00026290       _c7_update_debugger_state_c7_download 10027290 f   c7_download.obj
 0001:000262a0       _c7_emlrt_marshallIn       100272a0 f   c7_download.obj
 0001:000262f0       _c7_b_emlrt_marshallIn     100272f0 f   c7_download.obj
 0001:00026370       _c7_c_emlrt_marshallIn     10027370 f   c7_download.obj
 0001:000263c0       _c7_d_emlrt_marshallIn     100273c0 f   c7_download.obj
 0001:00026440       _c7_e_emlrt_marshallIn     10027440 f   c7_download.obj
 0001:00026490       _c7_f_emlrt_marshallIn     10027490 f   c7_download.obj
 0001:000264e0       _c7_h_emlrt_marshallIn     100274e0 f   c7_download.obj
 0001:00026530       _c7_i_emlrt_marshallIn     10027530 f   c7_download.obj
 0001:000265e0       _mdlProcessParameters_c7_download 100275e0 f   c7_download.obj
 0001:00026690       _initialize_params_c7_download 10027690 f   c7_download.obj
 0001:000266a0       _mdlSetWorkWidths_c7_download 100276a0 f   c7_download.obj
 0001:00026a40       _sf_get_instance_specialization 10027a40 f   c7_download.obj
 0001:00026a50       _mdlStart_c7_download      10027a50 f   c7_download.obj
 0001:00026bf0       _init_dsm_address_info     10027bf0 f   c7_download.obj
 0001:00026c00       _chart_debug_initialization 10027c00 f   c7_download.obj
 0001:00027410       _init_script_number_translation 10028410 f   c7_download.obj
 0001:00027420       _c7_c_sf_marshallOut       10028420 f   c7_download.obj
 0001:000274a0       _c7_c_sf_marshallIn        100284a0 f   c7_download.obj
 0001:00027520       _sf_opaque_initialize_c7_download 10028520 f   c7_download.obj
 0001:00027550       _initialize_c7_download    10028550 f   c7_download.obj
 0001:000275a0       _sf_opaque_enable_c7_download 100285a0 f   c7_download.obj
 0001:000275c0       _enable_c7_download        100285c0 f   c7_download.obj
 0001:000275e0       _sf_opaque_disable_c7_download 100285e0 f   c7_download.obj
 0001:00027600       _disable_c7_download       10028600 f   c7_download.obj
 0001:00027620       _sf_opaque_gateway_c7_download 10028620 f   c7_download.obj
 0001:00027640       _sf_gateway_c7_download    10028640 f   c7_download.obj
 0001:000286c0       _c7_sf_marshallOut         100296c0 f   c7_download.obj
 0001:00028770       _c7_sf_marshallIn          10029770 f   c7_download.obj
 0001:000287f0       _c7_b_sf_marshallOut       100297f0 f   c7_download.obj
 0001:000288a0       _c7_b_sf_marshallIn        100298a0 f   c7_download.obj
 0001:00028920       _sf_opaque_get_sim_state_c7_download 10029920 f   c7_download.obj
 0001:00028940       _sf_opaque_set_sim_state_c7_download 10029940 f   c7_download.obj
 0001:00028960       _sf_opaque_terminate_c7_download 10029960 f   c7_download.obj
 0001:000289f0       _finalize_c7_download      100299f0 f   c7_download.obj
 0001:00028a00       _sf_opaque_init_subchart_simstructs 10029a00 f   c7_download.obj
 0001:00028a20       _initSimStructsc7_download 10029a20 f   c7_download.obj
 0001:00028a30       _mdlRTW_c7_download        10029a30 f   c7_download.obj
 0001:00028ac0       _c8_info_helper            10029ac0 f   c8_download.obj
 0001:00029800       _c8_emlrt_marshallOut      1002a800 f   c8_download.obj
 0001:00029860       _c8_b_emlrt_marshallOut    1002a860 f   c8_download.obj
 0001:00029d40       _get_sim_state_c8_download 1002ad40 f   c8_download.obj
 0001:00029e60       _sf_get_sim_state_info_c8_download 1002ae60 f   c8_download.obj
 0001:00029fe0       _set_sim_state_c8_download 1002afe0 f   c8_download.obj
 0001:0002a0a0       _c8_update_debugger_state_c8_download 1002b0a0 f   c8_download.obj
 0001:0002a0b0       _c8_emlrt_marshallIn       1002b0b0 f   c8_download.obj
 0001:0002a100       _c8_b_emlrt_marshallIn     1002b100 f   c8_download.obj
 0001:0002a150       _c8_d_emlrt_marshallIn     1002b150 f   c8_download.obj
 0001:0002a1a0       _c8_e_emlrt_marshallIn     1002b1a0 f   c8_download.obj
 0001:0002a250       _mdlProcessParameters_c8_download 1002b250 f   c8_download.obj
 0001:0002a300       _initialize_params_c8_download 1002b300 f   c8_download.obj
 0001:0002a310       _mdlSetWorkWidths_c8_download 1002b310 f   c8_download.obj
 0001:0002a690       _sf_get_instance_specialization 1002b690 f   c8_download.obj
 0001:0002a6a0       _mdlStart_c8_download      1002b6a0 f   c8_download.obj
 0001:0002a840       _init_dsm_address_info     1002b840 f   c8_download.obj
 0001:0002a850       _chart_debug_initialization 1002b850 f   c8_download.obj
 0001:0002ad20       _init_script_number_translation 1002bd20 f   c8_download.obj
 0001:0002ad30       _c8_sf_marshallOut         1002bd30 f   c8_download.obj
 0001:0002adb0       _c8_sf_marshallIn          1002bdb0 f   c8_download.obj
 0001:0002ae30       _sf_opaque_initialize_c8_download 1002be30 f   c8_download.obj
 0001:0002ae60       _initialize_c8_download    1002be60 f   c8_download.obj
 0001:0002ae90       _sf_opaque_enable_c8_download 1002be90 f   c8_download.obj
 0001:0002aeb0       _enable_c8_download        1002beb0 f   c8_download.obj
 0001:0002aed0       _sf_opaque_disable_c8_download 1002bed0 f   c8_download.obj
 0001:0002aef0       _disable_c8_download       1002bef0 f   c8_download.obj
 0001:0002af10       _sf_opaque_gateway_c8_download 1002bf10 f   c8_download.obj
 0001:0002af30       _sf_gateway_c8_download    1002bf30 f   c8_download.obj
 0001:0002b590       _sf_opaque_get_sim_state_c8_download 1002c590 f   c8_download.obj
 0001:0002b5b0       _sf_opaque_set_sim_state_c8_download 1002c5b0 f   c8_download.obj
 0001:0002b5d0       _sf_opaque_terminate_c8_download 1002c5d0 f   c8_download.obj
 0001:0002b660       _finalize_c8_download      1002c660 f   c8_download.obj
 0001:0002b670       _sf_opaque_init_subchart_simstructs 1002c670 f   c8_download.obj
 0001:0002b690       _initSimStructsc8_download 1002c690 f   c8_download.obj
 0001:0002b6a0       _mdlRTW_c8_download        1002c6a0 f   c8_download.obj
 0001:0002b740       _c9_info_helper            1002c740 f   c9_download.obj
 0001:00033410       _c9_emlrt_marshallOut      10034410 f   c9_download.obj
 0001:00033470       _c9_b_emlrt_marshallOut    10034470 f   c9_download.obj
 0001:000334c0       _c9_b_info_helper          100344c0 f   c9_download.obj
 0001:0003b190       _c9_c_info_helper          1003c190 f   c9_download.obj
 0001:0003f590       _get_sim_state_c9_download 10040590 f   c9_download.obj
 0001:0003f6e0       _sf_get_sim_state_info_c9_download 100406e0 f   c9_download.obj
 0001:0003f860       _set_sim_state_c9_download 10040860 f   c9_download.obj
 0001:0003f960       _c9_update_debugger_state_c9_download 10040960 f   c9_download.obj
 0001:0003f970       _c9_emlrt_marshallIn       10040970 f   c9_download.obj
 0001:0003f9c0       _c9_b_emlrt_marshallIn     100409c0 f   c9_download.obj
 0001:0003fa40       _c9_h_emlrt_marshallIn     10040a40 f   c9_download.obj
 0001:0003fa90       _c9_i_emlrt_marshallIn     10040a90 f   c9_download.obj
 0001:0003fb40       _mdlProcessParameters_c9_download 10040b40 f   c9_download.obj
 0001:0003fbf0       _initialize_params_c9_download 10040bf0 f   c9_download.obj
 0001:0003fc00       _mdlSetWorkWidths_c9_download 10040c00 f   c9_download.obj
 0001:0003ff80       _sf_get_instance_specialization 10040f80 f   c9_download.obj
 0001:0003ff90       _mdlStart_c9_download      10040f90 f   c9_download.obj
 0001:00040130       _init_dsm_address_info     10041130 f   c9_download.obj
 0001:00040140       _chart_debug_initialization 10041140 f   c9_download.obj
 0001:000405a0       _init_script_number_translation 100415a0 f   c9_download.obj
 0001:000405b0       _c9_sf_marshallOut         100415b0 f   c9_download.obj
 0001:00040690       _c9_sf_marshallIn          10041690 f   c9_download.obj
 0001:00040740       _sf_opaque_initialize_c9_download 10041740 f   c9_download.obj
 0001:00040770       _initialize_c9_download    10041770 f   c9_download.obj
 0001:000407a0       _sf_opaque_enable_c9_download 100417a0 f   c9_download.obj
 0001:000407c0       _enable_c9_download        100417c0 f   c9_download.obj
 0001:000407e0       _sf_opaque_disable_c9_download 100417e0 f   c9_download.obj
 0001:00040800       _disable_c9_download       10041800 f   c9_download.obj
 0001:00040820       _sf_opaque_gateway_c9_download 10041820 f   c9_download.obj
 0001:00040840       _sf_gateway_c9_download    10041840 f   c9_download.obj
 0001:000416b0       _c9_b_sf_marshallOut       100426b0 f   c9_download.obj
 0001:00041730       _c9_b_sf_marshallIn        10042730 f   c9_download.obj
 0001:000417b0       _c9_c_emlrt_marshallIn     100427b0 f   c9_download.obj
 0001:00041800       _c9_c_sf_marshallOut       10042800 f   c9_download.obj
 0001:000419b0       _c9_d_sf_marshallOut       100429b0 f   c9_download.obj
 0001:00041a90       _c9_c_sf_marshallIn        10042a90 f   c9_download.obj
 0001:00041b40       _c9_d_emlrt_marshallIn     10042b40 f   c9_download.obj
 0001:00041bd0       _c9_eps                    10042bd0 f   c9_download.obj
 0001:00041be0       _c9_norm                   10042be0 f   c9_download.obj
 0001:00041dc0       _c9_eml_warning            10042dc0 f   c9_download.obj
 0001:00041e80       _c9_b_eml_warning          10042e80 f   c9_download.obj
 0001:00041fb0       _c9_eml_scalar_eg          10042fb0 f   c9_download.obj
 0001:00041fc0       _c9_e_emlrt_marshallIn     10042fc0 f   c9_download.obj
 0001:00042010       _c9_f_emlrt_marshallIn     10043010 f   c9_download.obj
 0001:00042090       _c9_b_eml_xgemm            10043090 f   c9_download.obj
 0001:00042120       _sf_opaque_get_sim_state_c9_download 10043120 f   c9_download.obj
 0001:00042140       _sf_opaque_set_sim_state_c9_download 10043140 f   c9_download.obj
 0001:00042160       _sf_opaque_terminate_c9_download 10043160 f   c9_download.obj
 0001:000421f0       _finalize_c9_download      100431f0 f   c9_download.obj
 0001:00042200       _sf_opaque_init_subchart_simstructs 10043200 f   c9_download.obj
 0001:00042220       _initSimStructsc9_download 10043220 f   c9_download.obj
 0001:00042230       _mdlRTW_c9_download        10043230 f   c9_download.obj
 0001:00042830       _get_sim_state_c10_download 10043830 f   c10_download.obj
 0001:000429f0       _sf_get_sim_state_info_c10_download 100439f0 f   c10_download.obj
 0001:00042b70       _set_sim_state_c10_download 10043b70 f   c10_download.obj
 0001:00042c60       _c10_update_debugger_state_c10_download 10043c60 f   c10_download.obj
 0001:00042c70       _c10_emlrt_marshallIn      10043c70 f   c10_download.obj
 0001:00042cc0       _c10_b_emlrt_marshallIn    10043cc0 f   c10_download.obj
 0001:00042d40       _c10_c_emlrt_marshallIn    10043d40 f   c10_download.obj
 0001:00042d90       _c10_d_emlrt_marshallIn    10043d90 f   c10_download.obj
 0001:00042de0       _c10_f_emlrt_marshallIn    10043de0 f   c10_download.obj
 0001:00042e30       _c10_g_emlrt_marshallIn    10043e30 f   c10_download.obj
 0001:00042ee0       _mdlProcessParameters_c10_download 10043ee0 f   c10_download.obj
 0001:00042f90       _initialize_params_c10_download 10043f90 f   c10_download.obj
 0001:00042fa0       _mdlSetWorkWidths_c10_download 10043fa0 f   c10_download.obj
 0001:00043340       _sf_get_instance_specialization 10044340 f   c10_download.obj
 0001:00043350       _mdlStart_c10_download     10044350 f   c10_download.obj
 0001:000434f0       _init_dsm_address_info     100444f0 f   c10_download.obj
 0001:00043500       _chart_debug_initialization 10044500 f   c10_download.obj
 0001:00043b60       _init_script_number_translation 10044b60 f   c10_download.obj
 0001:00043b70       _c10_b_sf_marshallOut      10044b70 f   c10_download.obj
 0001:00043bf0       _c10_b_sf_marshallIn       10044bf0 f   c10_download.obj
 0001:00043c70       _c10_c_sf_marshallOut      10044c70 f   c10_download.obj
 0001:00043cf0       _sf_opaque_initialize_c10_download 10044cf0 f   c10_download.obj
 0001:00043d20       _initialize_c10_download   10044d20 f   c10_download.obj
 0001:00043d60       _sf_opaque_enable_c10_download 10044d60 f   c10_download.obj
 0001:00043d80       _enable_c10_download       10044d80 f   c10_download.obj
 0001:00043da0       _sf_opaque_disable_c10_download 10044da0 f   c10_download.obj
 0001:00043dc0       _disable_c10_download      10044dc0 f   c10_download.obj
 0001:00043de0       _sf_opaque_gateway_c10_download 10044de0 f   c10_download.obj
 0001:00043e00       _sf_gateway_c10_download   10044e00 f   c10_download.obj
 0001:00044800       _c10_sf_marshallOut        10045800 f   c10_download.obj
 0001:000448b0       _c10_sf_marshallIn         100458b0 f   c10_download.obj
 0001:00044930       _sf_opaque_get_sim_state_c10_download 10045930 f   c10_download.obj
 0001:00044950       _sf_opaque_set_sim_state_c10_download 10045950 f   c10_download.obj
 0001:00044970       _sf_opaque_terminate_c10_download 10045970 f   c10_download.obj
 0001:00044a00       _finalize_c10_download     10045a00 f   c10_download.obj
 0001:00044a10       _sf_opaque_init_subchart_simstructs 10045a10 f   c10_download.obj
 0001:00044a30       _initSimStructsc10_download 10045a30 f   c10_download.obj
 0001:00044a40       _mdlRTW_c10_download       10045a40 f   c10_download.obj
 0001:00044ad0       _c11_info_helper           10045ad0 f   c11_download.obj
 0001:00045080       _c11_emlrt_marshallOut     10046080 f   c11_download.obj
 0001:000450e0       _c11_b_emlrt_marshallOut   100460e0 f   c11_download.obj
 0001:000456b0       _get_sim_state_c11_download 100466b0 f   c11_download.obj
 0001:000457d0       _sf_get_sim_state_info_c11_download 100467d0 f   c11_download.obj
 0001:00045950       _set_sim_state_c11_download 10046950 f   c11_download.obj
 0001:00045a10       _c11_update_debugger_state_c11_download 10046a10 f   c11_download.obj
 0001:00045a20       _c11_emlrt_marshallIn      10046a20 f   c11_download.obj
 0001:00045a70       _c11_b_emlrt_marshallIn    10046a70 f   c11_download.obj
 0001:00045ac0       _c11_e_emlrt_marshallIn    10046ac0 f   c11_download.obj
 0001:00045b10       _c11_f_emlrt_marshallIn    10046b10 f   c11_download.obj
 0001:00045bc0       _mdlProcessParameters_c11_download 10046bc0 f   c11_download.obj
 0001:00045c70       _initialize_params_c11_download 10046c70 f   c11_download.obj
 0001:00045c80       _mdlSetWorkWidths_c11_download 10046c80 f   c11_download.obj
 0001:00046020       _sf_get_instance_specialization 10047020 f   c11_download.obj
 0001:00046030       _mdlStart_c11_download     10047030 f   c11_download.obj
 0001:000461d0       _init_dsm_address_info     100471d0 f   c11_download.obj
 0001:000461e0       _chart_debug_initialization 100471e0 f   c11_download.obj
 0001:00046780       _init_script_number_translation 10047780 f   c11_download.obj
 0001:00046790       _c11_sf_marshallOut        10047790 f   c11_download.obj
 0001:00046810       _c11_sf_marshallIn         10047810 f   c11_download.obj
 0001:00046890       _c11_b_sf_marshallOut      10047890 f   c11_download.obj
 0001:00046950       _c11_c_sf_marshallOut      10047950 f   c11_download.obj
 0001:000469d0       _sf_opaque_initialize_c11_download 100479d0 f   c11_download.obj
 0001:00046a00       _initialize_c11_download   10047a00 f   c11_download.obj
 0001:00046a30       _sf_opaque_enable_c11_download 10047a30 f   c11_download.obj
 0001:00046a50       _enable_c11_download       10047a50 f   c11_download.obj
 0001:00046a70       _sf_opaque_disable_c11_download 10047a70 f   c11_download.obj
 0001:00046a90       _disable_c11_download      10047a90 f   c11_download.obj
 0001:00046ab0       _sf_opaque_gateway_c11_download 10047ab0 f   c11_download.obj
 0001:00046ad0       _sf_gateway_c11_download   10047ad0 f   c11_download.obj
 0001:00047300       _c11_b_sf_marshallIn       10048300 f   c11_download.obj
 0001:00047380       _c11_c_emlrt_marshallIn    10048380 f   c11_download.obj
 0001:000473d0       _sf_opaque_get_sim_state_c11_download 100483d0 f   c11_download.obj
 0001:000473f0       _sf_opaque_set_sim_state_c11_download 100483f0 f   c11_download.obj
 0001:00047410       _sf_opaque_terminate_c11_download 10048410 f   c11_download.obj
 0001:000474a0       _finalize_c11_download     100484a0 f   c11_download.obj
 0001:000474b0       _sf_opaque_init_subchart_simstructs 100484b0 f   c11_download.obj
 0001:000474d0       _initSimStructsc11_download 100484d0 f   c11_download.obj
 0001:000474e0       _mdlRTW_c11_download       100484e0 f   c11_download.obj
 0001:00047ae0       _get_sim_state_c24_download 10048ae0 f   c24_download.obj
 0001:00047d30       _sf_get_sim_state_info_c24_download 10048d30 f   c24_download.obj
 0001:00047eb0       _set_sim_state_c24_download 10048eb0 f   c24_download.obj
 0001:00047fd0       _c24_update_debugger_state_c24_download 10048fd0 f   c24_download.obj
 0001:00047fe0       _c24_emlrt_marshallIn      10048fe0 f   c24_download.obj
 0001:00048030       _c24_b_emlrt_marshallIn    10049030 f   c24_download.obj
 0001:000480b0       _c24_c_emlrt_marshallIn    100490b0 f   c24_download.obj
 0001:00048100       _c24_d_emlrt_marshallIn    10049100 f   c24_download.obj
 0001:00048180       _c24_e_emlrt_marshallIn    10049180 f   c24_download.obj
 0001:000481d0       _c24_f_emlrt_marshallIn    100491d0 f   c24_download.obj
 0001:00048220       _c24_h_emlrt_marshallIn    10049220 f   c24_download.obj
 0001:00048270       _c24_i_emlrt_marshallIn    10049270 f   c24_download.obj
 0001:00048320       _mdlProcessParameters_c24_download 10049320 f   c24_download.obj
 0001:000483d0       _initialize_params_c24_download 100493d0 f   c24_download.obj
 0001:000483e0       _mdlSetWorkWidths_c24_download 100493e0 f   c24_download.obj
 0001:00048780       _sf_get_instance_specialization 10049780 f   c24_download.obj
 0001:00048790       _mdlStart_c24_download     10049790 f   c24_download.obj
 0001:00048930       _init_dsm_address_info     10049930 f   c24_download.obj
 0001:00048940       _chart_debug_initialization 10049940 f   c24_download.obj
 0001:00048ff0       _init_script_number_translation 10049ff0 f   c24_download.obj
 0001:00049000       _c24_c_sf_marshallOut      1004a000 f   c24_download.obj
 0001:00049080       _c24_c_sf_marshallIn       1004a080 f   c24_download.obj
 0001:00049100       _sf_opaque_initialize_c24_download 1004a100 f   c24_download.obj
 0001:00049130       _initialize_c24_download   1004a130 f   c24_download.obj
 0001:00049180       _sf_opaque_enable_c24_download 1004a180 f   c24_download.obj
 0001:000491a0       _enable_c24_download       1004a1a0 f   c24_download.obj
 0001:000491c0       _sf_opaque_disable_c24_download 1004a1c0 f   c24_download.obj
 0001:000491e0       _disable_c24_download      1004a1e0 f   c24_download.obj
 0001:00049200       _sf_opaque_gateway_c24_download 1004a200 f   c24_download.obj
 0001:00049220       _sf_gateway_c24_download   1004a220 f   c24_download.obj
 0001:00049d90       _c24_sf_marshallOut        1004ad90 f   c24_download.obj
 0001:00049e40       _c24_sf_marshallIn         1004ae40 f   c24_download.obj
 0001:00049ec0       _c24_b_sf_marshallOut      1004aec0 f   c24_download.obj
 0001:00049f70       _c24_b_sf_marshallIn       1004af70 f   c24_download.obj
 0001:00049ff0       _sf_opaque_get_sim_state_c24_download 1004aff0 f   c24_download.obj
 0001:0004a010       _sf_opaque_set_sim_state_c24_download 1004b010 f   c24_download.obj
 0001:0004a030       _sf_opaque_terminate_c24_download 1004b030 f   c24_download.obj
 0001:0004a0c0       _finalize_c24_download     1004b0c0 f   c24_download.obj
 0001:0004a0d0       _sf_opaque_init_subchart_simstructs 1004b0d0 f   c24_download.obj
 0001:0004a0f0       _initSimStructsc24_download 1004b0f0 f   c24_download.obj
 0001:0004a100       _mdlRTW_c24_download       1004b100 f   c24_download.obj
 0001:0004a840       _getChartInfoFromSimStruct 1004b840 f   download_sfun_registry.obj
 0001:0004b940       __ssFatalError             1004c940 f   download_sfun_registry.obj
 0001:0004dca0       _ProcessMexSfunctionCmdLineCall 1004eca0 f   download_sfun_registry.obj
 0001:0004ddc0       _sf_debug_api_wrapper      1004edc0 f   download_sfun_registry.obj
 0001:0004ddf0       _mdlStart                  1004edf0 f   download_sfun_registry.obj
 0001:0004de10       _mdl_start_processing      1004ee10 f   download_sfun_registry.obj
 0001:0004de80       _mdlTerminate              1004ee80 f   download_sfun_registry.obj
 0001:0004dea0       _mdl_terminate_processing  1004eea0 f   download_sfun_registry.obj
 0001:0004df10       _mdlInitializeSampleTimes  1004ef10 f   download_sfun_registry.obj
 0001:0004df30       _mdlZeroCrossings          1004ef30 f   download_sfun_registry.obj
 0001:0004df50       _mdl_zeroCrossings_processing 1004ef50 f   download_sfun_registry.obj
 0001:0004df80       _mdlDerivatives            1004ef80 f   download_sfun_registry.obj
 0001:0004dfa0       _mdl_derivatives_processing 1004efa0 f   download_sfun_registry.obj
 0001:0004dfe0       _mdlInitializeConditions   1004efe0 f   download_sfun_registry.obj
 0001:0004e000       _mdl_initialize_conditions_processing 1004f000 f   download_sfun_registry.obj
 0001:0004e040       _mdlEnable                 1004f040 f   download_sfun_registry.obj
 0001:0004e060       _mdl_enable_processing     1004f060 f   download_sfun_registry.obj
 0001:0004e090       _mdlDisable                1004f090 f   download_sfun_registry.obj
 0001:0004e0b0       _mdl_disable_processing    1004f0b0 f   download_sfun_registry.obj
 0001:0004e0e0       _mdlOutputs                1004f0e0 f   download_sfun_registry.obj
 0001:0004e100       _mdl_outputs_processing    1004f100 f   download_sfun_registry.obj
 0001:0004e1d0       _mdl_outputs_continuous_legacy 1004f1d0 f   download_sfun_registry.obj
 0001:0004e2a0       _mdlGetTimeOfNextVarHit    1004f2a0 f   download_sfun_registry.obj
 0001:0004e2e0       __ProcessMexSfunctionCmdLineCall 1004f2e0 f   download_sfun_registry.obj
 0001:0004e900       _mdlSetWorkWidths          1004f900 f   download_sfun_registry.obj
 0001:0004e920       _mdlProcessParameters      1004f920 f   download_sfun_registry.obj
 0001:0004e940       _mdlInitializeSizes        1004f940 f   download_sfun_registry.obj
 0001:0004e960       _mdlExtModeExec            1004f960 f   download_sfun_registry.obj
 0001:0004e980       _mdl_ext_mode_exec_processing 1004f980 f   download_sfun_registry.obj
 0001:0004e9c0       _mdlRTW                    1004f9c0 f   download_sfun_registry.obj
 0001:0004e9f0       __CreateSimStruct          1004f9f0 f   download_sfun_registry.obj
 0001:0004eb20       __RegNumInputPortsCB       1004fb20 f   download_sfun_registry.obj
 0001:0004eb80       __RegNumOutputPortsCB      1004fb80 f   download_sfun_registry.obj
 0001:0004f051       _pre_c_init                10050051 f   MSVCRT:crtdll.obj
 0001:0004f2a9       ___DllMainCRTStartup       100502a9 f   MSVCRT:crtdll.obj
