Product: MDK-ARM Professional 5.10
Component: ARM Compiler 5.04 update 1 (build 49)
Tool: armlink [5040049]

==============================================================================

Section Cross References

    startup_stm32f4xx.o(STACK) refers (Special) to heapauxi.o(.text) for __use_two_region_memory
    startup_stm32f4xx.o(HEAP) refers (Special) to heapauxi.o(.text) for __use_two_region_memory
    startup_stm32f4xx.o(RESET) refers (Special) to heapauxi.o(.text) for __use_two_region_memory
    startup_stm32f4xx.o(RESET) refers to startup_stm32f4xx.o(STACK) for __initial_sp
    startup_stm32f4xx.o(RESET) refers to startup_stm32f4xx.o(.text) for Reset_Handler
    startup_stm32f4xx.o(RESET) refers to stm32f4xx_it.o(.text) for NMI_Handler
    startup_stm32f4xx.o(RESET) refers to os_cpu_a.o(.text) for PendSV_Handler
    startup_stm32f4xx.o(RESET) refers to main.o(.text) for SysTick_Handler
    startup_stm32f4xx.o(.text) refers (Special) to heapauxi.o(.text) for __use_two_region_memory
    startup_stm32f4xx.o(.text) refers to system_stm32f4xx.o(.text) for SystemInit
    startup_stm32f4xx.o(.text) refers to __main.o(!!!main) for __main
    startup_stm32f4xx.o(.text) refers to startup_stm32f4xx.o(HEAP) for Heap_Mem
    startup_stm32f4xx.o(.text) refers to startup_stm32f4xx.o(STACK) for Stack_Mem
    download.o(.text) refers to drleqf.o(x$fpl$drleqf) for __aeabi_cdrcmple
    download.o(.text) refers to f2d.o(x$fpl$f2d) for __aeabi_f2d
    download.o(.text) refers to daddsub_clz.o(x$fpl$dsub) for __aeabi_dsub
    download.o(.text) refers to dleqf.o(x$fpl$dleqf) for __aeabi_cdcmple
    download.o(.text) refers to dmul.o(x$fpl$dmul) for __aeabi_dmul
    download.o(.text) refers to daddsub_clz.o(x$fpl$dadd) for __aeabi_dadd
    download.o(.text) refers to d2f.o(x$fpl$d2f) for __aeabi_d2f
    download.o(.text) refers to download.o(.constdata) for download_M
    download.o(.text) refers to download.o(.data) for rtb_TSamp_last_0
    download.o(.text) refers to fabs.o(i.__hardfp_fabs) for __hardfp_fabs
    download.o(.text) refers to deqf.o(x$fpl$deqf) for __aeabi_cdcmpeq
    download.o(.text) refers to cos.o(i.__hardfp_cos) for __hardfp_cos
    download.o(.text) refers to ddiv.o(x$fpl$ddiv) for __aeabi_ddiv
    download.o(.text) refers to sqrt.o(i.__hardfp_sqrt) for __hardfp_sqrt
    download.o(.text) refers to rt_nonfinite.o(.text) for rt_InitInfAndNaN
    download.o(.text) refers to rt_memclr_w.o(.text) for __aeabi_memclr4
    download.o(.text) refers to imu.o(.text) for download_IMU_Enable
    download.o(.text) refers to waijung_hwdrvlib.o(.text) for enable_OrangeLED1BlueLED
    download.o(.text) refers to download.o(.bss) for download_B
    download.o(.text) refers to download_data.o(.data) for download_P
    download.o(.constdata) refers to download.o(.bss) for download_M_
    imu.o(.text) refers to waijung_hwdrvlib.o(.text) for enable_IMUangle
    imu.o(.text) refers to waijung_hwdrvlib.o(.bss) for UART3_Temp_Buffer
    imu.o(.text) refers to download.o(.bss) for download_B
    imu.o(.text) refers to download_data.o(.data) for download_P
    main.o(.text) refers to os_sem.o(.text) for OSSemPend
    main.o(.text) refers to app_task.o(.text) for com1
    main.o(.text) refers to os_time.o(.text) for OSTimeDlyHMSM
    main.o(.text) refers to os_core.o(.text) for OSSchedLock
    main.o(.text) refers to os_task.o(.text) for OSTaskCreateExt
    main.o(.text) refers to os_cpu_a.o(.text) for OS_CPU_SR_Save
    main.o(.text) refers to stm32f4xx_rcc.o(.text) for RCC_DeInit
    main.o(.text) refers to stm32f4xx_flash.o(.text) for FLASH_SetLatency
    main.o(.text) refers to download.o(.text) for download_initialize
    main.o(.text) refers to download.o(.bss) for download_B
    main.o(.text) refers to main.o(.data) for control_SEM
    main.o(.text) refers to main.o(.bss) for Task_RecStk
    main.o(.text) refers to os_core.o(.data) for OSIntNesting
    stm32f4xx_gpio.o(.text) refers to stm32f4xx_rcc.o(.text) for RCC_AHB1PeriphResetCmd
    stm32f4xx_it.o(.text) refers to stm32f4xx_rcc.o(.text) for RCC_APB1PeriphClockCmd
    stm32f4xx_pwr.o(.text) refers to stm32f4xx_rcc.o(.text) for RCC_APB1PeriphResetCmd
    stm32f4xx_rcc.o(.text) refers to stm32f4xx_rcc.o(.data) for APBAHBPrescTable
    stm32f4xx_syscfg.o(.text) refers to stm32f4xx_rcc.o(.text) for RCC_APB2PeriphResetCmd
    stm32f4xx_tim.o(.text) refers to stm32f4xx_rcc.o(.text) for RCC_APB2PeriphResetCmd
    stm32f4xx_usart.o(.text) refers to stm32f4xx_rcc.o(.text) for RCC_APB2PeriphResetCmd
    system_stm32f4xx.o(.text) refers to system_stm32f4xx.o(.data) for SystemCoreClock
    waijung_hwdrvlib.o(.text) refers to scanf1.o(x$fpl$scanf1) for _scanf_real
    waijung_hwdrvlib.o(.text) refers to _scanf_int.o(.text) for _scanf_int
    waijung_hwdrvlib.o(.text) refers to stm32f4xx_rcc.o(.text) for RCC_AHB1PeriphClockCmd
    waijung_hwdrvlib.o(.text) refers to stm32f4xx_gpio.o(.text) for GPIO_Init
[...]
    download_Angle_hold                      0x080003bf   Thumb Code  7476  download.o(.text)
    download_MATLABFunction2                 0x080020f3   Thumb Code   140  download.o(.text)
    download_initialize                      0x0800217f   Thumb Code   152  download.o(.text)
    download_terminate                       0x08002217   Thumb Code     2  download.o(.text)
    download_Guidance_System                 0x0800225d   Thumb Code   294  guidance_system.o(.text)
    download_IMU_Enable                      0x08002385   Thumb Code     8  imu.o(.text)
    download_IMU                             0x0800238d   Thumb Code  1054  imu.o(.text)
    canshu_init                              0x080027b1   Thumb Code   124  main.o(.text)
    SystemClock_Config                       0x0800299d   Thumb Code   104  main.o(.text)
    main                                     0x08002a05   Thumb Code   110  main.o(.text)
    rt_OneStep                               0x08002a73   Thumb Code    34  main.o(.text)
    SysTick_Handler                          0x08002a95   Thumb Code     8  main.o(.text)
    DMA_DeInit                               0x08002af9   Thumb Code   324  stm32f4xx_dma.o(.text)
    DMA_Init                                 0x08002c3d   Thumb Code    82  stm32f4xx_dma.o(.text)
    DMA_StructInit                           0x08002c8f   Thumb Code    34  stm32f4xx_dma.o(.text)
    DMA_Cmd                                  0x08002cb1   Thumb Code    22  stm32f4xx_dma.o(.text)
    DMA_PeriphIncOffsetSizeConfig            0x08002cc7   Thumb Code    22  stm32f4xx_dma.o(.text)
    DMA_FlowControllerConfig                 0x08002cdd   Thumb Code    22  stm32f4xx_dma.o(.text)
    DMA_SetCurrDataCounter                   0x08002cf3   Thumb Code     4  stm32f4xx_dma.o(.text)
    DMA_GetCurrDataCounter                   0x08002cf7   Thumb Code     8  stm32f4xx_dma.o(.text)
    DMA_DoubleBufferModeConfig               0x08002cff   Thumb Code    24  stm32f4xx_dma.o(.text)
    DMA_DoubleBufferModeCmd                  0x08002d17   Thumb Code    22  stm32f4xx_dma.o(.text)
    DMA_MemoryTargetConfig                   0x08002d2d   Thumb Code    10  stm32f4xx_dma.o(.text)
    DMA_GetCurrentMemoryTarget               0x08002d37   Thumb Code    20  stm32f4xx_dma.o(.text)
    DMA_GetCmdStatus                         0x08002d4b   Thumb Code    20  stm32f4xx_dma.o(.text)
    DMA_GetFIFOStatus                        0x08002d5f   Thumb Code    12  stm32f4xx_dma.o(.text)
    DMA_GetFlagStatus                        0x08002d6b   Thumb Code    56  stm32f4xx_dma.o(.text)
    DMA_ClearFlag                            0x08002da3   Thumb Code    40  stm32f4xx_dma.o(.text)
    DMA_ITConfig                             0x08002dcb   Thumb Code    58  stm32f4xx_dma.o(.text)
    DMA_GetITStatus                          0x08002e05   Thumb Code    84  stm32f4xx_dma.o(.text)
    DMA_ClearITPendingBit                    0x08002e59   Thumb Code    40  stm32f4xx_dma.o(.text)
    GPIO_DeInit                              0x08002ea1   Thumb Code   220  stm32f4xx_gpio.o(.text)
    GPIO_Init                                0x08002f7d   Thumb Code   144  stm32f4xx_gpio.o(.text)
    GPIO_StructInit                          0x0800300d   Thumb Code    18  stm32f4xx_gpio.o(.text)
    GPIO_PinLockConfig                       0x0800301f   Thumb Code    34  stm32f4xx_gpio.o(.text)
    GPIO_ReadInputDataBit                    0x08003041   Thumb Code    18  stm32f4xx_gpio.o(.text)
    GPIO_ReadInputData                       0x08003053   Thumb Code     8  stm32f4xx_gpio.o(.text)
    GPIO_ReadOutputDataBit                   0x0800305b   Thumb Code    18  stm32f4xx_gpio.o(.text)
    GPIO_ReadOutputData                      0x0800306d   Thumb Code     8  stm32f4xx_gpio.o(.text)
    GPIO_SetBits                             0x08003075   Thumb Code     4  stm32f4xx_gpio.o(.text)
    GPIO_ResetBits                           0x08003079   Thumb Code     4  stm32f4xx_gpio.o(.text)
    GPIO_WriteBit                            0x0800307d   Thumb Code    10  stm32f4xx_gpio.o(.text)
    GPIO_Write                               0x08003087   Thumb Code     4  stm32f4xx_gpio.o(.text)
    GPIO_ToggleBits                          0x0800308b   Thumb Code     8  stm32f4xx_gpio.o(.text)
    GPIO_PinAFConfig                         0x08003093   Thumb Code    70  stm32f4xx_gpio.o(.text)
    NMI_Handler                              0x080030fd   Thumb Code     2  stm32f4xx_it.o(.text)
    HardFault_Handler                        0x080030ff   Thumb Code    18  stm32f4xx_it.o(.text)
    MemManage_Handler                        0x08003111   Thumb Code     4  stm32f4xx_it.o(.text)
    BusFault_Handler                         0x08003115   Thumb Code    18  stm32f4xx_it.o(.text)
    UsageFault_Handler                       0x08003127   Thumb Code     4  stm32f4xx_it.o(.text)
    SVC_Handler                              0x0800312b   Thumb Code     2  stm32f4xx_it.o(.text)
    DebugMon_Handler                         0x0800312d   Thumb Code     2  stm32f4xx_it.o(.text)
    RCC_DeInit                               0x08003135   Thumb Code    60  stm32f4xx_rcc.o(.text)
    RCC_HSEConfig                            0x08003171   Thumb Code    14  stm32f4xx_rcc.o(.text)
    RCC_GetFlagStatus                        0x0800317f   Thumb Code    60  stm32f4xx_rcc.o(.text)
    RCC_WaitForHSEStartUp                    0x080031bb   Thumb Code    56  stm32f4xx_rcc.o(.text)
    RCC_AdjustHSICalibrationValue            0x080031f3   Thumb Code    20  stm32f4xx_rcc.o(.text)
    RCC_HSICmd                               0x08003207   Thumb Code     6  stm32f4xx_rcc.o(.text)
    RCC_LSEConfig                            0x0800320d   Thumb Code    46  stm32f4xx_rcc.o(.text)
    RCC_LSICmd                               0x0800323b   Thumb Code     6  stm32f4xx_rcc.o(.text)
    RCC_PLLConfig                            0x08003241   Thumb Code    32  stm32f4xx_rcc.o(.text)
    RCC_PLLCmd                               0x08003261   Thumb Code     6  stm32f4xx_rcc.o(.text)
    RCC_PLLI2SConfig                         0x08003267   Thumb Code    14  stm32f4xx_rcc.o(.text)
    RCC_PLLI2SCmd                            0x08003275   Thumb Code     6  stm32f4xx_rcc.o(.text)
    RCC_ClockSecuritySystemCmd               0x0800327b   Thumb Code     6  stm32f4xx_rcc.o(.text)
    RCC_MCO1Config                           0x08003281   Thumb Code    28  stm32f4xx_rcc.o(.text)
    RCC_MCO2Config                           0x0800329d   Thumb Code    28  stm32f4xx_rcc.o(.text)
    RCC_SYSCLKConfig                         0x080032b9   Thumb Code    20  stm32f4xx_rcc.o(.text)
    RCC_GetSYSCLKSource                      0x080032cd   Thumb Code    12  stm32f4xx_rcc.o(.text)
    RCC_HCLKConfig                           0x080032d9   Thumb Code    20  stm32f4xx_rcc.o(.text)
    RCC_PCLK1Config                          0x080032ed   Thumb Code    20  stm32f4xx_rcc.o(.text)
    RCC_PCLK2Config                          0x08003301   Thumb Code    22  stm32f4xx_rcc.o(.text)
    RCC_GetClocksFreq                        0x08003317   Thumb Code   222  stm32f4xx_rcc.o(.text)
    RCC_RTCCLKConfig                         0x080033f5   Thumb Code    54  stm32f4xx_rcc.o(.text)
    RCC_RTCCLKCmd                            0x0800342b   Thumb Code     8  stm32f4xx_rcc.o(.text)
    RCC_BackupResetCmd                       0x08003433   Thumb Code     8  stm32f4xx_rcc.o(.text)
    RCC_I2SCLKConfig                         0x0800343b   Thumb Code     6  stm32f4xx_rcc.o(.text)
    RCC_AHB1PeriphClockCmd                   0x08003441   Thumb Code    34  stm32f4xx_rcc.o(.text)
    RCC_AHB2PeriphClockCmd                   0x08003463   Thumb Code    34  stm32f4xx_rcc.o(.text)
    RCC_AHB3PeriphClockCmd                   0x08003485   Thumb Code    34  stm32f4xx_rcc.o(.text)
    RCC_APB1PeriphClockCmd                   0x080034a7   Thumb Code    34  stm32f4xx_rcc.o(.text)
    RCC_APB2PeriphClockCmd                   0x080034c9   Thumb Code    34  stm32f4xx_rcc.o(.text)
    RCC_AHB1PeriphResetCmd                   0x080034eb   Thumb Code    34  stm32f4xx_rcc.o(.text)
    RCC_AHB2PeriphResetCmd                   0x0800350d   Thumb Code    72  stm32f4xx_rcc.o(.text)
    RCC_AHB3PeriphResetCmd                   0x08003555   Thumb Code    34  stm32f4xx_rcc.o(.text)
    RCC_APB1PeriphResetCmd                   0x08003577   Thumb Code    34  stm32f4xx_rcc.o(.text)
    RCC_APB2PeriphResetCmd                   0x08003599   Thumb Code    34  stm32f4xx_rcc.o(.text)
    RCC_AHB1PeriphClockLPModeCmd             0x080035bb   Thumb Code    34  stm32f4xx_rcc.o(.text)
    RCC_AHB2PeriphClockLPModeCmd             0x080035dd   Thumb Code    34  stm32f4xx_rcc.o(.text)
    RCC_AHB3PeriphClockLPModeCmd             0x080035ff   Thumb Code    34  stm32f4xx_rcc.o(.text)
    RCC_APB1PeriphClockLPModeCmd             0x08003621   Thumb Code    34  stm32f4xx_rcc.o(.text)
    RCC_APB2PeriphClockLPModeCmd             0x08003643   Thumb Code    34  stm32f4xx_rcc.o(.text)
    RCC_ITConfig                             0x08003665   Thumb Code    34  stm32f4xx_rcc.o(.text)
    RCC_ClearFlag                            0x08003687   Thumb Code    18  stm32f4xx_rcc.o(.text)
    RCC_GetITStatus                          0x08003699   Thumb Code    22  stm32f4xx_rcc.o(.text)
    RCC_ClearITPendingBit                    0x080036af   Thumb Code     8  stm32f4xx_rcc.o(.text)
    TIM_DeInit                               0x080036bd   Thumb Code   346  stm32f4xx_tim.o(.text)
    TIM_TimeBaseInit                         0x08003817   Thumb Code   104  stm32f4xx_tim.o(.text)
    TIM_TimeBaseStructInit                   0x0800387f   Thumb Code    18  stm32f4xx_tim.o(.text)
    TIM_PrescalerConfig                      0x08003891   Thumb Code     6  stm32f4xx_tim.o(.text)
    TIM_CounterModeConfig                    0x08003897   Thumb Code    18  stm32f4xx_tim.o(.text)
    TIM_SetCounter                           0x080038a9   Thumb Code     4  stm32f4xx_tim.o(.text)
    TIM_SetAutoreload                        0x080038ad   Thumb Code     4  stm32f4xx_tim.o(.text)
    TIM_GetCounter                           0x080038b1   Thumb Code     6  stm32f4xx_tim.o(.text)
    TIM_GetPrescaler                         0x080038b7   Thumb Code     6  stm32f4xx_tim.o(.text)
    TIM_UpdateDisableConfig                  0x080038bd   Thumb Code    24  stm32f4xx_tim.o(.text)
    TIM_UpdateRequestConfig                  0x080038d5   Thumb Code    24  stm32f4xx_tim.o(.text)
    TIM_ARRPreloadConfig                     0x080038ed   Thumb Code    24  stm32f4xx_tim.o(.text)
    TIM_SelectOnePulseMode                   0x08003905   Thumb Code    18  stm32f4xx_tim.o(.text)
    TIM_SetClockDivision                     0x08003917   Thumb Code    18  stm32f4xx_tim.o(.text)
    TIM_Cmd                                  0x08003929   Thumb Code    24  stm32f4xx_tim.o(.text)
    TIM_OC1Init                              0x08003941   Thumb Code   114  stm32f4xx_tim.o(.text)
    TIM_OC2Init                              0x080039b3   Thumb Code   154  stm32f4xx_tim.o(.text)
    TIM_OC3Init                              0x08003a4d   Thumb Code   204  stm32f4xx_tim.o(.text)
    TIM_OC4Init                              0x08003b19   Thumb Code   112  stm32f4xx_tim.o(.text)
    TIM_OCStructInit                         0x08003b89   Thumb Code    20  stm32f4xx_tim.o(.text)
    TIM_SelectOCxM                           0x08003b9d   Thumb Code    86  stm32f4xx_tim.o(.text)
    TIM_SetCompare1                          0x08003bf3   Thumb Code     4  stm32f4xx_tim.o(.text)
    TIM_SetCompare2                          0x08003bf7   Thumb Code     4  stm32f4xx_tim.o(.text)
    TIM_SetCompare3                          0x08003bfb   Thumb Code     4  stm32f4xx_tim.o(.text)
    TIM_SetCompare4                          0x08003bff   Thumb Code     4  stm32f4xx_tim.o(.text)
    TIM_ForcedOC1Config                      0x08003c03   Thumb Code    18  stm32f4xx_tim.o(.text)
    TIM_ForcedOC2Config                      0x08003c15   Thumb Code    26  stm32f4xx_tim.o(.text)
    TIM_ForcedOC3Config                      0x08003c2f   Thumb Code    18  stm32f4xx_tim.o(.text)
    TIM_ForcedOC4Config                      0x08003c41   Thumb Code    26  stm32f4xx_tim.o(.text)
    TIM_OC1PreloadConfig                     0x08003c5b   Thumb Code    18  stm32f4xx_tim.o(.text)
    TIM_OC2PreloadConfig                     0x08003c6d   Thumb Code    26  stm32f4xx_tim.o(.text)
    TIM_OC3PreloadConfig                     0x08003c87   Thumb Code    18  stm32f4xx_tim.o(.text)
    TIM_OC4PreloadConfig                     0x08003c99   Thumb Code    26  stm32f4xx_tim.o(.text)
    TIM_OC1FastConfig                        0x08003cb3   Thumb Code    18  stm32f4xx_tim.o(.text)
    TIM_OC2FastConfig                        0x08003cc5   Thumb Code    26  stm32f4xx_tim.o(.text)
    TIM_OC3FastConfig                        0x08003cdf   Thumb Code    18  stm32f4xx_tim.o(.text)
    TIM_OC4FastConfig                        0x08003cf1   Thumb Code    26  stm32f4xx_tim.o(.text)
    TIM_ClearOC1Ref                          0x08003d0b   Thumb Code    18  stm32f4xx_tim.o(.text)
    TIM_ClearOC2Ref                          0x08003d1d   Thumb Code    24  stm32f4xx_tim.o(.text)
    TIM_ClearOC3Ref                          0x08003d35   Thumb Code    18  stm32f4xx_tim.o(.text)
    TIM_ClearOC4Ref                          0x08003d47   Thumb Code    24  stm32f4xx_tim.o(.text)
    TIM_OC1PolarityConfig                    0x08003d5f   Thumb Code    18  stm32f4xx_tim.o(.text)
    TIM_OC1NPolarityConfig                   0x08003d71   Thumb Code    18  stm32f4xx_tim.o(.text)
    TIM_OC2PolarityConfig                    0x08003d83   Thumb Code    26  stm32f4xx_tim.o(.text)
    TIM_OC2NPolarityConfig                   0x08003d9d   Thumb Code    26  stm32f4xx_tim.o(.text)
    TIM_OC3PolarityConfig                    0x08003db7   Thumb Code    26  stm32f4xx_tim.o(.text)
    TIM_OC3NPolarityConfig                   0x08003dd1   Thumb Code    26  stm32f4xx_tim.o(.text)
    TIM_OC4PolarityConfig                    0x08003deb   Thumb Code    26  stm32f4xx_tim.o(.text)
    TIM_CCxCmd                               0x08003e05   Thumb Code    30  stm32f4xx_tim.o(.text)
    TIM_CCxNCmd                              0x08003e23   Thumb Code    30  stm32f4xx_tim.o(.text)
    TIM_SetIC4Prescaler                      0x08003e41   Thumb Code    26  stm32f4xx_tim.o(.text)
    TIM_SetIC3Prescaler                      0x08003eab   Thumb Code    18  stm32f4xx_tim.o(.text)
    TIM_SetIC2Prescaler                      0x08003f05   Thumb Code    26  stm32f4xx_tim.o(.text)
    TIM_SetIC1Prescaler                      0x08003f79   Thumb Code    18  stm32f4xx_tim.o(.text)
    TIM_ICInit                               0x08003fc5   Thumb Code   110  stm32f4xx_tim.o(.text)
    TIM_ICStructInit                         0x08004033   Thumb Code    18  stm32f4xx_tim.o(.text)
    TIM_PWMIConfig                           0x08004045   Thumb Code   124  stm32f4xx_tim.o(.text)
    TIM_GetCapture1                          0x080040c1   Thumb Code     6  stm32f4xx_tim.o(.text)
    TIM_GetCapture2                          0x080040c7   Thumb Code     6  stm32f4xx_tim.o(.text)
    TIM_GetCapture3                          0x080040cd   Thumb Code     6  stm32f4xx_tim.o(.text)
    TIM_GetCapture4                          0x080040d3   Thumb Code     6  stm32f4xx_tim.o(.text)
    TIM_BDTRConfig                           0x080040d9   Thumb Code    32  stm32f4xx_tim.o(.text)
    TIM_BDTRStructInit                       0x080040f9   Thumb Code    18  stm32f4xx_tim.o(.text)
    TIM_CtrlPWMOutputs                       0x0800410b   Thumb Code    30  stm32f4xx_tim.o(.text)
    TIM_SelectCOM                            0x08004129   Thumb Code    24  stm32f4xx_tim.o(.text)
    TIM_CCPreloadControl                     0x08004141   Thumb Code    24  stm32f4xx_tim.o(.text)
    TIM_ITConfig                             0x08004159   Thumb Code    18  stm32f4xx_tim.o(.text)
    TIM_GenerateEvent                        0x0800416b   Thumb Code     4  stm32f4xx_tim.o(.text)
    TIM_GetFlagStatus                        0x0800416f   Thumb Code    18  stm32f4xx_tim.o(.text)
    TIM_ClearFlag                            0x08004181   Thumb Code     6  stm32f4xx_tim.o(.text)
    TIM_GetITStatus                          0x08004187   Thumb Code    34  stm32f4xx_tim.o(.text)
    TIM_ClearITPendingBit                    0x080041a9   Thumb Code     6  stm32f4xx_tim.o(.text)
    TIM_DMAConfig                            0x080041af   Thumb Code    10  stm32f4xx_tim.o(.text)
    TIM_DMACmd                               0x080041b9   Thumb Code    18  stm32f4xx_tim.o(.text)
    TIM_SelectCCDMA                          0x080041cb   Thumb Code    24  stm32f4xx_tim.o(.text)
    TIM_InternalClockConfig                  0x080041e3   Thumb Code    12  stm32f4xx_tim.o(.text)
    TIM_SelectInputTrigger                   0x080041ef   Thumb Code    18  stm32f4xx_tim.o(.text)
    TIM_ITRxExternalClockConfig              0x08004201   Thumb Code    24  stm32f4xx_tim.o(.text)
    TIM_TIxExternalClockConfig               0x08004219   Thumb Code    62  stm32f4xx_tim.o(.text)
    TIM_ETRConfig                            0x08004257   Thumb Code    28  stm32f4xx_tim.o(.text)
    TIM_ETRClockMode1Config                  0x08004273   Thumb Code    54  stm32f4xx_tim.o(.text)
    TIM_ETRClockMode2Config                  0x080042a9   Thumb Code    32  stm32f4xx_tim.o(.text)
    TIM_SelectOutputTrigger                  0x080042c9   Thumb Code    18  stm32f4xx_tim.o(.text)
    TIM_SelectSlaveMode                      0x080042db   Thumb Code    18  stm32f4xx_tim.o(.text)
    TIM_SelectMasterSlaveMode                0x080042ed   Thumb Code    18  stm32f4xx_tim.o(.text)
    TIM_EncoderInterfaceConfig               0x080042ff   Thumb Code    66  stm32f4xx_tim.o(.text)
    TIM_SelectHallSensor                     0x08004341   Thumb Code    24  stm32f4xx_tim.o(.text)
    TIM_RemapConfig                          0x08004359   Thumb Code     6  stm32f4xx_tim.o(.text)
    USART_DeInit                             0x08004361   Thumb Code   156  stm32f4xx_usart.o(.text)
    USART_Init                               0x080043fd   Thumb Code   204  stm32f4xx_usart.o(.text)
    USART_StructInit                         0x080044c9   Thumb Code    24  stm32f4xx_usart.o(.text)
    USART_ClockInit                          0x080044e1   Thumb Code    32  stm32f4xx_usart.o(.text)
    USART_ClockStructInit                    0x08004501   Thumb Code    12  stm32f4xx_usart.o(.text)
    USART_Cmd                                0x0800450d   Thumb Code    24  stm32f4xx_usart.o(.text)
    USART_SetPrescaler                       0x08004525   Thumb Code    16  stm32f4xx_usart.o(.text)
    USART_OverSampling8Cmd                   0x08004535   Thumb Code    22  stm32f4xx_usart.o(.text)
    USART_OneBitMethodCmd                    0x0800454b   Thumb Code    24  stm32f4xx_usart.o(.text)
    USART_SendData                           0x08004563   Thumb Code     8  stm32f4xx_usart.o(.text)
    USART_ReceiveData                        0x0800456b   Thumb Code    10  stm32f4xx_usart.o(.text)
    USART_SetAddress                         0x08004575   Thumb Code    18  stm32f4xx_usart.o(.text)
    USART_ReceiverWakeUpCmd                  0x08004587   Thumb Code    24  stm32f4xx_usart.o(.text)
    USART_WakeUpConfig                       0x0800459f   Thumb Code    18  stm32f4xx_usart.o(.text)
    USART_LINBreakDetectLengthConfig         0x080045b1   Thumb Code    18  stm32f4xx_usart.o(.text)
    USART_LINCmd                             0x080045c3   Thumb Code    24  stm32f4xx_usart.o(.text)
    USART_SendBreak                          0x080045db   Thumb Code    10  stm32f4xx_usart.o(.text)
    USART_HalfDuplexCmd                      0x080045e5   Thumb Code    24  stm32f4xx_usart.o(.text)
    USART_SetGuardTime                       0x080045fd   Thumb Code    16  stm32f4xx_usart.o(.text)
    USART_SmartCardCmd                       0x0800460d   Thumb Code    24  stm32f4xx_usart.o(.text)
    USART_SmartCardNACKCmd                   0x08004625   Thumb Code    24  stm32f4xx_usart.o(.text)
    USART_IrDAConfig                         0x0800463d   Thumb Code    18  stm32f4xx_usart.o(.text)
    USART_IrDACmd                            0x0800464f   Thumb Code    24  stm32f4xx_usart.o(.text)
    USART_DMACmd                             0x08004667   Thumb Code    18  stm32f4xx_usart.o(.text)
    USART_ITConfig                           0x08004679   Thumb Code    74  stm32f4xx_usart.o(.text)
    USART_GetFlagStatus                      0x080046c3   Thumb Code    26  stm32f4xx_usart.o(.text)
    USART_ClearFlag                          0x080046dd   Thumb Code    18  stm32f4xx_usart.o(.text)
    USART_GetITStatus                        0x080046ef   Thumb Code   110  stm32f4xx_usart.o(.text)
    USART_ClearITPendingBit                  0x0800475d   Thumb Code    30  stm32f4xx_usart.o(.text)
    SystemInit                               0x08004859   Thumb Code    88  system_stm32f4xx.o(.text)
    SystemCoreClockUpdate                    0x080048b1   Thumb Code   174  system_stm32f4xx.o(.text)
    enable_fromshangweijiEnabledSubsystem1IfActionSubsystemUARTTx 0x0800498d   Thumb Code     2  waijung_hwdrvlib.o(.text)
    enable_fromshangweijiEnabledSubsystem1IfActionSubsystem1UARTTx 0x0800498f   Thumb Code     2  waijung_hwdrvlib.o(.text)
    enable_fromshangweijiEnabledSubsystem1DigitalOutput 0x08004991   Thumb Code    48  waijung_hwdrvlib.o(.text)
    enable_fromshangweijiEnabledSubsystem2ReadUniqueID 0x080049c1   Thumb Code    26  waijung_hwdrvlib.o(.text)
    enable_fromshangweijiEnabledSubsystem2UARTTx 0x080049db   Thumb Code     2  waijung_hwdrvlib.o(.text)
    enable_fromshangweijiEnabledSubsystem3UARTTx 0x080049dd   Thumb Code     2  waijung_hwdrvlib.o(.text)
    enable_fromshangweijiEnabledSubsystem4UARTTx 0x080049df   Thumb Code     2  waijung_hwdrvlib.o(.text)
    enable_fromshangweijiEnabledSubsystem5UARTTx 0x080049e1   Thumb Code     2  waijung_hwdrvlib.o(.text)
    enable_fromshangweijiEnabledSubsystem6UARTTx 0x080049e3   Thumb Code     2  waijung_hwdrvlib.o(.text)
    UART3_RestoreBytes                       0x080049e5   Thumb Code    46  waijung_hwdrvlib.o(.text)
    UART3_Read                               0x08004a13   Thumb Code   118  waijung_hwdrvlib.o(.text)
    UART3_ReadBinary                         0x08004a89   Thumb Code   278  waijung_hwdrvlib.o(.text)
    IMUangle_Receive                         0x08004b9f   Thumb Code    42  waijung_hwdrvlib.o(.text)
    enable_IMUangle                          0x08004bc9   Thumb Code     2  waijung_hwdrvlib.o(.text)
    enable_OrangeLED1BlueLED                 0x08004bcb   Thumb Code    48  waijung_hwdrvlib.o(.text)
    UART2_RestoreBytes                       0x08004bfb   Thumb Code    46  waijung_hwdrvlib.o(.text)
    UART2_Read                               0x08004c29   Thumb Code   120  waijung_hwdrvlib.o(.text)
    UART2_ReadBinary                         0x08004ca1   Thumb Code   316  waijung_hwdrvlib.o(.text)
    ReceiverUARTRx3_Receive                  0x08004ddd   Thumb Code    38  waijung_hwdrvlib.o(.text)
    enable_ReceiverUARTRx3                   0x08004e03   Thumb Code     2  waijung_hwdrvlib.o(.text)
    UART1_RestoreBytes                       0x08004e05   Thumb Code    46  waijung_hwdrvlib.o(.text)
    UART1_Read                               0x08004e33   Thumb Code   118  waijung_hwdrvlib.o(.text)
    UART1_ReadEx                             0x08004ea9   Thumb Code   106  waijung_hwdrvlib.o(.text)
    UART1_ReadLine                           0x08004f13   Thumb Code   230  waijung_hwdrvlib.o(.text)
    fromshangweijiUARTRx3_Receive            0x08004ff9   Thumb Code    74  waijung_hwdrvlib.o(.text)
    enable_fromshangweijiUARTRx3             0x08005043   Thumb Code     2  waijung_hwdrvlib.o(.text)
    enable_executeBasicPWM7                  0x08005045   Thumb Code   240  waijung_hwdrvlib.o(.text)
    disable_executeBasicPWM7                 0x08005135   Thumb Code    12  waijung_hwdrvlib.o(.text)
    terminate_executeBasicPWM7               0x08005141   Thumb Code    12  waijung_hwdrvlib.o(.text)
    enable_toshangweijiUARTTx                0x0800514d   Thumb Code     2  waijung_hwdrvlib.o(.text)
    fromshangweijiUARTRx4_Receive            0x0800514f   Thumb Code    74  waijung_hwdrvlib.o(.text)
    enable_fromshangweijiUARTRx4             0x08005199   Thumb Code     2  waijung_hwdrvlib.o(.text)
    fromshangweijiUARTRx5_Receive            0x0800519b   Thumb Code   260  waijung_hwdrvlib.o(.text)
    enable_fromshangweijiUARTRx5             0x0800529f   Thumb Code     2  waijung_hwdrvlib.o(.text)
    fromshangweijiUARTRx1_Receive            0x080052a1   Thumb Code    58  waijung_hwdrvlib.o(.text)
    enable_fromshangweijiUARTRx1             0x080052db   Thumb Code     2  waijung_hwdrvlib.o(.text)
    fromshangweijiUARTRx_Receive             0x080052dd   Thumb Code    56  waijung_hwdrvlib.o(.text)
    enable_fromshangweijiUARTRx              0x08005315   Thumb Code     2  waijung_hwdrvlib.o(.text)
    fromshangweijiUARTRx2_Receive            0x08005317   Thumb Code    56  waijung_hwdrvlib.o(.text)
    enable_fromshangweijiUARTRx2             0x0800534f   Thumb Code     2  waijung_hwdrvlib.o(.text)
    UART1_ReadBinary                         0x08005351   Thumb Code   278  waijung_hwdrvlib.o(.text)
    UART1_FlushTxBuffer                      0x08005467   Thumb Code    76  waijung_hwdrvlib.o(.text)
    UART1_TxUpdate                           0x080054b3   Thumb Code    58  waijung_hwdrvlib.o(.text)
    UART1_Write                              0x080054ed   Thumb Code    32  waijung_hwdrvlib.o(.text)
    enable_initUARTSetup                     0x0800550d   Thumb Code   288  waijung_hwdrvlib.o(.text)
    UART3_ReadEx                             0x0800562d   Thumb Code   184  waijung_hwdrvlib.o(.text)
    UART3_ReadLine                           0x080056e5   Thumb Code   230  waijung_hwdrvlib.o(.text)
    UART3_FlushTxBuffer                      0x080057cb   Thumb Code    76  waijung_hwdrvlib.o(.text)
    UART3_TxUpdate                           0x08005817   Thumb Code    58  waijung_hwdrvlib.o(.text)
    UART3_Write                              0x08005851   Thumb Code    32  waijung_hwdrvlib.o(.text)
    enable_initUARTSetup1                    0x08005871   Thumb Code   288  waijung_hwdrvlib.o(.text)
    UART2_ReadEx                             0x08005991   Thumb Code   106  waijung_hwdrvlib.o(.text)
    UART2_ReadLine                           0x080059fb   Thumb Code   230  waijung_hwdrvlib.o(.text)
    enable_initUARTSetup2                    0x08005ae1   Thumb Code   280  waijung_hwdrvlib.o(.text)
    SysTimer_Start                           0x08005bf9   Thumb Code    32  waijung_hwdrvlib.o(.text)
    SysTimer_IsTimeout                       0x08005c19   Thumb Code    48  waijung_hwdrvlib.o(.text)
    SysTimer_uS_Start                        0x08005c49   Thumb Code    22  waijung_hwdrvlib.o(.text)
    SysTimer_uS_IsTimeout                    0x08005c5f   Thumb Code    94  waijung_hwdrvlib.o(.text)
    SysTimer_delay_us                        0x08005cbd   Thumb Code    26  waijung_hwdrvlib.o(.text)
    SysTimer_delay_ms                        0x08005cd7   Thumb Code    26  waijung_hwdrvlib.o(.text)
    com1                                     0x08005cf9   Thumb Code  3610  app_task.o(.text)
    control                                  0x08006b13   Thumb Code  1828  app_task.o(.text)
    IMU                                      0x08007237   Thumb Code    18  app_task.o(.text)
    Rec                                      0x08007249   Thumb Code   788  app_task.o(.text)
    FLASH_SetLatency                         0x080075a1   Thumb Code     6  stm32f4xx_flash.o(.text)
    FLASH_PrefetchBufferCmd                  0x080075a7   Thumb Code    30  stm32f4xx_flash.o(.text)
    FLASH_InstructionCacheCmd                0x080075c5   Thumb Code    30  stm32f4xx_flash.o(.text)
    FLASH_DataCacheCmd                       0x080075e3   Thumb Code    30  stm32f4xx_flash.o(.text)
    FLASH_InstructionCacheReset              0x08007601   Thumb Code    14  stm32f4xx_flash.o(.text)
    FLASH_DataCacheReset                     0x0800760f   Thumb Code    14  stm32f4xx_flash.o(.text)
    FLASH_Unlock                             0x0800761d   Thumb Code    26  stm32f4xx_flash.o(.text)
    FLASH_Lock                               0x08007637   Thumb Code    18  stm32f4xx_flash.o(.text)
    FLASH_GetStatus                          0x08007649   Thumb Code    90  stm32f4xx_flash.o(.text)
    FLASH_WaitForLastOperation               0x080076a3   Thumb Code    34  stm32f4xx_flash.o(.text)
    FLASH_EraseSector                        0x080076c5   Thumb Code   140  stm32f4xx_flash.o(.text)
    FLASH_EraseAllSectors                    0x08007751   Thumb Code   112  stm32f4xx_flash.o(.text)
    FLASH_EraseAllBank1Sectors               0x080077c1   Thumb Code   112  stm32f4xx_flash.o(.text)
    FLASH_EraseAllBank2Sectors               0x08007831   Thumb Code   112  stm32f4xx_flash.o(.text)
    FLASH_ProgramDoubleWord                  0x080078a1   Thumb Code    86  stm32f4xx_flash.o(.text)
    FLASH_ProgramWord                        0x080078f7   Thumb Code    82  stm32f4xx_flash.o(.text)
    FLASH_ProgramHalfWord                    0x08007949   Thumb Code    96  stm32f4xx_flash.o(.text)
    FLASH_ProgramByte                        0x080079a9   Thumb Code    70  stm32f4xx_flash.o(.text)
    FLASH_OB_Unlock                          0x080079ef   Thumb Code    26  stm32f4xx_flash.o(.text)
    FLASH_OB_Lock                            0x08007a09   Thumb Code    18  stm32f4xx_flash.o(.text)
    FLASH_OB_WRPConfig                       0x08007a1b   Thumb Code    54  stm32f4xx_flash.o(.text)
    FLASH_OB_WRP1Config                      0x08007a51   Thumb Code    54  stm32f4xx_flash.o(.text)
    FLASH_OB_PCROPSelectionConfig            0x08007a87   Thumb Code    24  stm32f4xx_flash.o(.text)
    FLASH_OB_PCROPConfig                     0x08007a9f   Thumb Code    54  stm32f4xx_flash.o(.text)
    FLASH_OB_PCROP1Config                    0x08007ad5   Thumb Code    54  stm32f4xx_flash.o(.text)
    FLASH_OB_RDPConfig                       0x08007b0b   Thumb Code    24  stm32f4xx_flash.o(.text)
    FLASH_OB_UserConfig                      0x08007b23   Thumb Code    46  stm32f4xx_flash.o(.text)
    FLASH_OB_BootConfig                      0x08007b51   Thumb Code    26  stm32f4xx_flash.o(.text)
    FLASH_OB_BORConfig                       0x08007b6b   Thumb Code    26  stm32f4xx_flash.o(.text)
    FLASH_OB_Launch                          0x08007b85   Thumb Code    30  stm32f4xx_flash.o(.text)
    FLASH_OB_GetUser                         0x08007ba3   Thumb Code    12  stm32f4xx_flash.o(.text)
    FLASH_OB_GetWRP                          0x08007baf   Thumb Code     8  stm32f4xx_flash.o(.text)
    FLASH_OB_GetWRP1                         0x08007bb7   Thumb Code     8  stm32f4xx_flash.o(.text)
    FLASH_OB_GetPCROP                        0x08007bbf   Thumb Code     8  stm32f4xx_flash.o(.text)
    FLASH_OB_GetPCROP1                       0x08007bc7   Thumb Code     8  stm32f4xx_flash.o(.text)
    FLASH_OB_GetRDP                          0x08007bcf   Thumb Code    20  stm32f4xx_flash.o(.text)
    FLASH_OB_GetBOR                          0x08007be3   Thumb Code    12  stm32f4xx_flash.o(.text)
    FLASH_ITConfig                           0x08007bef   Thumb Code    26  stm32f4xx_flash.o(.text)
    FLASH_GetFlagStatus                      0x08007c09   Thumb Code    22  stm32f4xx_flash.o(.text)
    FLASH_ClearFlag                          0x08007c1f   Thumb Code     8  stm32f4xx_flash.o(.text)
    rtGetInfF                                0x08007c35   Thumb Code    14  rtgetinf.o(.text)
    rtGetInf                                 0x08007c43   Thumb Code    84  rtgetinf.o(.text)
    rtGetMinusInfF                           0x08007c97   Thumb Code    12  rtgetinf.o(.text)
    rtGetMinusInf                            0x08007ca3   Thumb Code    84  rtgetinf.o(.text)
    rtGetNaNF                                0x08007d0d   Thumb Code    16  rtgetnan.o(.text)
    rtGetNaN                                 0x08007d1d   Thumb Code    84  rtgetnan.o(.text)
    rt_InitInfAndNaN                         0x08007d81   Thumb Code    66  rt_nonfinite.o(.text)
    rtIsInf                                  0x08007dc3   Thumb Code    66  rt_nonfinite.o(.text)
    rtIsInfF                                 0x08007e05   Thumb Code    40  rt_nonfinite.o(.text)
    rtIsNaN                                  0x08007e2d   Thumb Code    40  rt_nonfinite.o(.text)
    rtIsNaNF                                 0x08007e55   Thumb Code    18  rt_nonfinite.o(.text)
    OS_TaskStatStkChk                        0x08007e81   Thumb Code    54  os_core.o(.text)
    OS_TaskStat                              0x08007eb7   Thumb Code   116  os_core.o(.text)
    OS_TaskIdle                              0x08007f5f   Thumb Code    34  os_core.o(.text)
    OS_MemClr                                0x08007fb5   Thumb Code    18  os_core.o(.text)
    OSInit                                   0x080080d3   Thumb Code    44  os_core.o(.text)
    OSIntEnter                               0x080080ff   Thumb Code    28  os_core.o(.text)
    OSIntExit                                0x08008135   Thumb Code   112  os_core.o(.text)
    OSSchedLock                              0x080081a5   Thumb Code    50  os_core.o(.text)
    OS_Sched                                 0x080081d7   Thumb Code    88  os_core.o(.text)
    OSSchedUnlock                            0x0800822f   Thumb Code   238  os_core.o(.text)
    OSStart                                  0x0800831d   Thumb Code    48  os_core.o(.text)
    OSStatInit                               0x0800834d   Thumb Code    62  os_core.o(.text)
    OSTimeTick                               0x0800838b   Thumb Code   210  os_core.o(.text)
    OSVersion                                0x0800845d   Thumb Code     6  os_core.o(.text)
    OS_Dummy                                 0x08008463   Thumb Code     2  os_core.o(.text)
    OS_EventTaskRemove                       0x08008465   Thumb Code    42  os_core.o(.text)
    OS_EventTaskRdy                          0x0800848f   Thumb Code   114  os_core.o(.text)
    OS_EventTaskWait                         0x08008501   Thumb Code   112  os_core.o(.text)
    OS_EventWaitListInit                     0x08008571   Thumb Code    28  os_core.o(.text)
    OS_MemCopy                               0x0800858d   Thumb Code    20  os_core.o(.text)
    OS_StrLen                                0x080085a1   Thumb Code    20  os_core.o(.text)
    OS_TCBInit                               0x080085b5   Thumb Code   280  os_core.o(.text)
    OSFlagAccept                             0x08008711   Thumb Code   252  os_flag.o(.text)
    OSFlagCreate                             0x0800880d   Thumb Code    86  os_flag.o(.text)
    OS_FlagUnlink                            0x08008863   Thumb Code    36  os_flag.o(.text)
    OSFlagDel                                0x080088d9   Thumb Code   214  os_flag.o(.text)
    OSFlagNameGet                            0x080089af   Thumb Code    80  os_flag.o(.text)
    OSFlagNameSet                            0x080089ff   Thumb Code    66  os_flag.o(.text)
    OSFlagPend                               0x08008ad9   Thumb Code   614  os_flag.o(.text)
    OSFlagPendGetFlagsRdy                    0x08008d3f   Thumb Code    26  os_flag.o(.text)
    OSFlagPost                               0x08008d59   Thumb Code   312  os_flag.o(.text)
    OSFlagQuery                              0x08008e91   Thumb Code    48  os_flag.o(.text)
    OS_FlagInit                              0x08008ec1   Thumb Code    78  os_flag.o(.text)
    OSQAccept                                0x08008f1d   Thumb Code    88  os_q.o(.text)
    OSQCreate                                0x08008f75   Thumb Code   140  os_q.o(.text)
    OSQDel                                   0x08009001   Thumb Code   236  os_q.o(.text)
    OSQFlush                                 0x080090ed   Thumb Code    36  os_q.o(.text)
    OSQPend                                  0x08009111   Thumb Code   272  os_q.o(.text)
    OSQPendAbort                             0x08009221   Thumb Code   128  os_q.o(.text)
    OSQPost                                  0x080092a1   Thumb Code   114  os_q.o(.text)
    OSQPostFront                             0x08009313   Thumb Code   136  os_q.o(.text)
    OSQPostOpt                               0x0800939b   Thumb Code   182  os_q.o(.text)
    OSQQuery                                 0x08009451   Thumb Code    98  os_q.o(.text)
    OS_QInit                                 0x080094b3   Thumb Code    72  os_q.o(.text)
    OSSemAccept                              0x08009505   Thumb Code    42  os_sem.o(.text)
    OSSemCreate                              0x0800952f   Thumb Code    68  os_sem.o(.text)
    OSSemDel                                 0x08009573   Thumb Code   200  os_sem.o(.text)
    OSSemPend                                0x0800963b   Thumb Code   222  os_sem.o(.text)
    OSSemPendAbort                           0x08009719   Thumb Code   128  os_sem.o(.text)
    OSSemPost                                0x08009799   Thumb Code    88  os_sem.o(.text)
    OSSemQuery                               0x080097f1   Thumb Code    76  os_sem.o(.text)
    OSSemSet                                 0x0800983d   Thumb Code    66  os_sem.o(.text)
    OSTaskChangePrio                         0x08009891   Thumb Code   308  os_task.o(.text)
    OSTaskCreate                             0x080099c5   Thumb Code   148  os_task.o(.text)
    OS_TaskStkClr                            0x08009a59   Thumb Code    26  os_task.o(.text)
    OSTaskCreateExt                          0x08009a73   Thumb Code   170  os_task.o(.text)
    OSTaskDel                                0x08009b1d   Thumb Code   294  os_task.o(.text)
    OSTaskDelReq                             0x08009c43   Thumb Code   144  os_task.o(.text)
    OSTaskNameGet                            0x08009cd3   Thumb Code   114  os_task.o(.text)
    OSTaskNameSet                            0x08009d45   Thumb Code    98  os_task.o(.text)
    OSTaskResume                             0x08009da7   Thumb Code   154  os_task.o(.text)
    OSTaskStkChk                             0x08009e41   Thumb Code   132  os_task.o(.text)
    OSTaskSuspend                            0x08009ec5   Thumb Code   152  os_task.o(.text)
    OSTaskQuery                              0x08009f5d   Thumb Code    82  os_task.o(.text)
    OSTaskRegGet                             0x08009faf   Thumb Code    60  os_task.o(.text)
    OSTaskRegSet                             0x08009feb   Thumb Code    62  os_task.o(.text)
    OS_TaskReturn                            0x0800a029   Thumb Code    18  os_task.o(.text)
    OSTimeDly                                0x0800a055   Thumb Code   100  os_time.o(.text)
    OSTimeDlyHMSM                            0x0800a0b9   Thumb Code    86  os_time.o(.text)
    OSTimeDlyResume                          0x0800a10f   Thumb Code   168  os_time.o(.text)
    OSTimeGet                                0x0800a1b7   Thumb Code    24  os_time.o(.text)
    OSTimeSet                                0x0800a1cf   Thumb Code    24  os_time.o(.text)
    OS_CPU_SR_Save                           0x0800a205   Thumb Code     0  os_cpu_a.o(.text)
    OS_CPU_SR_Restore                        0x0800a20d   Thumb Code     0  os_cpu_a.o(.text)
    OSStartHighRdy                           0x0800a213   Thumb Code     0  os_cpu_a.o(.text)
    OSCtxSw                                  0x0800a237   Thumb Code     0  os_cpu_a.o(.text)
    OSIntCtxSw                               0x0800a245   Thumb Code     0  os_cpu_a.o(.text)
    PendSV_Handler                           0x0800a255   Thumb Code     0  os_cpu_a.o(.text)
    OSInitHookBegin                          0x0800a2cd   Thumb Code     2  os_cpu_c.o(.text)
    OSInitHookEnd                            0x0800a2cf   Thumb Code     2  os_cpu_c.o(.text)
    OSTaskCreateHook                         0x0800a2d1   Thumb Code     2  os_cpu_c.o(.text)
    OSTaskDelHook                            0x0800a2d3   Thumb Code     2  os_cpu_c.o(.text)
    OSTaskIdleHook                           0x0800a2d5   Thumb Code     2  os_cpu_c.o(.text)
    OSTaskStatHook                           0x0800a2d7   Thumb Code     2  os_cpu_c.o(.text)
    OSTaskStkInit                            0x0800a2d9   Thumb Code   426  os_cpu_c.o(.text)
    OSTaskSwHook                             0x0800a483   Thumb Code     2  os_cpu_c.o(.text)
    OSTCBInitHook                            0x0800a485   Thumb Code     2  os_cpu_c.o(.text)
    OSTimeTickHook                           0x0800a487   Thumb Code     2  os_cpu_c.o(.text)
    OSTaskReturnHook                         0x0800a489   Thumb Code     2  os_cpu_c.o(.text)
    __2sprintf                               0x0800a491   Thumb Code    34  noretval__2sprintf.o(.text)
    __0sscanf                                0x0800a4b9   Thumb Code    52  __0sscanf.o(.text)
    _scanf_int                               0x0800a4f5   Thumb Code   332  _scanf_int.o(.text)
    strlen                                   0x0800a641   Thumb Code    62  strlen.o(.text)
    strncmp                                  0x0800a67f   Thumb Code   150  strncmp.o(.text)
    __aeabi_memcpy                           0x0800a715   Thumb Code     0  rt_memcpy_v6.o(.text)
    __rt_memcpy                              0x0800a715   Thumb Code   138  rt_memcpy_v6.o(.text)
    _memcpy_lastbytes                        0x0800a77b   Thumb Code     0  rt_memcpy_v6.o(.text)
    __aeabi_memclr4                          0x0800a79f   Thumb Code     0  rt_memclr_w.o(.text)
    __aeabi_memclr8                          0x0800a79f   Thumb Code     0  rt_memclr_w.o(.text)
    __rt_memclr_w                            0x0800a79f   Thumb Code    78  rt_memclr_w.o(.text)
    _memset_w                                0x0800a7a3   Thumb Code     0  rt_memclr_w.o(.text)
    strcmp                                   0x0800a7ed   Thumb Code   128  strcmpv7m.o(.text)
    __use_two_region_memory                  0x0800a86d   Thumb Code     2  heapauxi.o(.text)
    __rt_heap_escrow$2region                 0x0800a86f   Thumb Code     2  heapauxi.o(.text)
    __rt_heap_expand$2region                 0x0800a871   Thumb Code     2  heapauxi.o(.text)
    __read_errno                             0x0800a873   Thumb Code    10  _rserrno.o(.text)
    __set_errno                              0x0800a87d   Thumb Code    12  _rserrno.o(.text)
    _printf_char_common                      0x0800a893   Thumb Code    32  _printf_char_common.o(.text)
    _sputc                                   0x0800a8b9   Thumb Code    10  _sputc.o(.text)
    _chval                                   0x0800a8c3   Thumb Code    28  _chval.o(.text)
    _scanf_really_real                       0x0800aadd   Thumb Code   668  scanf_fp.o(.text)
    __vfscanf_char                           0x0800ad91   Thumb Code    24  scanf_char.o(.text)
    _sgetc                                   0x0800adb1   Thumb Code    30  _sgetc.o(.text)
    _sbackspace                              0x0800adcf   Thumb Code    34  _sgetc.o(.text)
    __aeabi_memcpy4                          0x0800adf1   Thumb Code     0  rt_memcpy_w.o(.text)
    __aeabi_memcpy8                          0x0800adf1   Thumb Code     0  rt_memcpy_w.o(.text)
    __rt_memcpy_w                            0x0800adf1   Thumb Code   100  rt_memcpy_w.o(.text)
    _memcpy_lastbytes_aligned                0x0800ae39   Thumb Code     0  rt_memcpy_w.o(.text)
    __rt_locale                              0x0800ae55   Thumb Code     8  rt_locale_intlibspace.o(.text)
    __aeabi_errno_addr                       0x0800ae5d   Thumb Code     8  rt_errno_addr_intlibspace.o(.text)
    __errno$intlibspace                      0x0800ae5d   Thumb Code     0  rt_errno_addr_intlibspace.o(.text)
    __rt_errno_addr$intlibspace              0x0800ae5d   Thumb Code     0  rt_errno_addr_intlibspace.o(.text)
    isspace                                  0x0800ae65   Thumb Code    18  isspace.o(.text)
    __printf                                 0x0800ae77   Thumb Code    40  __printf_nopercent.o(.text)
    __vfscanf                                0x0800aea1   Thumb Code   872  _scanf.o(.text)
    _btod_etento                             0x0800b20d   Thumb Code   212  bigflt0.o(.text)
    __user_libspace                          0x0800b2e5   Thumb Code     8  libspace.o(.text)
    __user_perproc_libspace                  0x0800b2e5   Thumb Code     0  libspace.o(.text)
    __user_perthread_libspace                0x0800b2e5   Thumb Code     0  libspace.o(.text)
    __user_setup_stackheap                   0x0800b2ed   Thumb Code    74  sys_stackheap_outer.o(.text)
    __rt_ctype_table                         0x0800b339   Thumb Code    16  rt_ctype_table.o(.text)
    _scanf_really_hex_real                   0x0800b349   Thumb Code   778  scanf_hexfp.o(.text)
    _scanf_really_infnan                     0x0800b661   Thumb Code   292  scanf_infnan.o(.text)
    exit                                     0x0800b795   Thumb Code    12  exit.o(.text)
    __aeabi_llsl                             0x0800b7a1   Thumb Code     0  llshl.o(.text)
    _ll_shift_l                              0x0800b7a1   Thumb Code    38  llshl.o(.text)
    _sys_exit                                0x0800b7c9   Thumb Code     8  sys_exit.o(.text)
    __I$use$semihosting                      0x0800b7d5   Thumb Code     0  use_no_semi.o(.text)
    __use_no_semihosting_swi                 0x0800b7d5   Thumb Code     2  use_no_semi.o(.text)
    __btod_div_common                        0x0800b7d7   Thumb Code   696  btod.o(CL$$btod_div_common)
    __semihosting_library_function           0x0800b7d7   Thumb Code     0  indicate_semi.o(.text)
    _e2d                                     0x0800bb11   Thumb Code    80  btod.o(CL$$btod_e2d)
    _e2e                                     0x0800bb65   Thumb Code   198  btod.o(CL$$btod_e2e)
    _btod_ediv                               0x0800bc2b   Thumb Code    40  btod.o(CL$$btod_ediv)
    _btod_edivd                              0x0800bc53   Thumb Code    40  btod.o(CL$$btod_edivd)
    _btod_emul                               0x0800bc7b   Thumb Code    40  btod.o(CL$$btod_emul)
    _btod_emuld                              0x0800bca3   Thumb Code    40  btod.o(CL$$btod_emuld)
    __btod_mult_common                       0x0800bccb   Thumb Code   580  btod.o(CL$$btod_mult_common)
    __ARM_fpclassify                         0x0800bf0f   Thumb Code    48  fpclassify.o(i.__ARM_fpclassify)
    __hardfp_cos                             0x0800bf41   Thumb Code   200  cos.o(i.__hardfp_cos)
    __hardfp_fabs                            0x0800c019   Thumb Code    20  fabs.o(i.__hardfp_fabs)
    __hardfp_floor                           0x0800c031   Thumb Code   252  floor.o(i.__hardfp_floor)
    __hardfp_fmod                            0x0800c149   Thumb Code   276  fmod.o(i.__hardfp_fmod)
    __hardfp_ldexp                           0x0800c271   Thumb Code   208  ldexp.o(i.__hardfp_ldexp)
    __hardfp_sqrt                            0x0800c351   Thumb Code   122  sqrt.o(i.__hardfp_sqrt)
    __ieee754_rem_pio2                       0x0800c3d1   Thumb Code   938  rred.o(i.__ieee754_rem_pio2)
    __kernel_cos                             0x0800c809   Thumb Code   322  cos_i.o(i.__kernel_cos)
    __kernel_poly                            0x0800c979   Thumb Code   248  poly.o(i.__kernel_poly)
    __kernel_sin                             0x0800ca71   Thumb Code   280  sin_i.o(i.__kernel_sin)
    __mathlib_dbl_underflow                  0x0800cba1   Thumb Code    24  dunder.o(i.__mathlib_dbl_underflow)
    __mathlib_narrow                         0x0800cbc1   Thumb Code   166  narrow.o(i.__mathlib_narrow)
    __support_ldexp                          0x0800cc79   Thumb Code    20  ldexp.o(i.__support_ldexp)
    _is_digit                                0x0800cc8d   Thumb Code    14  scanf_fp.o(i._is_digit)
    fabs                                     0x0800cc9b   Thumb Code    24  fabs.o(i.fabs)
    frexp                                    0x0800ccb9   Thumb Code   118  frexp.o(i.frexp)
    _get_lc_numeric                          0x0800cd45   Thumb Code    44  lc_numeric_c.o(locale$$code)
    _get_lc_ctype                            0x0800cd71   Thumb Code    44  lc_ctype_c.o(locale$$code)
    __aeabi_dneg                             0x0800cd9d   Thumb Code     0  basic.o(x$fpl$basic)
    _dneg                                    0x0800cd9d   Thumb Code     6  basic.o(x$fpl$basic)
    __aeabi_fneg                             0x0800cda3   Thumb Code     0  basic.o(x$fpl$basic)
    _fneg                                    0x0800cda3   Thumb Code     6  basic.o(x$fpl$basic)
    _dabs                                    0x0800cda9   Thumb Code     6  basic.o(x$fpl$basic)
    _fabs                                    0x0800cdaf   Thumb Code     6  basic.o(x$fpl$basic)
    __aeabi_d2f                              0x0800cdb5   Thumb Code     0  d2f.o(x$fpl$d2f)
    _d2f                                     0x0800cdb5   Thumb Code    98  d2f.o(x$fpl$d2f)
    __aeabi_dadd                             0x0800ce19   Thumb Code     0  daddsub_clz.o(x$fpl$dadd)
    _dadd                                    0x0800ce19   Thumb Code   332  daddsub_clz.o(x$fpl$dadd)
    __fpl_dcheck_NaN1                        0x0800cf69   Thumb Code    10  dcheck1.o(x$fpl$dcheck1)
    __fpl_dcmp_Inf                           0x0800cf79   Thumb Code    24  dcmpi.o(x$fpl$dcmpinf)
    __aeabi_ddiv                             0x0800cf91   Thumb Code     0  ddiv.o(x$fpl$ddiv)
    _ddiv                                    0x0800cf91   Thumb Code   552  ddiv.o(x$fpl$ddiv)
    __aeabi_cdcmpeq                          0x0800d241   Thumb Code     0  deqf.o(x$fpl$deqf)
    _dcmpeq                                  0x0800d241   Thumb Code   120  deqf.o(x$fpl$deqf)
    __aeabi_d2iz                             0x0800d2b9   Thumb Code     0  dfix.o(x$fpl$dfix)
    _dfix                                    0x0800d2b9   Thumb Code    94  dfix.o(x$fpl$dfix)
    __aeabi_d2uiz                            0x0800d319   Thumb Code     0  dfixu.o(x$fpl$dfixu)
    _dfixu                                   0x0800d319   Thumb Code    90  dfixu.o(x$fpl$dfixu)
    __aeabi_i2d                              0x0800d373   Thumb Code     0  dflt_clz.o(x$fpl$dflt)
    _dflt                                    0x0800d373   Thumb Code    46  dflt_clz.o(x$fpl$dflt)
    __aeabi_ui2d                             0x0800d3a1   Thumb Code     0  dflt_clz.o(x$fpl$dfltu)
    _dfltu                                   0x0800d3a1   Thumb Code    38  dflt_clz.o(x$fpl$dfltu)
    __aeabi_cdcmple                          0x0800d3c9   Thumb Code     0  dleqf.o(x$fpl$dleqf)
    _dcmple                                  0x0800d3c9   Thumb Code   120  dleqf.o(x$fpl$dleqf)
    __fpl_dcmple_InfNaN                      0x0800d42b   Thumb Code     0  dleqf.o(x$fpl$dleqf)
    __aeabi_dmul                             0x0800d441   Thumb Code     0  dmul.o(x$fpl$dmul)
    _dmul                                    0x0800d441   Thumb Code   332  dmul.o(x$fpl$dmul)
    __fpl_dnaninf                            0x0800d595   Thumb Code   156  dnaninf.o(x$fpl$dnaninf)
    _drem                                    0x0800d631   Thumb Code   328  drem_clz.o(x$fpl$drem)
    __fpl_dretinf                            0x0800d781   Thumb Code    12  dretinf.o(x$fpl$dretinf)
    __aeabi_cdrcmple                         0x0800d78d   Thumb Code     0  drleqf.o(x$fpl$drleqf)
    _drcmple                                 0x0800d78d   Thumb Code   108  drleqf.o(x$fpl$drleqf)
    __aeabi_drsub                            0x0800d7f9   Thumb Code     0  daddsub_clz.o(x$fpl$drsb)
    _drsb                                    0x0800d7f9   Thumb Code    22  daddsub_clz.o(x$fpl$drsb)
    _dsqrt                                   0x0800d811   Thumb Code   404  dsqrt_umaal.o(x$fpl$dsqrt)
    __aeabi_dsub                             0x0800d9a9   Thumb Code     0  daddsub_clz.o(x$fpl$dsub)
    _dsub                                    0x0800d9a9   Thumb Code   464  daddsub_clz.o(x$fpl$dsub)
    __aeabi_f2d                              0x0800db7d   Thumb Code     0  f2d.o(x$fpl$f2d)
    _f2d                                     0x0800db7d   Thumb Code    86  f2d.o(x$fpl$f2d)
    __fpl_fnaninf                            0x0800dbd3   Thumb Code   140  fnaninf.o(x$fpl$fnaninf)
    _fp_init                                 0x0800dc5f   Thumb Code    10  fpinit.o(x$fpl$fpinit)
    __fplib_config_fpu_vfp                   0x0800dc67   Thumb Code     0  fpinit.o(x$fpl$fpinit)
    __fplib_config_pureend_doubles           0x0800dc67   Thumb Code     0  fpinit.o(x$fpl$fpinit)
    __fpl_fretinf                            0x0800dc69   Thumb Code    10  fretinf.o(x$fpl$fretinf)
    __fpl_return_NaN                         0x0800dc73   Thumb Code   100  retnan.o(x$fpl$retnan)
    __ARM_scalbn                             0x0800dcd7   Thumb Code    92  scalbn.o(x$fpl$scalbn)
    _scanf_real                              0x0800dd33   Thumb Code     4  scanf1.o(x$fpl$scanf1)
    _scanf_hex_real                          0x0800dd37   Thumb Code     4  scanf2.o(x$fpl$scanf2)
    _scanf_infnan                            0x0800dd3b   Thumb Code     4  scanf2.o(x$fpl$scanf2)
    __fpl_cmpreturn                          0x0800dd3f   Thumb Code    48  trapv.o(x$fpl$trapveneer)
    __I$use$fp                               0x0800dd6e   Number         0  usenofp.o(x$fpl$usenofp)
    download_M                               0x0800dd70   Data           4  download.o(.constdata)
    OSUnMapTbl                               0x0800de78   Data         256  os_core.o(.constdata)
    Region$$Table$$Base                      0x0800e12c   Number         0  anon$$obj.o(Region$$Table)
    Region$$Table$$Limit                     0x0800e14c   Number         0  anon$$obj.o(Region$$Table)
    __aeabi_HUGE_VAL                         0x0800e14c   Data           0  fpconst.o(c$$dinf)
    __aeabi_HUGE_VALL                        0x0800e14c   Data           0  fpconst.o(c$$dinf)
    __aeabi_INFINITY                         0x0800e14c   Data           0  fpconst.o(c$$dinf)
    __dInf                                   0x0800e14c   Data           0  fpconst.o(c$$dinf)
    __huge_val                               0x0800e14c   Data           0  fpconst.o(c$$dinf)
    __ctype                                  0x0800e17d   Data           0  lc_ctype_c.o(locale$$data)
    download_P                               0x20000008   Data         648  download_data.o(.data)
    systick_count                            0x20000290   Data           4  main.o(.data)
    IMU_SEM                                  0x20000298   Data           4  main.o(.data)
    Rec_SEM                                  0x2000029c   Data           4  main.o(.data)
    control_SEM                              0x200002a0   Data           4  main.o(.data)
    SystemCoreClock                          0x200002b4   Data           4  system_stm32f4xx.o(.data)
    AHBPrescTable                            0x200002b8   Data          16  system_stm32f4xx.o(.data)
    fromshangweijiEnabledSubsystem1DigitalOutput_portVal 0x200002c8   Data           2  waijung_hwdrvlib.o(.data)
    IMUangle_read_structure                  0x200002cc   Data           8  waijung_hwdrvlib.o(.data)
    OrangeLED1BlueLED_portVal                0x200002d4   Data           2  waijung_hwdrvlib.o(.data)
    ReceiverUARTRx3_read_structure           0x200002d8   Data           8  waijung_hwdrvlib.o(.data)
    fromshangweijiUARTRx3_read_structure     0x200002e0   Data           8  waijung_hwdrvlib.o(.data)
    fromshangweijiUARTRx3_data0              0x200002e8   Data           4  waijung_hwdrvlib.o(.data)
    fromshangweijiUARTRx3_data1              0x200002ec   Data           4  waijung_hwdrvlib.o(.data)
    fromshangweijiUARTRx3_data2              0x200002f0   Data           4  waijung_hwdrvlib.o(.data)
    fromshangweijiUARTRx3_data3              0x200002f4   Data           4  waijung_hwdrvlib.o(.data)
    fromshangweijiUARTRx3_data4              0x200002f8   Data           4  waijung_hwdrvlib.o(.data)
    fromshangweijiUARTRx4_read_structure     0x200002fc   Data           8  waijung_hwdrvlib.o(.data)
    fromshangweijiUARTRx4_data0              0x20000304   Data           4  waijung_hwdrvlib.o(.data)
    fromshangweijiUARTRx4_data1              0x20000308   Data           4  waijung_hwdrvlib.o(.data)
    fromshangweijiUARTRx4_data2              0x2000030c   Data           4  waijung_hwdrvlib.o(.data)
    fromshangweijiUARTRx4_data3              0x20000310   Data           4  waijung_hwdrvlib.o(.data)
    fromshangweijiUARTRx4_data4              0x20000314   Data           4  waijung_hwdrvlib.o(.data)
    fromshangweijiUARTRx5_read_structure     0x20000318   Data           8  waijung_hwdrvlib.o(.data)
    fromshangweijiUARTRx5_data0              0x20000320   Data           4  waijung_hwdrvlib.o(.data)
    fromshangweijiUARTRx5_data1              0x20000324   Data           4  waijung_hwdrvlib.o(.data)
    fromshangweijiUARTRx5_data2              0x20000328   Data           4  waijung_hwdrvlib.o(.data)
    fromshangweijiUARTRx5_data3              0x2000032c   Data           4  waijung_hwdrvlib.o(.data)
    fromshangweijiUARTRx5_data4              0x20000330   Data           4  waijung_hwdrvlib.o(.data)
    fromshangweijiUARTRx1_read_structure     0x20000334   Data           8  waijung_hwdrvlib.o(.data)
    fromshangweijiUARTRx1_data0              0x2000033c   Data           4  waijung_hwdrvlib.o(.data)
    fromshangweijiUARTRx_read_structure      0x20000340   Data           8  waijung_hwdrvlib.o(.data)
    fromshangweijiUARTRx2_read_structure     0x20000348   Data           8  waijung_hwdrvlib.o(.data)
    initUARTSetup_Tx_State                   0x20000350   Data           1  waijung_hwdrvlib.o(.data)
    initUARTSetup1_Tx_State                  0x20000351   Data           1  waijung_hwdrvlib.o(.data)
    rtInf                                    0x20000368   Data           8  rt_nonfinite.o(.data)
    rtMinusInf                               0x20000370   Data           8  rt_nonfinite.o(.data)
    rtNaN                                    0x20000378   Data           8  rt_nonfinite.o(.data)
    rtInfF                                   0x20000380   Data           4  rt_nonfinite.o(.data)
    rtMinusInfF                              0x20000384   Data           4  rt_nonfinite.o(.data)
    rtNaNF                                   0x20000388   Data           4  rt_nonfinite.o(.data)
    OSCtxSwCtr                               0x2000038c   Data           4  os_core.o(.data)
    OSEventFreeList                          0x20000390   Data           4  os_core.o(.data)
    OSFlagFreeList                           0x20000394   Data           4  os_core.o(.data)
    OSCPUUsage                               0x20000398   Data           1  os_core.o(.data)
    OSIdleCtrMax                             0x2000039c   Data           4  os_core.o(.data)
    OSIdleCtrRun                             0x200003a0   Data           4  os_core.o(.data)
    OSStatRdy                                0x200003a4   Data           1  os_core.o(.data)
    OSIntNesting                             0x200003a5   Data           1  os_core.o(.data)
    OSLockNesting                            0x200003a6   Data           1  os_core.o(.data)
    OSPrioCur                                0x200003a7   Data           1  os_core.o(.data)
    OSPrioHighRdy                            0x200003a8   Data           1  os_core.o(.data)
    OSRdyGrp                                 0x200003a9   Data           1  os_core.o(.data)
    OSRdyTbl                                 0x200003aa   Data           8  os_core.o(.data)
    OSRunning                                0x200003b2   Data           1  os_core.o(.data)
    OSTaskCtr                                0x200003b3   Data           1  os_core.o(.data)
    OSIdleCtr                                0x200003b4   Data           4  os_core.o(.data)
    OSTCBCur                                 0x200003b8   Data           4  os_core.o(.data)
    OSTCBFreeList                            0x200003bc   Data           4  os_core.o(.data)
    OSTCBHighRdy                             0x200003c0   Data           4  os_core.o(.data)
    OSTCBList                                0x200003c4   Data           4  os_core.o(.data)
    OSTickStepState                          0x200003c8   Data           1  os_core.o(.data)
    OSQFreeList                              0x200003cc   Data           4  os_core.o(.data)
    OSTime                                   0x200003d0   Data           4  os_core.o(.data)
    download_B                               0x200003d8   Data         496  download.o(.bss)
    download_DW                              0x200005c8   Data         136  download.o(.bss)
    download_M_                              0x20000650   Data          16  download.o(.bss)
    UID32_fromshangweijiEnabledSubsystem2ReadUniqueID 0x20001260   Data          12  waijung_hwdrvlib.o(.bss)
    UART1_Tx_Buffer                          0x2000126c   Data         512  waijung_hwdrvlib.o(.bss)
    UART1_Rx_Buffer                          0x2000146c   Data         512  waijung_hwdrvlib.o(.bss)
    UART1_Temp_Buffer                        0x2000166c   Data         512  waijung_hwdrvlib.o(.bss)
    initUARTSetup_DMA_Init                   0x2000186c   Data          60  waijung_hwdrvlib.o(.bss)
    UART3_Tx_Buffer                          0x200018a8   Data         512  waijung_hwdrvlib.o(.bss)
    UART3_Rx_Buffer                          0x20001aa8   Data         512  waijung_hwdrvlib.o(.bss)
    UART3_Temp_Buffer                        0x20001ca8   Data         512  waijung_hwdrvlib.o(.bss)
    initUARTSetup1_DMA_Init                  0x20001ea8   Data          60  waijung_hwdrvlib.o(.bss)
    UART2_Rx_Buffer                          0x20001ee4   Data         512  waijung_hwdrvlib.o(.bss)
    UART2_Temp_Buffer                        0x200020e4   Data         512  waijung_hwdrvlib.o(.bss)
    initUARTSetup2_DMA_Init                  0x200022e4   Data          60  waijung_hwdrvlib.o(.bss)
    OSEventTbl                               0x20002320   Data         200  os_core.o(.bss)
    OSFlagTbl                                0x200023e8   Data          80  os_core.o(.bss)
    OSTaskStatStk                            0x20002438   Data         512  os_core.o(.bss)
    OSTaskIdleStk                            0x20002638   Data         512  os_core.o(.bss)
    OSTCBPrioTbl                             0x20002838   Data         256  os_core.o(.bss)
    OSTCBTbl                                 0x20002938   Data        1008  os_core.o(.bss)
    OSQTbl                                   0x20002d28   Data         120  os_core.o(.bss)
    __libspace_start                         0x20002da0   Data          96  libspace.o(.bss)
    __temporary_stack_top$libspace           0x20002e00   Data           0  libspace.o(.bss)



==============================================================================

Memory Map of the image

  Image Entry point : 0x08000189

  Load Region LR_IROM1 (Base: 0x08000000, Size: 0x0000e654, Max: 0x00100000, ABSOLUTE, COMPRESSED[0x0000e394])

    Execution Region ER_IROM1 (Base: 0x08000000, Size: 0x0000e280, Max: 0x00100000, ABSOLUTE)

    Base Addr    Size         Type   Attr      Idx    E Section Name        Object

    0x08000000   0x00000188   Data   RO            3    RESET               startup_stm32f4xx.o
    0x08000188   0x00000008   Code   RO          878  * !!!main             c_w.l(__main.o)
    0x08000190   0x00000034   Code   RO         1280    !!!scatter          c_w.l(__scatter.o)
    0x080001c4   0x0000005a   Code   RO         1278    !!dczerorl2         c_w.l(__dczerorl2.o)
    0x0800021e   0x00000002   PAD
    0x08000220   0x0000001c   Code   RO         1282    !!handler_zi        c_w.l(__scatter_zi.o)
    0x0800023c   0x00000002   Code   RO         1139    .ARM.Collect$$libinit$$00000000  c_w.l(libinit.o)
    0x0800023e   0x00000004   Code   RO         1140    .ARM.Collect$$libinit$$00000001  c_w.l(libinit2.o)
    0x08000242   0x00000000   Code   RO         1144    .ARM.Collect$$libinit$$00000008  c_w.l(libinit2.o)
    0x08000242   0x00000000   Code   RO         1146    .ARM.Collect$$libinit$$0000000A  c_w.l(libinit2.o)
    0x08000242   0x00000000   Code   RO         1148    .ARM.Collect$$libinit$$0000000C  c_w.l(libinit2.o)
    0x08000242   0x00000006   Code   RO         1149    .ARM.Collect$$libinit$$0000000D  c_w.l(libinit2.o)
    0x08000248   0x00000000   Code   RO         1151    .ARM.Collect$$libinit$$0000000F  c_w.l(libinit2.o)
    0x08000248   0x0000000c   Code   RO         1152    .ARM.Collect$$libinit$$00000010  c_w.l(libinit2.o)
    0x08000254   0x00000000   Code   RO         1153    .ARM.Collect$$libinit$$00000011  c_w.l(libinit2.o)
    0x08000254   0x00000000   Code   RO         1155    .ARM.Collect$$libinit$$00000013  c_w.l(libinit2.o)
    0x08000254   0x0000000a   Code   RO         1156    .ARM.Collect$$libinit$$00000014  c_w.l(libinit2.o)
    0x0800025e   0x00000000   Code   RO         1157    .ARM.Collect$$libinit$$00000015  c_w.l(libinit2.o)
    0x0800025e   0x00000000   Code   RO         1159    .ARM.Collect$$libinit$$00000017  c_w.l(libinit2.o)
    0x0800025e   0x00000000   Code   RO         1161    .ARM.Collect$$libinit$$00000019  c_w.l(libinit2.o)
    0x0800025e   0x00000000   Code   RO         1163    .ARM.Collect$$libinit$$0000001B  c_w.l(libinit2.o)
    0x0800025e   0x00000000   Code   RO         1165    .ARM.Collect$$libinit$$0000001D  c_w.l(libinit2.o)
    0x0800025e   0x00000000   Code   RO         1167    .ARM.Collect$$libinit$$0000001F  c_w.l(libinit2.o)
    0x0800025e   0x00000000   Code   RO         1169    .ARM.Collect$$libinit$$00000021  c_w.l(libinit2.o)
    0x0800025e   0x00000000   Code   RO         1171    .ARM.Collect$$libinit$$00000023  c_w.l(libinit2.o)
    0x0800025e   0x00000000   Code   RO         1175    .ARM.Collect$$libinit$$0000002A  c_w.l(libinit2.o)
    0x0800025e   0x00000000   Code   RO         1177    .ARM.Collect$$libinit$$0000002C  c_w.l(libinit2.o)
    0x0800025e   0x00000000   Code   RO         1179    .ARM.Collect$$libinit$$0000002E  c_w.l(libinit2.o)
    0x0800025e   0x00000000   Code   RO         1181    .ARM.Collect$$libinit$$00000030  c_w.l(libinit2.o)
    0x0800025e   0x00000002   Code   RO         1182    .ARM.Collect$$libinit$$00000031  c_w.l(libinit2.o)
    0x08000260   0x00000002   Code   RO         1227    .ARM.Collect$$libshutdown$$00000000  c_w.l(libshutdown.o)
    0x08000262   0x00000000   Code   RO         1239    .ARM.Collect$$libshutdown$$00000003  c_w.l(libshutdown2.o)
    0x08000262   0x00000000   Code   RO         1242    .ARM.Collect$$libshutdown$$00000006  c_w.l(libshutdown2.o)
    0x08000262   0x00000000   Code   RO         1245    .ARM.Collect$$libshutdown$$00000009  c_w.l(libshutdown2.o)
    0x08000262   0x00000000   Code   RO         1247    .ARM.Collect$$libshutdown$$0000000B  c_w.l(libshutdown2.o)
    0x08000262   0x00000000   Code   RO         1250    .ARM.Collect$$libshutdown$$0000000E  c_w.l(libshutdown2.o)
    0x08000262   0x00000002   Code   RO         1251    .ARM.Collect$$libshutdown$$0000000F  c_w.l(libshutdown2.o)
    0x08000264   0x00000000   Code   RO          980    .ARM.Collect$$rtentry$$00000000  c_w.l(rtentry.o)
    0x08000264   0x00000000   Code   RO         1036    .ARM.Collect$$rtentry$$00000002  c_w.l(rtentry2.o)
    0x08000264   0x00000006   Code   RO         1048    .ARM.Collect$$rtentry$$00000004  c_w.l(rtentry4.o)
    0x0800026a   0x00000000   Code   RO         1038    .ARM.Collect$$rtentry$$00000009  c_w.l(rtentry2.o)
    0x0800026a   0x00000004   Code   RO         1039    .ARM.Collect$$rtentry$$0000000A  c_w.l(rtentry2.o)
    0x0800026e   0x00000000   Code   RO         1041    .ARM.Collect$$rtentry$$0000000C  c_w.l(rtentry2.o)
    0x0800026e   0x00000008   Code   RO         1042    .ARM.Collect$$rtentry$$0000000D  c_w.l(rtentry2.o)
    0x08000276   0x00000002   Code   RO         1191    .ARM.Collect$$rtexit$$00000000  c_w.l(rtexit.o)
    0x08000278   0x00000000   Code   RO         1205    .ARM.Collect$$rtexit$$00000002  c_w.l(rtexit2.o)
    0x08000278   0x00000004   Code   RO         1206    .ARM.Collect$$rtexit$$00000003  c_w.l(rtexit2.o)
    0x0800027c   0x00000006   Code   RO         1207    .ARM.Collect$$rtexit$$00000004  c_w.l(rtexit2.o)
    0x08000282   0x00000002   PAD
    0x08000284   0x00000040   Code   RO            4    .text               startup_stm32f4xx.o
    0x080002c4   0x00001f98   Code   RO           12    .text               download.o
    0x0800225c   0x00000126   Code   RO          159    .text               guidance_system.o
    0x08002382   0x00000002   PAD
    0x08002384   0x0000042c   Code   RO          189    .text               imu.o
    0x080027b0   0x00000348   Code   RO          219    .text               main.o
    0x08002af8   0x000003a8   Code   RO          321    .text               stm32f4xx_dma.o
    0x08002ea0   0x0000025c   Code   RO          341    .text               stm32f4xx_gpio.o
    0x080030fc   0x00000038   Code   RO          361    .text               stm32f4xx_it.o
    0x08003134   0x00000588   Code   RO          404    .text               stm32f4xx_rcc.o
    0x080036bc   0x00000ca2   Code   RO          446    .text               stm32f4xx_tim.o
    0x0800435e   0x00000002   PAD
    0x08004360   0x0000041a   Code   RO          466    .text               stm32f4xx_usart.o
    0x0800477a   0x00000002   PAD
    0x0800477c   0x00000210   Code   RO          486    .text               system_stm32f4xx.o
    0x0800498c   0x0000136c   Code   RO          512    .text               waijung_hwdrvlib.o
    0x08005cf8   0x000018a8   Code   RO          540    .text               app_task.o
    0x080075a0   0x00000694   Code   RO          561    .text               stm32f4xx_flash.o
    0x08007c34   0x000000d8   Code   RO          579    .text               rtgetinf.o
    0x08007d0c   0x00000074   Code   RO          594    .text               rtgetnan.o
    0x08007d80   0x00000100   Code   RO          609    .text               rt_nonfinite.o
    0x08007e80   0x00000890   Code   RO          629    .text               os_core.o
    0x08008710   0x0000080c   Code   RO          657    .text               os_flag.o
    0x08008f1c   0x000005e8   Code   RO          731    .text               os_q.o
    0x08009504   0x0000038c   Code   RO          751    .text               os_sem.o
    0x08009890   0x000007c4   Code   RO          771    .text               os_task.o
    0x0800a054   0x000001b0   Code   RO          791    .text               os_time.o
    0x0800a204   0x000000c8   Code   RO          823    .text               os_cpu_a.o
    0x0800a2cc   0x000001c4   Code   RO          828    .text               os_cpu_c.o
    0x0800a490   0x00000028   Code   RO          860    .text               c_w.l(noretval__2sprintf.o)
    0x0800a4b8   0x0000003c   Code   RO          862    .text               c_w.l(__0sscanf.o)
    0x0800a4f4   0x0000014c   Code   RO          864    .text               c_w.l(_scanf_int.o)
    0x0800a640   0x0000003e   Code   RO          866    .text               c_w.l(strlen.o)
    0x0800a67e   0x00000096   Code   RO          868    .text               c_w.l(strncmp.o)
    0x0800a714   0x0000008a   Code   RO          870    .text               c_w.l(rt_memcpy_v6.o)
    0x0800a79e   0x0000004e   Code   RO          872    .text               c_w.l(rt_memclr_w.o)
    0x0800a7ec   0x00000080   Code   RO          874    .text               c_w.l(strcmpv7m.o)
    0x0800a86c   0x00000006   Code   RO          876    .text               c_w.l(heapauxi.o)
    0x0800a872   0x00000016   Code   RO          981    .text               c_w.l(_rserrno.o)
    0x0800a888   0x00000030   Code   RO          983    .text               c_w.l(_printf_char_common.o)
    0x0800a8b8   0x0000000a   Code   RO          985    .text               c_w.l(_sputc.o)
    0x0800a8c2   0x0000001c   Code   RO          987    .text               c_w.l(_chval.o)
    0x0800a8de   0x00000002   PAD
    0x0800a8e0   0x000004a4   Code   RO          989    .text               c_w.l(scanf_fp.o)
    0x0800ad84   0x0000002c   Code   RO          993    .text               c_w.l(scanf_char.o)
    0x0800adb0   0x00000040   Code   RO          995    .text               c_w.l(_sgetc.o)
    0x0800adf0   0x00000064   Code   RO          997    .text               c_w.l(rt_memcpy_w.o)
    0x0800ae54   0x00000008   Code   RO         1053    .text               c_w.l(rt_locale_intlibspace.o)
    0x0800ae5c   0x00000008   Code   RO         1058    .text               c_w.l(rt_errno_addr_intlibspace.o)
    0x0800ae64   0x00000012   Code   RO         1060    .text               c_w.l(isspace.o)
    0x0800ae76   0x00000028   Code   RO         1062    .text               c_w.l(__printf_nopercent.o)
    0x0800ae9e   0x00000002   PAD
    0x0800aea0   0x0000036c   Code   RO         1064    .text               c_w.l(_scanf.o)
    0x0800b20c   0x000000d8   Code   RO         1066    .text               c_w.l(bigflt0.o)
    0x0800b2e4   0x00000008   Code   RO         1121    .text               c_w.l(libspace.o)
    0x0800b2ec   0x0000004a   Code   RO         1124    .text               c_w.l(sys_stackheap_outer.o)
    0x0800b336   0x00000002   PAD
    0x0800b338   0x00000010   Code   RO         1126    .text               c_w.l(rt_ctype_table.o)
    0x0800b348   0x00000318   Code   RO         1128    .text               c_w.l(scanf_hexfp.o)
    0x0800b660   0x00000134   Code   RO         1130    .text               c_w.l(scanf_infnan.o)
    0x0800b794   0x0000000c   Code   RO         1132    .text               c_w.l(exit.o)
    0x0800b7a0   0x00000026   Code   RO         1193    .text               c_w.l(llshl.o)
    0x0800b7c6   0x00000002   PAD
    0x0800b7c8   0x0000000c   Code   RO         1217    .text               c_w.l(sys_exit.o)
    0x0800b7d4   0x00000002   Code   RO         1228    .text               c_w.l(use_no_semi.o)
    0x0800b7d6   0x00000000   Code   RO         1230    .text               c_w.l(indicate_semi.o)
    0x0800b7d6   0x00000338   Code   RO         1079    CL$$btod_div_common  c_w.l(btod.o)
    0x0800bb0e   0x00000002   PAD
    0x0800bb10   0x00000054   Code   RO         1077    CL$$btod_e2d        c_w.l(btod.o)
    0x0800bb64   0x000000c6   Code   RO         1076    CL$$btod_e2e        c_w.l(btod.o)
    0x0800bc2a   0x00000028   Code   RO         1073    CL$$btod_ediv       c_w.l(btod.o)
    0x0800bc52   0x00000028   Code   RO         1075    CL$$btod_edivd      c_w.l(btod.o)
    0x0800bc7a   0x00000028   Code   RO         1072    CL$$btod_emul       c_w.l(btod.o)
    0x0800bca2   0x00000028   Code   RO         1074    CL$$btod_emuld      c_w.l(btod.o)
    0x0800bcca   0x00000244   Code   RO         1078    CL$$btod_mult_common  c_w.l(btod.o)
    0x0800bf0e   0x00000030   Code   RO         1109    i.__ARM_fpclassify  m_wm.l(fpclassify.o)
    0x0800bf3e   0x00000002   PAD
    0x0800bf40   0x000000d8   Code   RO          916    i.__hardfp_cos      m_wm.l(cos.o)
    0x0800c018   0x00000014   Code   RO          928    i.__hardfp_fabs     m_wm.l(fabs.o)
    0x0800c02c   0x00000004   PAD
    0x0800c030   0x00000118   Code   RO          934    i.__hardfp_floor    m_wm.l(floor.o)
    0x0800c148   0x00000128   Code   RO          940    i.__hardfp_fmod     m_wm.l(fmod.o)
    0x0800c270   0x000000e0   Code   RO          952    i.__hardfp_ldexp    m_wm.l(ldexp.o)
    0x0800c350   0x0000007a   Code   RO          968    i.__hardfp_sqrt     m_wm.l(sqrt.o)
    0x0800c3ca   0x00000006   PAD
    0x0800c3d0   0x00000438   Code   RO         1024    i.__ieee754_rem_pio2  m_wm.l(rred.o)
    0x0800c808   0x00000170   Code   RO         1018    i.__kernel_cos      m_wm.l(cos_i.o)
    0x0800c978   0x000000f8   Code   RO         1119    i.__kernel_poly     m_wm.l(poly.o)
    0x0800ca70   0x00000130   Code   RO         1029    i.__kernel_sin      m_wm.l(sin_i.o)
    0x0800cba0   0x00000020   Code   RO         1021    i.__mathlib_dbl_underflow  m_wm.l(dunder.o)
    0x0800cbc0   0x000000b8   Code   RO         1112    i.__mathlib_narrow  m_wm.l(narrow.o)
    0x0800cc78   0x00000014   Code   RO          954    i.__support_ldexp   m_wm.l(ldexp.o)
    0x0800cc8c   0x0000000e   Code   RO          991    i._is_digit         c_w.l(scanf_fp.o)
    0x0800cc9a   0x00000018   Code   RO          930    i.fabs              m_wm.l(fabs.o)
    0x0800ccb2   0x00000006   PAD
    0x0800ccb8   0x0000008c   Code   RO         1187    i.frexp             m_wm.l(frexp.o)
    0x0800cd44   0x0000002c   Code   RO         1092    locale$$code        c_w.l(lc_numeric_c.o)
    0x0800cd70   0x0000002c   Code   RO         1196    locale$$code        c_w.l(lc_ctype_c.o)
    0x0800cd9c   0x00000018   Code   RO          880    x$fpl$basic         fz_wm.l(basic.o)
    0x0800cdb4   0x00000062   Code   RO          882    x$fpl$d2f           fz_wm.l(d2f.o)
    0x0800ce16   0x00000002   PAD
    0x0800ce18   0x00000150   Code   RO          884    x$fpl$dadd          fz_wm.l(daddsub_clz.o)
    0x0800cf68   0x00000010   Code   RO         1094    x$fpl$dcheck1       fz_wm.l(dcheck1.o)
    0x0800cf78   0x00000018   Code   RO          999    x$fpl$dcmpinf       fz_wm.l(dcmpi.o)
    0x0800cf90   0x000002b0   Code   RO          891    x$fpl$ddiv          fz_wm.l(ddiv.o)
    0x0800d240   0x00000078   Code   RO          894    x$fpl$deqf          fz_wm.l(deqf.o)
    0x0800d2b8   0x0000005e   Code   RO         1096    x$fpl$dfix          fz_wm.l(dfix.o)
    0x0800d316   0x00000002   PAD
    0x0800d318   0x0000005a   Code   RO          896    x$fpl$dfixu         fz_wm.l(dfixu.o)
    0x0800d372   0x0000002e   Code   RO          901    x$fpl$dflt          fz_wm.l(dflt_clz.o)
    0x0800d3a0   0x00000026   Code   RO          900    x$fpl$dfltu         fz_wm.l(dflt_clz.o)
    0x0800d3c6   0x00000002   PAD
    0x0800d3c8   0x00000078   Code   RO          906    x$fpl$dleqf         fz_wm.l(dleqf.o)
    0x0800d440   0x00000154   Code   RO          908    x$fpl$dmul          fz_wm.l(dmul.o)
    0x0800d594   0x0000009c   Code   RO         1001    x$fpl$dnaninf       fz_wm.l(dnaninf.o)
    0x0800d630   0x00000150   Code   RO         1003    x$fpl$drem          fz_wm.l(drem_clz.o)
    0x0800d780   0x0000000c   Code   RO         1005    x$fpl$dretinf       fz_wm.l(dretinf.o)
    0x0800d78c   0x0000006c   Code   RO          910    x$fpl$drleqf        fz_wm.l(drleqf.o)
    0x0800d7f8   0x00000016   Code   RO          885    x$fpl$drsb          fz_wm.l(daddsub_clz.o)
    0x0800d80e   0x00000002   PAD
    0x0800d810   0x00000198   Code   RO         1007    x$fpl$dsqrt         fz_wm.l(dsqrt_umaal.o)
    0x0800d9a8   0x000001d4   Code   RO          886    x$fpl$dsub          fz_wm.l(daddsub_clz.o)
    0x0800db7c   0x00000056   Code   RO          912    x$fpl$f2d           fz_wm.l(f2d.o)
    0x0800dbd2   0x0000008c   Code   RO         1009    x$fpl$fnaninf       fz_wm.l(fnaninf.o)
    0x0800dc5e   0x0000000a   Code   RO         1200    x$fpl$fpinit        fz_wm.l(fpinit.o)
    0x0800dc68   0x0000000a   Code   RO         1011    x$fpl$fretinf       fz_wm.l(fretinf.o)
    0x0800dc72   0x00000064   Code   RO         1183    x$fpl$retnan        fz_wm.l(retnan.o)
    0x0800dcd6   0x0000005c   Code   RO         1015    x$fpl$scalbn        fz_wm.l(scalbn.o)
    0x0800dd32   0x00000004   Code   RO          914    x$fpl$scanf1        fz_wm.l(scanf1.o)
    0x0800dd36   0x00000008   Code   RO         1103    x$fpl$scanf2        fz_wm.l(scanf2.o)
    0x0800dd3e   0x00000030   Code   RO         1202    x$fpl$trapveneer    fz_wm.l(trapv.o)
    0x0800dd6e   0x00000000   Code   RO         1017    x$fpl$usenofp       fz_wm.l(usenofp.o)
    0x0800dd6e   0x00000002   PAD
    0x0800dd70   0x00000108   Data   RO           14    .constdata          download.o
    0x0800de78   0x00000100   Data   RO          631    .constdata          os_core.o
    0x0800df78   0x00000030   Data   RO         1019    .constdata          m_wm.l(cos_i.o)
    0x0800dfa8   0x000000c8   Data   RO         1026    .constdata          m_wm.l(rred.o)
    0x0800e070   0x00000028   Data   RO         1030    .constdata          m_wm.l(sin_i.o)
    0x0800e098   0x00000094   Data   RO         1067    .constdata          c_w.l(bigflt0.o)
    0x0800e12c   0x00000020   Data   RO         1276    Region$$Table       anon$$obj.o
    0x0800e14c   0x00000008   Data   RO         1100    c$$dinf             fz_wm.l(fpconst.o)
    0x0800e154   0x0000001c   Data   RO         1091    locale$$data        c_w.l(lc_numeric_c.o)
    0x0800e170   0x00000110   Data   RO         1195    locale$$data        c_w.l(lc_ctype_c.o)


    Execution Region RW_IRAM1 (Base: 0x20000000, Size: 0x00006e00, Max: 0x00020000, ABSOLUTE, COMPRESSED[0x00000114])

    Base Addr    Size         Type   Attr      Idx    E Section Name        Object

    0x20000000   0x00000008   Data   RW           15    .data               download.o
    0x20000008   0x00000288   Data   RW          135    .data               download_data.o
    0x20000290   0x00000014   Data   RW          221    .data               main.o
    0x200002a4   0x00000010   Data   RW          405    .data               stm32f4xx_rcc.o
    0x200002b4   0x00000014   Data   RW          487    .data               system_stm32f4xx.o
    0x200002c8   0x0000008a   Data   RW          514    .data               waijung_hwdrvlib.o
    0x20000352   0x00000002   PAD
    0x20000354   0x00000010   Data   RW          541    .data               app_task.o
    0x20000364   0x00000004   PAD
    0x20000368   0x00000024   Data   RW          610    .data               rt_nonfinite.o
    0x2000038c   0x00000048   Data   RW          632    .data               os_core.o
    0x200003d4   0x00000004   PAD
    0x200003d8   0x00000288   Zero   RW           13    .bss                download.o
    0x20000660   0x00000c00   Zero   RW          220    .bss                main.o
    0x20001260   0x000010c0   Zero   RW          513    .bss                waijung_hwdrvlib.o
    0x20002320   0x00000a80   Zero   RW          630    .bss                os_core.o
    0x20002da0   0x00000060   Zero   RW         1122    .bss                c_w.l(libspace.o)
    0x20002e00   0x00002000   Zero   RW            2    HEAP                startup_stm32f4xx.o
    0x20004e00   0x00002000   Zero   RW            1    STACK               startup_stm32f4xx.o


==============================================================================

Image component sizes


      Code (inc. data)   RO Data    RW Data    ZI Data      Debug   Object Name

      6312        372          0         16          0       4147   app_task.o
      8088        222        264          8        648     290160   download.o
         0          0          0        648          0       8833   download_data.o
       294          0          0          0          0      10822   guidance_system.o
      1068         18          0          0          0       1083   imu.o
       840         92          0         20       3072      46997   main.o
      2192        218        256         72       2688      15107   os_core.o
       200         32          0          0          0        328   os_cpu_a.o
       452          6          0          0          0      10618   os_cpu_c.o
      2060         42          0          0          0       6904   os_flag.o
      1512         30          0          0          0       5533   os_q.o
       908         18          0          0          0       3874   os_sem.o
      1988         70          0          0          0       7561   os_task.o
       432         30          0          0          0       1806   os_time.o
       256         26          0         36          0       1916   rt_nonfinite.o
       216         22          0          0          0       1946   rtgetinf.o
       116         16          0          0          0        953   rtgetnan.o
        64         26        392          0      16384        840   startup_stm32f4xx.o
       936         32          0          0          0       6285   stm32f4xx_dma.o
      1684         28          0          0          0       9142   stm32f4xx_flash.o
       604         36          0          0          0       4053   stm32f4xx_gpio.o
        56          6          0          0          0       1179   stm32f4xx_it.o
      1416         48          0         16          0      10927   stm32f4xx_rcc.o
      3234         60          0          0          0      22284   stm32f4xx_tim.o
      1050         26          0          0          0       7760   stm32f4xx_usart.o
       528         46          0         20          0       1831   system_stm32f4xx.o
      4972        354          0        138       4288      24804   waijung_hwdrvlib.o

    ----------------------------------------------------------------------
     41484       1876        944        980      27084     507693   Object Totals
         0          0         32          0          0          0   (incl. Generated)
         6          0          0          6          4          0   (incl. Padding)

    ----------------------------------------------------------------------

      Code (inc. data)   RO Data    RW Data    ZI Data      Debug   Library Member Name

        60          8          0          0          0         84   __0sscanf.o
        90          0          0          0          0          0   __dczerorl2.o
         8          0          0          0          0         68   __main.o
        40          0          0          0          0         84   __printf_nopercent.o
        52          8          0          0          0          0   __scatter.o
        28          0          0          0          0          0   __scatter_zi.o
        28          0          0          0          0         68   _chval.o
        48          6          0          0          0         96   _printf_char_common.o
        22          0          0          0          0        100   _rserrno.o
       876          4          0          0          0        100   _scanf.o
       332          0          0          0          0         96   _scanf_int.o
        64          0          0          0          0         84   _sgetc.o
        10          0          0          0          0         68   _sputc.o
       216          4        148          0          0         96   bigflt0.o
      1846        132          0          0          0        736   btod.o
        12          0          0          0          0         72   exit.o
         6          0          0          0          0        152   heapauxi.o
         0          0          0          0          0          0   indicate_semi.o
        18          0          0          0          0         76   isspace.o
        44         10        272          0          0         76   lc_ctype_c.o
        44         10         28          0          0         76   lc_numeric_c.o
         2          0          0          0          0          0   libinit.o
        34          0          0          0          0          0   libinit2.o
         2          0          0          0          0          0   libshutdown.o
         2          0          0          0          0          0   libshutdown2.o
         8          4          0          0         96         68   libspace.o
        38          0          0          0          0         68   llshl.o
        40          6          0          0          0         84   noretval__2sprintf.o
        16          4          0          0          0         76   rt_ctype_table.o
         8          4          0          0          0         68   rt_errno_addr_intlibspace.o
         8          4          0          0          0         68   rt_locale_intlibspace.o
        78          0          0          0          0         80   rt_memclr_w.o
       138          0          0          0          0         68   rt_memcpy_v6.o
       100          0          0          0          0         80   rt_memcpy_w.o
         0          0          0          0          0          0   rtentry.o
        12          0          0          0          0          0   rtentry2.o
         6          0          0          0          0          0   rtentry4.o
         2          0          0          0          0          0   rtexit.o
        10          0          0          0          0          0   rtexit2.o
        44          8          0          0          0         84   scanf_char.o
      1202         12          0          0          0        216   scanf_fp.o
       792         14          0          0          0        100   scanf_hexfp.o
       308         16          0          0          0        100   scanf_infnan.o
       128          0          0          0          0         68   strcmpv7m.o
        62          0          0          0          0         76   strlen.o
       150          0          0          0          0         80   strncmp.o
        12          4          0          0          0         68   sys_exit.o
        74          0          0          0          0         80   sys_stackheap_outer.o
         2          0          0          0          0         68   use_no_semi.o
        24          0          0          0          0        164   basic.o
        98          4          0          0          0        140   d2f.o
       826         16          0          0          0        492   daddsub_clz.o
        16          4          0          0          0        116   dcheck1.o
        24          0          0          0          0        116   dcmpi.o
       688        140          0          0          0        256   ddiv.o
       120          4          0          0          0        140   deqf.o
        94          4          0          0          0        140   dfix.o
        90          4          0          0          0        140   dfixu.o
        84          0          0          0          0        232   dflt_clz.o
       120          4          0          0          0        140   dleqf.o
       340         12          0          0          0        152   dmul.o
       156          4          0          0          0        140   dnaninf.o
       336         12          0          0          0        136   drem_clz.o
        12          0          0          0          0        116   dretinf.o
       108          0          0          0          0        128   drleqf.o
       408         56          0          0          0        168   dsqrt_umaal.o
        86          4          0          0          0        132   f2d.o
       140          4          0          0          0        132   fnaninf.o
         0          0          8          0          0          0   fpconst.o
        10          0          0          0          0        116   fpinit.o
        10          0          0          0          0        116   fretinf.o
       100          0          0          0          0        116   retnan.o
        92          0          0          0          0        116   scalbn.o
         4          0          0          0          0        116   scanf1.o
         8          0          0          0          0        132   scanf2.o
        48          0          0          0          0        116   trapv.o
         0          0          0          0          0          0   usenofp.o
       216         16          0          0          0        152   cos.o
       368         46         48          0          0        200   cos_i.o
        32          8          0          0          0        124   dunder.o
        44          0          0          0          0        248   fabs.o
       280         28          0          0          0        156   floor.o
       296         20          0          0          0        152   fmod.o
        48          0          0          0          0        124   fpclassify.o
       140         22          0          0          0        132   frexp.o
       244         16          0          0          0        308   ldexp.o
       184         18          0          0          0        152   narrow.o
       248          0          0          0          0        152   poly.o
      1080        142        200          0          0        188   rred.o
       304         24         40          0          0        208   sin_i.o
       122          0          0          0          0        148   sqrt.o

    ----------------------------------------------------------------------
     14812        872        744          0         96      10184   Library Totals
        42          2          0          0          0          0   (incl. Padding)

    ----------------------------------------------------------------------

      Code (inc. data)   RO Data    RW Data    ZI Data      Debug   Library Name

      7122        258        448          0         96       3732   c_w.l
      4042        272          8          0          0       4008   fz_wm.l
      3606        340        288          0          0       2444   m_wm.l

    ----------------------------------------------------------------------
     14812        872        744          0         96      10184   Library Totals

    ----------------------------------------------------------------------

==============================================================================


      Code (inc. data)   RO Data    RW Data    ZI Data      Debug   

     56296       2748       1688        980      27180     506197   Grand Totals
     56296       2748       1688        276      27180     506197   ELF Image Totals (compressed)
     56296       2748       1688        276          0          0   ROM Totals

==============================================================================

    Total RO  Size (Code + RO Data)                57984 (  56.63kB)
    Total RW  Size (RW Data + ZI Data)             28160 (  27.50kB)
    Total ROM Size (Code + RO Data + RW Data)      58260 (  56.89kB)

==============================================================================

