Product: MDK-ARM Professional 5.10
Component: ARM Compiler 5.04 update 1 (build 49)
Tool: armlink [5040049]

==============================================================================

Section Cross References

    stm32f4xx_tim.o(i.TIM_DeInit) refers to stm32f4xx_rcc.o(i.RCC_APB2PeriphResetCmd) for RCC_APB2PeriphResetCmd
    stm32f4xx_tim.o(i.TIM_DeInit) refers to stm32f4xx_rcc.o(i.RCC_APB1PeriphResetCmd) for RCC_APB1PeriphResetCmd
    stm32f4xx_tim.o(i.TIM_ETRClockMode1Config) refers to stm32f4xx_tim.o(i.TIM_ETRConfig) for TIM_ETRConfig
    stm32f4xx_tim.o(i.TIM_ETRClockMode2Config) refers to stm32f4xx_tim.o(i.TIM_ETRConfig) for TIM_ETRConfig
    stm32f4xx_tim.o(i.TIM_ICInit) refers to stm32f4xx_tim.o(i.TIM_SetIC4Prescaler) for TIM_SetIC4Prescaler
    stm32f4xx_tim.o(i.TIM_ICInit) refers to stm32f4xx_tim.o(i.TI1_Config) for TI1_Config
    stm32f4xx_tim.o(i.TIM_ICInit) refers to stm32f4xx_tim.o(i.TIM_SetIC1Prescaler) for TIM_SetIC1Prescaler
    stm32f4xx_tim.o(i.TIM_ICInit) refers to stm32f4xx_tim.o(i.TI2_Config) for TI2_Config
    stm32f4xx_tim.o(i.TIM_ICInit) refers to stm32f4xx_tim.o(i.TIM_SetIC2Prescaler) for TIM_SetIC2Prescaler
    stm32f4xx_tim.o(i.TIM_ICInit) refers to stm32f4xx_tim.o(i.TIM_SetIC3Prescaler) for TIM_SetIC3Prescaler
    stm32f4xx_tim.o(i.TIM_ITRxExternalClockConfig) refers to stm32f4xx_tim.o(i.TIM_SelectInputTrigger) for TIM_SelectInputTrigger
    stm32f4xx_tim.o(i.TIM_PWMIConfig) refers to stm32f4xx_tim.o(i.TI2_Config) for TI2_Config
    stm32f4xx_tim.o(i.TIM_PWMIConfig) refers to stm32f4xx_tim.o(i.TIM_SetIC2Prescaler) for TIM_SetIC2Prescaler
    stm32f4xx_tim.o(i.TIM_PWMIConfig) refers to stm32f4xx_tim.o(i.TI1_Config) for TI1_Config
    stm32f4xx_tim.o(i.TIM_PWMIConfig) refers to stm32f4xx_tim.o(i.TIM_SetIC1Prescaler) for TIM_SetIC1Prescaler
    stm32f4xx_tim.o(i.TIM_TIxExternalClockConfig) refers to stm32f4xx_tim.o(i.TI1_Config) for TI1_Config
    stm32f4xx_tim.o(i.TIM_TIxExternalClockConfig) refers to stm32f4xx_tim.o(i.TIM_SelectInputTrigger) for TIM_SelectInputTrigger
    stm32f4xx_tim.o(i.TIM_TIxExternalClockConfig) refers to stm32f4xx_tim.o(i.TI2_Config) for TI2_Config
    waijung_hwdrvlib.o(i.IMUangle_Receive) refers to waijung_hwdrvlib.o(i.UART3_ReadBinary) for UART3_ReadBinary
    waijung_hwdrvlib.o(i.IMUangle_Receive) refers to waijung_hwdrvlib.o(.data) for .data
    waijung_hwdrvlib.o(i.ReceiverUARTRx3_Receive) refers to waijung_hwdrvlib.o(i.UART2_ReadBinary) for UART2_ReadBinary
    waijung_hwdrvlib.o(i.ReceiverUARTRx3_Receive) refers to waijung_hwdrvlib.o(.data) for .data
    waijung_hwdrvlib.o(i.SysTimer_IsTimeout) refers to main.o(.data) for systick_count
    waijung_hwdrvlib.o(i.SysTimer_Start) refers to main.o(.data) for systick_count
    waijung_hwdrvlib.o(i.SysTimer_delay_ms) refers to waijung_hwdrvlib.o(i.SysTimer_Start) for SysTimer_Start
    waijung_hwdrvlib.o(i.SysTimer_delay_ms) refers to waijung_hwdrvlib.o(i.SysTimer_IsTimeout) for SysTimer_IsTimeout
    waijung_hwdrvlib.o(i.SysTimer_delay_us) refers to waijung_hwdrvlib.o(i.SysTimer_uS_Start) for SysTimer_uS_Start
    waijung_hwdrvlib.o(i.SysTimer_delay_us) refers to waijung_hwdrvlib.o(i.SysTimer_uS_IsTimeout) for SysTimer_uS_IsTimeout
    waijung_hwdrvlib.o(i.SysTimer_uS_IsTimeout) refers to main.o(.data) for systick_count
    waijung_hwdrvlib.o(i.SysTimer_uS_Start) refers to main.o(.data) for systick_count
    waijung_hwdrvlib.o(i.UART1_FlushTxBuffer) refers to stm32f4xx_dma.o(i.DMA_GetFlagStatus) for DMA_GetFlagStatus
    waijung_hwdrvlib.o(i.UART1_FlushTxBuffer) refers to stm32f4xx_usart.o(i.USART_GetFlagStatus) for USART_GetFlagStatus
    waijung_hwdrvlib.o(i.UART1_FlushTxBuffer) refers to stm32f4xx_dma.o(i.DMA_ClearFlag) for DMA_ClearFlag
    waijung_hwdrvlib.o(i.UART1_FlushTxBuffer) refers to stm32f4xx_dma.o(i.DMA_Cmd) for DMA_Cmd
    waijung_hwdrvlib.o(i.UART1_FlushTxBuffer) refers to stm32f4xx_usart.o(i.USART_DMACmd) for USART_DMACmd
    waijung_hwdrvlib.o(i.UART1_FlushTxBuffer) refers to waijung_hwdrvlib.o(.data) for .data
    waijung_hwdrvlib.o(i.UART1_Read) refers to waijung_hwdrvlib.o(.bss) for .bss
    waijung_hwdrvlib.o(i.UART1_ReadBinary) refers to waijung_hwdrvlib.o(i.UART1_Read) for UART1_Read
    waijung_hwdrvlib.o(i.UART1_ReadBinary) refers to waijung_hwdrvlib.o(i.UART1_RestoreBytes) for UART1_RestoreBytes
    waijung_hwdrvlib.o(i.UART1_ReadEx) refers to waijung_hwdrvlib.o(i.UART1_Read) for UART1_Read
    waijung_hwdrvlib.o(i.UART1_ReadEx) refers to rt_memcpy_v6.o(.text) for __aeabi_memcpy
    waijung_hwdrvlib.o(i.UART1_ReadEx) refers to waijung_hwdrvlib.o(i.UART1_RestoreBytes) for UART1_RestoreBytes
    waijung_hwdrvlib.o(i.UART1_ReadLine) refers to waijung_hwdrvlib.o(i.UART1_Read) for UART1_Read
    waijung_hwdrvlib.o(i.UART1_ReadLine) refers to waijung_hwdrvlib.o(i.UART1_RestoreBytes) for UART1_RestoreBytes
    waijung_hwdrvlib.o(i.UART1_ReadLine) refers to waijung_hwdrvlib.o(i.UART1_ReadEx) for UART1_ReadEx
[...]
    x$fpl$d2f                                0x08005bc4   Section       98  d2f.o(x$fpl$d2f)
    $v0                                      0x08005bc4   Number         0  d2f.o(x$fpl$d2f)
    x$fpl$dadd                               0x08005c28   Section      336  daddsub_clz.o(x$fpl$dadd)
    $v0                                      0x08005c28   Number         0  daddsub_clz.o(x$fpl$dadd)
    _dadd1                                   0x08005c39   Thumb Code     0  daddsub_clz.o(x$fpl$dadd)
    x$fpl$dcheck1                            0x08005d78   Section       16  dcheck1.o(x$fpl$dcheck1)
    $v0                                      0x08005d78   Number         0  dcheck1.o(x$fpl$dcheck1)
    x$fpl$dcmpinf                            0x08005d88   Section       24  dcmpi.o(x$fpl$dcmpinf)
    $v0                                      0x08005d88   Number         0  dcmpi.o(x$fpl$dcmpinf)
    x$fpl$ddiv                               0x08005da0   Section      688  ddiv.o(x$fpl$ddiv)
    $v0                                      0x08005da0   Number         0  ddiv.o(x$fpl$ddiv)
    ddiv_entry                               0x08005da7   Thumb Code     0  ddiv.o(x$fpl$ddiv)
    x$fpl$deqf                               0x08006050   Section      120  deqf.o(x$fpl$deqf)
    $v0                                      0x08006050   Number         0  deqf.o(x$fpl$deqf)
    x$fpl$dfix                               0x080060c8   Section       94  dfix.o(x$fpl$dfix)
    $v0                                      0x080060c8   Number         0  dfix.o(x$fpl$dfix)
    x$fpl$dfixu                              0x08006128   Section       90  dfixu.o(x$fpl$dfixu)
    $v0                                      0x08006128   Number         0  dfixu.o(x$fpl$dfixu)
    x$fpl$dflt                               0x08006182   Section       46  dflt_clz.o(x$fpl$dflt)
    $v0                                      0x08006182   Number         0  dflt_clz.o(x$fpl$dflt)
    x$fpl$dfltu                              0x080061b0   Section       38  dflt_clz.o(x$fpl$dfltu)
    $v0                                      0x080061b0   Number         0  dflt_clz.o(x$fpl$dfltu)
    x$fpl$dleqf                              0x080061d8   Section      120  dleqf.o(x$fpl$dleqf)
    $v0                                      0x080061d8   Number         0  dleqf.o(x$fpl$dleqf)
    x$fpl$dmul                               0x08006250   Section      340  dmul.o(x$fpl$dmul)
    $v0                                      0x08006250   Number         0  dmul.o(x$fpl$dmul)
    x$fpl$dnaninf                            0x080063a4   Section      156  dnaninf.o(x$fpl$dnaninf)
    $v0                                      0x080063a4   Number         0  dnaninf.o(x$fpl$dnaninf)
    x$fpl$dretinf                            0x08006440   Section       12  dretinf.o(x$fpl$dretinf)
    $v0                                      0x08006440   Number         0  dretinf.o(x$fpl$dretinf)
    x$fpl$drleqf                             0x0800644c   Section      108  drleqf.o(x$fpl$drleqf)
    $v0                                      0x0800644c   Number         0  drleqf.o(x$fpl$drleqf)
    x$fpl$drsb                               0x080064b8   Section       22  daddsub_clz.o(x$fpl$drsb)
    $v0                                      0x080064b8   Number         0  daddsub_clz.o(x$fpl$drsb)
    x$fpl$dsqrt                              0x080064d0   Section      408  dsqrt_umaal.o(x$fpl$dsqrt)
    $v0                                      0x080064d0   Number         0  dsqrt_umaal.o(x$fpl$dsqrt)
    x$fpl$dsub                               0x08006668   Section      468  daddsub_clz.o(x$fpl$dsub)
    $v0                                      0x08006668   Number         0  daddsub_clz.o(x$fpl$dsub)
    _dsub1                                   0x08006679   Thumb Code     0  daddsub_clz.o(x$fpl$dsub)
    x$fpl$f2d                                0x0800683c   Section       86  f2d.o(x$fpl$f2d)
    $v0                                      0x0800683c   Number         0  f2d.o(x$fpl$f2d)
    x$fpl$fnaninf                            0x08006892   Section      140  fnaninf.o(x$fpl$fnaninf)
    $v0                                      0x08006892   Number         0  fnaninf.o(x$fpl$fnaninf)
    x$fpl$fpinit                             0x0800691e   Section       10  fpinit.o(x$fpl$fpinit)
    $v0                                      0x0800691e   Number         0  fpinit.o(x$fpl$fpinit)
    x$fpl$fretinf                            0x08006928   Section       10  fretinf.o(x$fpl$fretinf)
    $v0                                      0x08006928   Number         0  fretinf.o(x$fpl$fretinf)
    x$fpl$retnan                             0x08006932   Section      100  retnan.o(x$fpl$retnan)
    $v0                                      0x08006932   Number         0  retnan.o(x$fpl$retnan)
    x$fpl$scalbn                             0x08006996   Section       92  scalbn.o(x$fpl$scalbn)
    $v0                                      0x08006996   Number         0  scalbn.o(x$fpl$scalbn)
    x$fpl$scanf1                             0x080069f2   Section        4  scanf1.o(x$fpl$scanf1)
    $v0                                      0x080069f2   Number         0  scanf1.o(x$fpl$scanf1)
    x$fpl$scanf2                             0x080069f6   Section        8  scanf2.o(x$fpl$scanf2)
    $v0                                      0x080069f6   Number         0  scanf2.o(x$fpl$scanf2)
    x$fpl$trapveneer                         0x080069fe   Section       48  trapv.o(x$fpl$trapveneer)
    $v0                                      0x080069fe   Number         0  trapv.o(x$fpl$trapveneer)
    x$fpl$usenofp                            0x08006a2e   Section        0  usenofp.o(x$fpl$usenofp)
    .constdata                               0x08006a30   Section      264  huamo.o(.constdata)
    a                                        0x08006a38   Data         128  huamo.o(.constdata)
    a_0                                      0x08006ab8   Data         128  huamo.o(.constdata)
    .constdata                               0x08006b38   Section       48  cos_i.o(.constdata)
    C                                        0x08006b38   Data          48  cos_i.o(.constdata)
    .constdata                               0x08006b68   Section      200  rred.o(.constdata)
    pio2s                                    0x08006b68   Data          48  rred.o(.constdata)
    twooverpi                                0x08006b98   Data         152  rred.o(.constdata)
    .constdata                               0x08006c30   Section       40  sin_i.o(.constdata)
    S                                        0x08006c30   Data          40  sin_i.o(.constdata)
    .constdata                               0x08006c58   Section      148  bigflt0.o(.constdata)
    tenpwrs_x                                0x08006c58   Data          60  bigflt0.o(.constdata)
    tenpwrs_i                                0x08006c94   Data          64  bigflt0.o(.constdata)
    c$$dinf                                  0x08006d0c   Section        8  fpconst.o(c$$dinf)
    locale$$data                             0x08006d14   Section       28  lc_numeric_c.o(locale$$data)
    __lcnum_c_name                           0x08006d18   Data           2  lc_numeric_c.o(locale$$data)
    __lcnum_c_start                          0x08006d20   Data           0  lc_numeric_c.o(locale$$data)
    __lcnum_c_point                          0x08006d2c   Data           0  lc_numeric_c.o(locale$$data)
    __lcnum_c_thousands                      0x08006d2e   Data           0  lc_numeric_c.o(locale$$data)
    __lcnum_c_grouping                       0x08006d2f   Data           0  lc_numeric_c.o(locale$$data)
    locale$$data                             0x08006d30   Section      272  lc_ctype_c.o(locale$$data)
    __lcnum_c_end                            0x08006d30   Data           0  lc_numeric_c.o(locale$$data)
    __lcctype_c_name                         0x08006d34   Data           2  lc_ctype_c.o(locale$$data)
    __lcctype_c_start                        0x08006d3c   Data           0  lc_ctype_c.o(locale$$data)
    __lcctype_c_end                          0x08006e40   Data           0  lc_ctype_c.o(locale$$data)
    .data                                    0x20000000   Section      132  waijung_hwdrvlib.o(.data)
    .data                                    0x20000084   Section       16  stm32f4xx_rcc.o(.data)
    APBAHBPrescTable                         0x20000084   Data          16  stm32f4xx_rcc.o(.data)
    .data                                    0x20000098   Section      504  huamo_data.o(.data)
    .data                                    0x20000290   Section        8  main.o(.data)
    systick_active                           0x20000294   Data           4  main.o(.data)
    .bss                                     0x20000298   Section     2752  waijung_hwdrvlib.o(.bss)
    .bss                                     0x20000d58   Section      512  waijung_hwdrvlib.o(.bss)
    .bss                                     0x20000f58   Section      512  waijung_hwdrvlib.o(.bss)
    .bss                                     0x20001158   Section      512  waijung_hwdrvlib.o(.bss)
    .bss                                     0x20001358   Section      472  huamo.o(.bss)
    .bss                                     0x20001530   Section       12  huamo.o(.bss)
    .bss                                     0x2000153c   Section       96  libspace.o(.bss)
    HEAP                                     0x200015a0   Section     8192  startup_stm32f4xx.o(HEAP)
    Heap_Mem                                 0x200015a0   Data        8192  startup_stm32f4xx.o(HEAP)
    STACK                                    0x200035a0   Section     8192  startup_stm32f4xx.o(STACK)
    Stack_Mem                                0x200035a0   Data        8192  startup_stm32f4xx.o(STACK)
    __initial_sp                             0x200055a0   Data           0  startup_stm32f4xx.o(STACK)

    Global Symbols

    Symbol Name                              Value     Ov Type        Size  Object(Section)

    BuildAttributes$$THM_ISAv4$E$P$D$K$B$S$7EM$VFPi3$EXTD16$VFPS$VFMA$PE$A:L22UL41UL21$X:L11$S22US41US21$IEEE1$IW$USESV6$~STKCKD$USESV7$~SHL$OTIME$ROPI$IEEEX$EBA8$UX$STANDARDLIB$REQ8$PRES8$EABIv2 0x00000000   Number         0  anon$$obj.o ABSOLUTE
    __ARM_use_no_argv                        0x00000000   Number         0  main.o ABSOLUTE
    __ARM_exceptions_init                     - Undefined Weak Reference
    __alloca_initialize                       - Undefined Weak Reference
    __cpp_initialize__aeabi_                  - Undefined Weak Reference
    __cxa_finalize                            - Undefined Weak Reference
    __sigvec_lookup                           - Undefined Weak Reference
    _atexit_init                              - Undefined Weak Reference
    _call_atexit_fns                          - Undefined Weak Reference
    _clock_init                               - Undefined Weak Reference
    _fp_trap_init                             - Undefined Weak Reference
    _fp_trap_shutdown                         - Undefined Weak Reference
    _get_lc_collate                           - Undefined Weak Reference
    _get_lc_monetary                          - Undefined Weak Reference
    _get_lc_time                              - Undefined Weak Reference
    _getenv_init                              - Undefined Weak Reference
    _handle_redirection                       - Undefined Weak Reference
    _init_alloc                               - Undefined Weak Reference
    _init_user_alloc                          - Undefined Weak Reference
    _initio                                   - Undefined Weak Reference
    _printf_post_padding                      - Undefined Weak Reference
    _printf_pre_padding                       - Undefined Weak Reference
    _printf_truncate_signed                   - Undefined Weak Reference
    _printf_truncate_unsigned                 - Undefined Weak Reference
    _rand_init                                - Undefined Weak Reference
    _scanf_longlong                           - Undefined Weak Reference
    _scanf_mbtowc                             - Undefined Weak Reference
    _scanf_string                             - Undefined Weak Reference
    _scanf_wctomb                             - Undefined Weak Reference
    _scanf_wstring                            - Undefined Weak Reference
    _signal_finish                            - Undefined Weak Reference
    _signal_init                              - Undefined Weak Reference
    _terminate_alloc                          - Undefined Weak Reference
    _terminate_user_alloc                     - Undefined Weak Reference
    _terminateio                              - Undefined Weak Reference
    __Vectors_Size                           0x00000188   Number         0  startup_stm32f4xx.o ABSOLUTE
    __Vectors                                0x08000000   Data           4  startup_stm32f4xx.o(RESET)
    __Vectors_End                            0x08000188   Data           0  startup_stm32f4xx.o(RESET)
    __main                                   0x08000189   Thumb Code     8  __main.o(!!!main)
    __scatterload                            0x08000191   Thumb Code     0  __scatter.o(!!!scatter)
    __scatterload_rt2                        0x08000191   Thumb Code    44  __scatter.o(!!!scatter)
    __scatterload_rt2_thumb_only             0x08000191   Thumb Code     0  __scatter.o(!!!scatter)
    __scatterload_null                       0x0800019f   Thumb Code     0  __scatter.o(!!!scatter)
    __decompress                             0x080001c5   Thumb Code    90  __dczerorl2.o(!!dczerorl2)
    __decompress1                            0x080001c5   Thumb Code     0  __dczerorl2.o(!!dczerorl2)
    __scatterload_zeroinit                   0x08000221   Thumb Code    28  __scatter_zi.o(!!handler_zi)
    _printf_percent                          0x0800023d   Thumb Code     0  _printf_percent.o(.ARM.Collect$$_printf_percent$$00000000)
    _printf_u                                0x0800023d   Thumb Code     0  _printf_u.o(.ARM.Collect$$_printf_percent$$0000000A)
    _printf_percent_end                      0x08000243   Thumb Code     0  _printf_percent_end.o(.ARM.Collect$$_printf_percent$$00000017)
    __rt_lib_init                            0x08000247   Thumb Code     0  libinit.o(.ARM.Collect$$libinit$$00000000)
    __rt_lib_init_fp_1                       0x08000249   Thumb Code     0  libinit2.o(.ARM.Collect$$libinit$$00000001)
    __rt_lib_init_heap_1                     0x0800024d   Thumb Code     0  libinit2.o(.ARM.Collect$$libinit$$00000008)
    __rt_lib_init_lc_common                  0x0800024d   Thumb Code     0  libinit2.o(.ARM.Collect$$libinit$$0000000D)
    __rt_lib_init_rand_1                     0x0800024d   Thumb Code     0  libinit2.o(.ARM.Collect$$libinit$$0000000C)
    __rt_lib_init_user_alloc_1               0x0800024d   Thumb Code     0  libinit2.o(.ARM.Collect$$libinit$$0000000A)
    __rt_lib_init_lc_collate_1               0x08000253   Thumb Code     0  libinit2.o(.ARM.Collect$$libinit$$0000000F)
    __rt_lib_init_lc_ctype_2                 0x08000253   Thumb Code     0  libinit2.o(.ARM.Collect$$libinit$$00000010)
    __rt_lib_init_lc_ctype_1                 0x0800025f   Thumb Code     0  libinit2.o(.ARM.Collect$$libinit$$00000011)
    __rt_lib_init_lc_monetary_1              0x0800025f   Thumb Code     0  libinit2.o(.ARM.Collect$$libinit$$00000013)
    __rt_lib_init_lc_numeric_2               0x0800025f   Thumb Code     0  libinit2.o(.ARM.Collect$$libinit$$00000014)
    __rt_lib_init_alloca_1                   0x08000269   Thumb Code     0  libinit2.o(.ARM.Collect$$libinit$$0000002C)
    __rt_lib_init_argv_1                     0x08000269   Thumb Code     0  libinit2.o(.ARM.Collect$$libinit$$0000002A)
    __rt_lib_init_atexit_1                   0x08000269   Thumb Code     0  libinit2.o(.ARM.Collect$$libinit$$00000019)
    __rt_lib_init_clock_1                    0x08000269   Thumb Code     0  libinit2.o(.ARM.Collect$$libinit$$0000001F)
    __rt_lib_init_cpp_1                      0x08000269   Thumb Code     0  libinit2.o(.ARM.Collect$$libinit$$00000030)
    __rt_lib_init_exceptions_1               0x08000269   Thumb Code     0  libinit2.o(.ARM.Collect$$libinit$$0000002E)
    __rt_lib_init_fp_trap_1                  0x08000269   Thumb Code     0  libinit2.o(.ARM.Collect$$libinit$$0000001D)
    __rt_lib_init_getenv_1                   0x08000269   Thumb Code     0  libinit2.o(.ARM.Collect$$libinit$$00000021)
    __rt_lib_init_lc_numeric_1               0x08000269   Thumb Code     0  libinit2.o(.ARM.Collect$$libinit$$00000015)
    __rt_lib_init_lc_time_1                  0x08000269   Thumb Code     0  libinit2.o(.ARM.Collect$$libinit$$00000017)
    __rt_lib_init_return                     0x08000269   Thumb Code     0  libinit2.o(.ARM.Collect$$libinit$$00000031)
    __rt_lib_init_signal_1                   0x08000269   Thumb Code     0  libinit2.o(.ARM.Collect$$libinit$$0000001B)
    __rt_lib_init_stdio_1                    0x08000269   Thumb Code     0  libinit2.o(.ARM.Collect$$libinit$$00000023)
    __rt_lib_shutdown                        0x0800026b   Thumb Code     0  libshutdown.o(.ARM.Collect$$libshutdown$$00000000)
    __rt_lib_shutdown_fp_trap_1              0x0800026d   Thumb Code     0  libshutdown2.o(.ARM.Collect$$libshutdown$$00000006)
    __rt_lib_shutdown_heap_1                 0x0800026d   Thumb Code     0  libshutdown2.o(.ARM.Collect$$libshutdown$$0000000E)
    __rt_lib_shutdown_return                 0x0800026d   Thumb Code     0  libshutdown2.o(.ARM.Collect$$libshutdown$$0000000F)
    __rt_lib_shutdown_signal_1               0x0800026d   Thumb Code     0  libshutdown2.o(.ARM.Collect$$libshutdown$$00000009)
    __rt_lib_shutdown_stdio_1                0x0800026d   Thumb Code     0  libshutdown2.o(.ARM.Collect$$libshutdown$$00000003)
    __rt_lib_shutdown_user_alloc_1           0x0800026d   Thumb Code     0  libshutdown2.o(.ARM.Collect$$libshutdown$$0000000B)
    __rt_entry                               0x0800026f   Thumb Code     0  rtentry.o(.ARM.Collect$$rtentry$$00000000)
    __rt_entry_presh_1                       0x0800026f   Thumb Code     0  rtentry2.o(.ARM.Collect$$rtentry$$00000002)
    __rt_entry_sh                            0x0800026f   Thumb Code     0  rtentry4.o(.ARM.Collect$$rtentry$$00000004)
    __rt_entry_li                            0x08000275   Thumb Code     0  rtentry2.o(.ARM.Collect$$rtentry$$0000000A)
    __rt_entry_postsh_1                      0x08000275   Thumb Code     0  rtentry2.o(.ARM.Collect$$rtentry$$00000009)
    __rt_entry_main                          0x08000279   Thumb Code     0  rtentry2.o(.ARM.Collect$$rtentry$$0000000D)
    __rt_entry_postli_1                      0x08000279   Thumb Code     0  rtentry2.o(.ARM.Collect$$rtentry$$0000000C)
    __rt_exit                                0x08000281   Thumb Code     0  rtexit.o(.ARM.Collect$$rtexit$$00000000)
    __rt_exit_ls                             0x08000283   Thumb Code     0  rtexit2.o(.ARM.Collect$$rtexit$$00000003)
    __rt_exit_prels_1                        0x08000283   Thumb Code     0  rtexit2.o(.ARM.Collect$$rtexit$$00000002)
    __rt_exit_exit                           0x08000287   Thumb Code     0  rtexit2.o(.ARM.Collect$$rtexit$$00000004)
    Reset_Handler                            0x0800028d   Thumb Code     8  startup_stm32f4xx.o(.text)
    ADC_IRQHandler                           0x080002a7   Thumb Code     0  startup_stm32f4xx.o(.text)
    CAN1_RX0_IRQHandler                      0x080002a7   Thumb Code     0  startup_stm32f4xx.o(.text)
    CAN1_RX1_IRQHandler                      0x080002a7   Thumb Code     0  startup_stm32f4xx.o(.text)
    CAN1_SCE_IRQHandler                      0x080002a7   Thumb Code     0  startup_stm32f4xx.o(.text)
    CAN1_TX_IRQHandler                       0x080002a7   Thumb Code     0  startup_stm32f4xx.o(.text)
    CAN2_RX0_IRQHandler                      0x080002a7   Thumb Code     0  startup_stm32f4xx.o(.text)
    CAN2_RX1_IRQHandler                      0x080002a7   Thumb Code     0  startup_stm32f4xx.o(.text)
    CAN2_SCE_IRQHandler                      0x080002a7   Thumb Code     0  startup_stm32f4xx.o(.text)
    CAN2_TX_IRQHandler                       0x080002a7   Thumb Code     0  startup_stm32f4xx.o(.text)
    CRYP_IRQHandler                          0x080002a7   Thumb Code     0  startup_stm32f4xx.o(.text)
    DCMI_IRQHandler                          0x080002a7   Thumb Code     0  startup_stm32f4xx.o(.text)
    DMA1_Stream0_IRQHandler                  0x080002a7   Thumb Code     0  startup_stm32f4xx.o(.text)
    DMA1_Stream1_IRQHandler                  0x080002a7   Thumb Code     0  startup_stm32f4xx.o(.text)
    DMA1_Stream2_IRQHandler                  0x080002a7   Thumb Code     0  startup_stm32f4xx.o(.text)
    DMA1_Stream3_IRQHandler                  0x080002a7   Thumb Code     0  startup_stm32f4xx.o(.text)
    DMA1_Stream4_IRQHandler                  0x080002a7   Thumb Code     0  startup_stm32f4xx.o(.text)
    DMA1_Stream5_IRQHandler                  0x080002a7   Thumb Code     0  startup_stm32f4xx.o(.text)
    DMA1_Stream6_IRQHandler                  0x080002a7   Thumb Code     0  startup_stm32f4xx.o(.text)
    DMA1_Stream7_IRQHandler                  0x080002a7   Thumb Code     0  startup_stm32f4xx.o(.text)
    DMA2_Stream0_IRQHandler                  0x080002a7   Thumb Code     0  startup_stm32f4xx.o(.text)
    DMA2_Stream1_IRQHandler                  0x080002a7   Thumb Code     0  startup_stm32f4xx.o(.text)
    DMA2_Stream2_IRQHandler                  0x080002a7   Thumb Code     0  startup_stm32f4xx.o(.text)
    DMA2_Stream3_IRQHandler                  0x080002a7   Thumb Code     0  startup_stm32f4xx.o(.text)
    DMA2_Stream4_IRQHandler                  0x080002a7   Thumb Code     0  startup_stm32f4xx.o(.text)
    DMA2_Stream5_IRQHandler                  0x080002a7   Thumb Code     0  startup_stm32f4xx.o(.text)
    DMA2_Stream6_IRQHandler                  0x080002a7   Thumb Code     0  startup_stm32f4xx.o(.text)
    DMA2_Stream7_IRQHandler                  0x080002a7   Thumb Code     0  startup_stm32f4xx.o(.text)
    ETH_IRQHandler                           0x080002a7   Thumb Code     0  startup_stm32f4xx.o(.text)
    ETH_WKUP_IRQHandler                      0x080002a7   Thumb Code     0  startup_stm32f4xx.o(.text)
    EXTI0_IRQHandler                         0x080002a7   Thumb Code     0  startup_stm32f4xx.o(.text)
    EXTI15_10_IRQHandler                     0x080002a7   Thumb Code     0  startup_stm32f4xx.o(.text)
    EXTI1_IRQHandler                         0x080002a7   Thumb Code     0  startup_stm32f4xx.o(.text)
    EXTI2_IRQHandler                         0x080002a7   Thumb Code     0  startup_stm32f4xx.o(.text)
    EXTI3_IRQHandler                         0x080002a7   Thumb Code     0  startup_stm32f4xx.o(.text)
    EXTI4_IRQHandler                         0x080002a7   Thumb Code     0  startup_stm32f4xx.o(.text)
    EXTI9_5_IRQHandler                       0x080002a7   Thumb Code     0  startup_stm32f4xx.o(.text)
    FLASH_IRQHandler                         0x080002a7   Thumb Code     0  startup_stm32f4xx.o(.text)
    FPU_IRQHandler                           0x080002a7   Thumb Code     0  startup_stm32f4xx.o(.text)
    FSMC_IRQHandler                          0x080002a7   Thumb Code     0  startup_stm32f4xx.o(.text)
    HASH_RNG_IRQHandler                      0x080002a7   Thumb Code     0  startup_stm32f4xx.o(.text)
    I2C1_ER_IRQHandler                       0x080002a7   Thumb Code     0  startup_stm32f4xx.o(.text)
    I2C1_EV_IRQHandler                       0x080002a7   Thumb Code     0  startup_stm32f4xx.o(.text)
    I2C2_ER_IRQHandler                       0x080002a7   Thumb Code     0  startup_stm32f4xx.o(.text)
    I2C2_EV_IRQHandler                       0x080002a7   Thumb Code     0  startup_stm32f4xx.o(.text)
    I2C3_ER_IRQHandler                       0x080002a7   Thumb Code     0  startup_stm32f4xx.o(.text)
    I2C3_EV_IRQHandler                       0x080002a7   Thumb Code     0  startup_stm32f4xx.o(.text)
    OTG_FS_IRQHandler                        0x080002a7   Thumb Code     0  startup_stm32f4xx.o(.text)
    OTG_FS_WKUP_IRQHandler                   0x080002a7   Thumb Code     0  startup_stm32f4xx.o(.text)
    OTG_HS_EP1_IN_IRQHandler                 0x080002a7   Thumb Code     0  startup_stm32f4xx.o(.text)
    OTG_HS_EP1_OUT_IRQHandler                0x080002a7   Thumb Code     0  startup_stm32f4xx.o(.text)
    OTG_HS_IRQHandler                        0x080002a7   Thumb Code     0  startup_stm32f4xx.o(.text)
    OTG_HS_WKUP_IRQHandler                   0x080002a7   Thumb Code     0  startup_stm32f4xx.o(.text)
    PVD_IRQHandler                           0x080002a7   Thumb Code     0  startup_stm32f4xx.o(.text)
    RCC_IRQHandler                           0x080002a7   Thumb Code     0  startup_stm32f4xx.o(.text)
    RTC_Alarm_IRQHandler                     0x080002a7   Thumb Code     0  startup_stm32f4xx.o(.text)
    RTC_WKUP_IRQHandler                      0x080002a7   Thumb Code     0  startup_stm32f4xx.o(.text)
    SDIO_IRQHandler                          0x080002a7   Thumb Code     0  startup_stm32f4xx.o(.text)
    SPI1_IRQHandler                          0x080002a7   Thumb Code     0  startup_stm32f4xx.o(.text)
    SPI2_IRQHandler                          0x080002a7   Thumb Code     0  startup_stm32f4xx.o(.text)
    SPI3_IRQHandler                          0x080002a7   Thumb Code     0  startup_stm32f4xx.o(.text)
    TAMP_STAMP_IRQHandler                    0x080002a7   Thumb Code     0  startup_stm32f4xx.o(.text)
    TIM1_BRK_TIM9_IRQHandler                 0x080002a7   Thumb Code     0  startup_stm32f4xx.o(.text)
    TIM1_CC_IRQHandler                       0x080002a7   Thumb Code     0  startup_stm32f4xx.o(.text)
    TIM1_TRG_COM_TIM11_IRQHandler            0x080002a7   Thumb Code     0  startup_stm32f4xx.o(.text)
    TIM1_UP_TIM10_IRQHandler                 0x080002a7   Thumb Code     0  startup_stm32f4xx.o(.text)
    TIM2_IRQHandler                          0x080002a7   Thumb Code     0  startup_stm32f4xx.o(.text)
    TIM3_IRQHandler                          0x080002a7   Thumb Code     0  startup_stm32f4xx.o(.text)
    TIM4_IRQHandler                          0x080002a7   Thumb Code     0  startup_stm32f4xx.o(.text)
    TIM5_IRQHandler                          0x080002a7   Thumb Code     0  startup_stm32f4xx.o(.text)
    TIM6_DAC_IRQHandler                      0x080002a7   Thumb Code     0  startup_stm32f4xx.o(.text)
    TIM7_IRQHandler                          0x080002a7   Thumb Code     0  startup_stm32f4xx.o(.text)
    TIM8_BRK_TIM12_IRQHandler                0x080002a7   Thumb Code     0  startup_stm32f4xx.o(.text)
    TIM8_CC_IRQHandler                       0x080002a7   Thumb Code     0  startup_stm32f4xx.o(.text)
    TIM8_TRG_COM_TIM14_IRQHandler            0x080002a7   Thumb Code     0  startup_stm32f4xx.o(.text)
    TIM8_UP_TIM13_IRQHandler                 0x080002a7   Thumb Code     0  startup_stm32f4xx.o(.text)
    UART4_IRQHandler                         0x080002a7   Thumb Code     0  startup_stm32f4xx.o(.text)
    UART5_IRQHandler                         0x080002a7   Thumb Code     0  startup_stm32f4xx.o(.text)
    USART1_IRQHandler                        0x080002a7   Thumb Code     0  startup_stm32f4xx.o(.text)
    USART2_IRQHandler                        0x080002a7   Thumb Code     0  startup_stm32f4xx.o(.text)
    USART3_IRQHandler                        0x080002a7   Thumb Code     0  startup_stm32f4xx.o(.text)
    USART6_IRQHandler                        0x080002a7   Thumb Code     0  startup_stm32f4xx.o(.text)
    WWDG_IRQHandler                          0x080002a7   Thumb Code     0  startup_stm32f4xx.o(.text)
    __user_initial_stackheap                 0x080002a9   Thumb Code     0  startup_stm32f4xx.o(.text)
    __2sprintf                               0x080002cd   Thumb Code    34  noretval__2sprintf.o(.text)
    __printf                                 0x080002f5   Thumb Code   104  __printf.o(.text)
    _printf_int_dec                          0x0800035d   Thumb Code   100  _printf_dec.o(.text)
    __0sscanf                                0x080003d1   Thumb Code    52  __0sscanf.o(.text)
    _scanf_int                               0x0800040d   Thumb Code   332  _scanf_int.o(.text)
    strlen                                   0x08000559   Thumb Code    62  strlen.o(.text)
    strncmp                                  0x08000597   Thumb Code   150  strncmp.o(.text)
    __aeabi_memcpy                           0x0800062d   Thumb Code     0  rt_memcpy_v6.o(.text)
    __rt_memcpy                              0x0800062d   Thumb Code   138  rt_memcpy_v6.o(.text)
    _memcpy_lastbytes                        0x08000693   Thumb Code     0  rt_memcpy_v6.o(.text)
    __aeabi_memclr4                          0x080006b7   Thumb Code     0  rt_memclr_w.o(.text)
    __aeabi_memclr8                          0x080006b7   Thumb Code     0  rt_memclr_w.o(.text)
    __rt_memclr_w                            0x080006b7   Thumb Code    78  rt_memclr_w.o(.text)
    _memset_w                                0x080006bb   Thumb Code     0  rt_memclr_w.o(.text)
    strcmp                                   0x08000705   Thumb Code   128  strcmpv7m.o(.text)
    __use_two_region_memory                  0x08000785   Thumb Code     2  heapauxi.o(.text)
    __rt_heap_escrow$2region                 0x08000787   Thumb Code     2  heapauxi.o(.text)
    __rt_heap_expand$2region                 0x08000789   Thumb Code     2  heapauxi.o(.text)
    __read_errno                             0x0800078b   Thumb Code    10  _rserrno.o(.text)
    __set_errno                              0x08000795   Thumb Code    12  _rserrno.o(.text)
    _printf_int_common                       0x080007a1   Thumb Code   178  _printf_intcommon.o(.text)
    _printf_char_common                      0x0800085f   Thumb Code    32  _printf_char_common.o(.text)
    _sputc                                   0x08000885   Thumb Code    10  _sputc.o(.text)
    _chval                                   0x0800088f   Thumb Code    28  _chval.o(.text)
    _scanf_really_real                       0x08000aa9   Thumb Code   668  scanf_fp.o(.text)
    __vfscanf_char                           0x08000d5d   Thumb Code    24  scanf_char.o(.text)
    _sgetc                                   0x08000d7d   Thumb Code    30  _sgetc.o(.text)
    _sbackspace                              0x08000d9b   Thumb Code    34  _sgetc.o(.text)
    __aeabi_memcpy4                          0x08000dbd   Thumb Code     0  rt_memcpy_w.o(.text)
    __aeabi_memcpy8                          0x08000dbd   Thumb Code     0  rt_memcpy_w.o(.text)
    __rt_memcpy_w                            0x08000dbd   Thumb Code   100  rt_memcpy_w.o(.text)
    _memcpy_lastbytes_aligned                0x08000e05   Thumb Code     0  rt_memcpy_w.o(.text)
    __rt_locale                              0x08000e21   Thumb Code     8  rt_locale_intlibspace.o(.text)
    __aeabi_errno_addr                       0x08000e29   Thumb Code     8  rt_errno_addr_intlibspace.o(.text)
    __errno$intlibspace                      0x08000e29   Thumb Code     0  rt_errno_addr_intlibspace.o(.text)
    __rt_errno_addr$intlibspace              0x08000e29   Thumb Code     0  rt_errno_addr_intlibspace.o(.text)
    isspace                                  0x08000e31   Thumb Code    18  isspace.o(.text)
    __vfscanf                                0x08000e45   Thumb Code   872  _scanf.o(.text)
    _btod_etento                             0x080011b1   Thumb Code   212  bigflt0.o(.text)
    __user_libspace                          0x08001289   Thumb Code     8  libspace.o(.text)
    __user_perproc_libspace                  0x08001289   Thumb Code     0  libspace.o(.text)
    __user_perthread_libspace                0x08001289   Thumb Code     0  libspace.o(.text)
    __user_setup_stackheap                   0x08001291   Thumb Code    74  sys_stackheap_outer.o(.text)
    __rt_ctype_table                         0x080012dd   Thumb Code    16  rt_ctype_table.o(.text)
    _scanf_really_hex_real                   0x080012ed   Thumb Code   778  scanf_hexfp.o(.text)
    _scanf_really_infnan                     0x08001605   Thumb Code   292  scanf_infnan.o(.text)
    exit                                     0x08001739   Thumb Code    12  exit.o(.text)
    __aeabi_llsl                             0x08001745   Thumb Code     0  llshl.o(.text)
    _ll_shift_l                              0x08001745   Thumb Code    38  llshl.o(.text)
    _sys_exit                                0x0800176d   Thumb Code     8  sys_exit.o(.text)
    __I$use$semihosting                      0x08001779   Thumb Code     0  use_no_semi.o(.text)
    __use_no_semihosting_swi                 0x08001779   Thumb Code     2  use_no_semi.o(.text)
    __btod_div_common                        0x0800177b   Thumb Code   696  btod.o(CL$$btod_div_common)
    __semihosting_library_function           0x0800177b   Thumb Code     0  indicate_semi.o(.text)
    _e2d                                     0x08001ab5   Thumb Code    80  btod.o(CL$$btod_e2d)
    _e2e                                     0x08001b09   Thumb Code   198  btod.o(CL$$btod_e2e)
    _btod_ediv                               0x08001bcf   Thumb Code    40  btod.o(CL$$btod_ediv)
    _btod_edivd                              0x08001bf7   Thumb Code    40  btod.o(CL$$btod_edivd)
    _btod_emul                               0x08001c1f   Thumb Code    40  btod.o(CL$$btod_emul)
    _btod_emuld                              0x08001c47   Thumb Code    40  btod.o(CL$$btod_emuld)
    __btod_mult_common                       0x08001c6f   Thumb Code   580  btod.o(CL$$btod_mult_common)
    BusFault_Handler                         0x08001eb5   Thumb Code    16  stm32f4xx_it.o(i.BusFault_Handler)
    DMA_ClearFlag                            0x08001ec9   Thumb Code    32  stm32f4xx_dma.o(i.DMA_ClearFlag)
    DMA_Cmd                                  0x08001ef5   Thumb Code    20  stm32f4xx_dma.o(i.DMA_Cmd)
    DMA_GetFlagStatus                        0x08001f09   Thumb Code    40  stm32f4xx_dma.o(i.DMA_GetFlagStatus)
    DMA_Init                                 0x08001f3d   Thumb Code    80  stm32f4xx_dma.o(i.DMA_Init)
    DebugMon_Handler                         0x08001f91   Thumb Code     2  stm32f4xx_it.o(i.DebugMon_Handler)
    GPIO_Init                                0x08001f93   Thumb Code   162  stm32f4xx_gpio.o(i.GPIO_Init)
    GPIO_PinAFConfig                         0x08002035   Thumb Code    32  stm32f4xx_gpio.o(i.GPIO_PinAFConfig)
    HardFault_Handler                        0x08002055   Thumb Code    16  stm32f4xx_it.o(i.HardFault_Handler)
    IMUangle_Receive                         0x08002069   Thumb Code    40  waijung_hwdrvlib.o(i.IMUangle_Receive)
    MemManage_Handler                        0x0800209d   Thumb Code     2  stm32f4xx_it.o(i.MemManage_Handler)
    NMI_Handler                              0x0800209f   Thumb Code     2  stm32f4xx_it.o(i.NMI_Handler)
    PendSV_Handler                           0x080020a1   Thumb Code     2  stm32f4xx_it.o(i.PendSV_Handler)
    RCC_AHB1PeriphClockCmd                   0x080020a5   Thumb Code    18  stm32f4xx_rcc.o(i.RCC_AHB1PeriphClockCmd)
    RCC_APB1PeriphClockCmd                   0x080020bd   Thumb Code    18  stm32f4xx_rcc.o(i.RCC_APB1PeriphClockCmd)
    RCC_APB2PeriphClockCmd                   0x080020d5   Thumb Code    18  stm32f4xx_rcc.o(i.RCC_APB2PeriphClockCmd)
    RCC_GetClocksFreq                        0x080020ed   Thumb Code   132  stm32f4xx_rcc.o(i.RCC_GetClocksFreq)
    ReceiverUARTRx3_Receive                  0x0800217d   Thumb Code    36  waijung_hwdrvlib.o(i.ReceiverUARTRx3_Receive)
    SVC_Handler                              0x080021a9   Thumb Code     2  stm32f4xx_it.o(i.SVC_Handler)
    SysTick_Handler                          0x08002261   Thumb Code     4  main.o(i.SysTick_Handler)
    SystemInit                               0x08002265   Thumb Code    74  system_stm32f4xx.o(i.SystemInit)
    TIM_ARRPreloadConfig                     0x080022c1   Thumb Code    20  stm32f4xx_tim.o(i.TIM_ARRPreloadConfig)
    TIM_Cmd                                  0x080022d5   Thumb Code    20  stm32f4xx_tim.o(i.TIM_Cmd)
    TIM_OC1Init                              0x080022e9   Thumb Code    88  stm32f4xx_tim.o(i.TIM_OC1Init)
    TIM_OC1PreloadConfig                     0x08002349   Thumb Code    12  stm32f4xx_tim.o(i.TIM_OC1PreloadConfig)
    TIM_OC2Init                              0x08002355   Thumb Code   120  stm32f4xx_tim.o(i.TIM_OC2Init)
    TIM_OC2PreloadConfig                     0x080023d5   Thumb Code    20  stm32f4xx_tim.o(i.TIM_OC2PreloadConfig)
    TIM_OC3Init                              0x080023e9   Thumb Code   116  stm32f4xx_tim.o(i.TIM_OC3Init)
    TIM_OC3PreloadConfig                     0x08002465   Thumb Code    12  stm32f4xx_tim.o(i.TIM_OC3PreloadConfig)
    TIM_OC4Init                              0x08002471   Thumb Code    88  stm32f4xx_tim.o(i.TIM_OC4Init)
    TIM_OC4PreloadConfig                     0x080024d1   Thumb Code    20  stm32f4xx_tim.o(i.TIM_OC4PreloadConfig)
    TIM_OCStructInit                         0x080024e5   Thumb Code    20  stm32f4xx_tim.o(i.TIM_OCStructInit)
    TIM_TimeBaseInit                         0x080024f9   Thumb Code    96  stm32f4xx_tim.o(i.TIM_TimeBaseInit)
    UART1_FlushTxBuffer                      0x08002575   Thumb Code    80  waijung_hwdrvlib.o(i.UART1_FlushTxBuffer)
    UART1_Read                               0x080025d1   Thumb Code    88  waijung_hwdrvlib.o(i.UART1_Read)
    UART1_ReadEx                             0x08002631   Thumb Code    94  waijung_hwdrvlib.o(i.UART1_ReadEx)
    UART1_ReadLine                           0x0800268f   Thumb Code   204  waijung_hwdrvlib.o(i.UART1_ReadLine)
    UART1_RestoreBytes                       0x0800275d   Thumb Code    38  waijung_hwdrvlib.o(i.UART1_RestoreBytes)
    UART1_TxUpdate                           0x08002785   Thumb Code    60  waijung_hwdrvlib.o(i.UART1_TxUpdate)
    UART2_Read                               0x080027d1   Thumb Code    90  waijung_hwdrvlib.o(i.UART2_Read)
    UART2_ReadBinary                         0x08002835   Thumb Code   218  waijung_hwdrvlib.o(i.UART2_ReadBinary)
    UART2_RestoreBytes                       0x08002911   Thumb Code    38  waijung_hwdrvlib.o(i.UART2_RestoreBytes)
    UART3_FlushTxBuffer                      0x08002939   Thumb Code    80  waijung_hwdrvlib.o(i.UART3_FlushTxBuffer)
    UART3_Read                               0x08002995   Thumb Code    88  waijung_hwdrvlib.o(i.UART3_Read)
    UART3_ReadBinary                         0x080029f5   Thumb Code   218  waijung_hwdrvlib.o(i.UART3_ReadBinary)
    UART3_RestoreBytes                       0x08002ad1   Thumb Code    38  waijung_hwdrvlib.o(i.UART3_RestoreBytes)
    UART3_TxUpdate                           0x08002af9   Thumb Code    60  waijung_hwdrvlib.o(i.UART3_TxUpdate)
    USART_ClearFlag                          0x08002b45   Thumb Code     6  stm32f4xx_usart.o(i.USART_ClearFlag)
    USART_Cmd                                0x08002b4b   Thumb Code    20  stm32f4xx_usart.o(i.USART_Cmd)
    USART_DMACmd                             0x08002b5f   Thumb Code    16  stm32f4xx_usart.o(i.USART_DMACmd)
    USART_GetFlagStatus                      0x08002b6f   Thumb Code    14  stm32f4xx_usart.o(i.USART_GetFlagStatus)
    USART_Init                               0x08002b7d   Thumb Code   164  stm32f4xx_usart.o(i.USART_Init)
    USART_OverSampling8Cmd                   0x08002c29   Thumb Code    20  stm32f4xx_usart.o(i.USART_OverSampling8Cmd)
    UsageFault_Handler                       0x08002c3d   Thumb Code     2  stm32f4xx_it.o(i.UsageFault_Handler)
    __ARM_fpclassify                         0x08002c3f   Thumb Code    48  fpclassify.o(i.__ARM_fpclassify)
    __hardfp_cos                             0x08002c71   Thumb Code   200  cos.o(i.__hardfp_cos)
    __hardfp_ldexp                           0x08002d49   Thumb Code   208  ldexp.o(i.__hardfp_ldexp)
    __hardfp_sqrt                            0x08002e29   Thumb Code   122  sqrt.o(i.__hardfp_sqrt)
    __ieee754_rem_pio2                       0x08002ea9   Thumb Code   938  rred.o(i.__ieee754_rem_pio2)
    __kernel_cos                             0x080032e1   Thumb Code   322  cos_i.o(i.__kernel_cos)
    __kernel_poly                            0x08003451   Thumb Code   248  poly.o(i.__kernel_poly)
    __kernel_sin                             0x08003549   Thumb Code   280  sin_i.o(i.__kernel_sin)
    __mathlib_dbl_underflow                  0x08003679   Thumb Code    24  dunder.o(i.__mathlib_dbl_underflow)
    __mathlib_narrow                         0x08003699   Thumb Code   166  narrow.o(i.__mathlib_narrow)
    __support_ldexp                          0x08003751   Thumb Code    20  ldexp.o(i.__support_ldexp)
    _is_digit                                0x08003765   Thumb Code    14  __printf_wp.o(i._is_digit)
    enable_IMUangle                          0x08003773   Thumb Code     2  waijung_hwdrvlib.o(i.enable_IMUangle)
    enable_OrangeLED1BlueLED                 0x08003775   Thumb Code    46  waijung_hwdrvlib.o(i.enable_OrangeLED1BlueLED)
    enable_ReceiverUARTRx3                   0x080037a9   Thumb Code     2  waijung_hwdrvlib.o(i.enable_ReceiverUARTRx3)
    enable_dianjiBasicPWM7                   0x080037ad   Thumb Code   238  waijung_hwdrvlib.o(i.enable_dianjiBasicPWM7)
    enable_fromshangweijiEnabledSubsystem1DigitalOutput 0x080038a5   Thumb Code    46  waijung_hwdrvlib.o(i.enable_fromshangweijiEnabledSubsystem1DigitalOutput)
    enable_fromshangweijiEnabledSubsystem1IfActionSubsystem1UARTTx 0x080038d9   Thumb Code     2  waijung_hwdrvlib.o(i.enable_fromshangweijiEnabledSubsystem1IfActionSubsystem1UARTTx)
    enable_fromshangweijiEnabledSubsystem1IfActionSubsystemUARTTx 0x080038db   Thumb Code     2  waijung_hwdrvlib.o(i.enable_fromshangweijiEnabledSubsystem1IfActionSubsystemUARTTx)
    enable_fromshangweijiEnabledSubsystem2ReadUniqueID 0x080038dd   Thumb Code    26  waijung_hwdrvlib.o(i.enable_fromshangweijiEnabledSubsystem2ReadUniqueID)
    enable_fromshangweijiEnabledSubsystem2UARTTx 0x08003901   Thumb Code     2  waijung_hwdrvlib.o(i.enable_fromshangweijiEnabledSubsystem2UARTTx)
    enable_fromshangweijiEnabledSubsystem3UARTTx 0x08003903   Thumb Code     2  waijung_hwdrvlib.o(i.enable_fromshangweijiEnabledSubsystem3UARTTx)
    enable_fromshangweijiEnabledSubsystem4UARTTx 0x08003905   Thumb Code     2  waijung_hwdrvlib.o(i.enable_fromshangweijiEnabledSubsystem4UARTTx)
    enable_fromshangweijiEnabledSubsystem5UARTTx 0x08003907   Thumb Code     2  waijung_hwdrvlib.o(i.enable_fromshangweijiEnabledSubsystem5UARTTx)
    enable_fromshangweijiEnabledSubsystem6UARTTx 0x08003909   Thumb Code     2  waijung_hwdrvlib.o(i.enable_fromshangweijiEnabledSubsystem6UARTTx)
    enable_fromshangweijiUARTRx              0x0800390b   Thumb Code     2  waijung_hwdrvlib.o(i.enable_fromshangweijiUARTRx)
    enable_fromshangweijiUARTRx1             0x0800390d   Thumb Code     2  waijung_hwdrvlib.o(i.enable_fromshangweijiUARTRx1)
    enable_fromshangweijiUARTRx2             0x0800390f   Thumb Code     2  waijung_hwdrvlib.o(i.enable_fromshangweijiUARTRx2)
    enable_fromshangweijiUARTRx3             0x08003911   Thumb Code     2  waijung_hwdrvlib.o(i.enable_fromshangweijiUARTRx3)
    enable_fromshangweijiUARTRx4             0x08003913   Thumb Code     2  waijung_hwdrvlib.o(i.enable_fromshangweijiUARTRx4)
    enable_fromshangweijiUARTRx5             0x08003915   Thumb Code     2  waijung_hwdrvlib.o(i.enable_fromshangweijiUARTRx5)
    enable_initUARTSetup                     0x08003919   Thumb Code   262  waijung_hwdrvlib.o(i.enable_initUARTSetup)
    enable_initUARTSetup1                    0x08003a3d   Thumb Code   260  waijung_hwdrvlib.o(i.enable_initUARTSetup1)
    enable_initUARTSetup2                    0x08003b5d   Thumb Code   212  waijung_hwdrvlib.o(i.enable_initUARTSetup2)
    enable_toshangweijiUARTTx2               0x08003c45   Thumb Code     2  waijung_hwdrvlib.o(i.enable_toshangweijiUARTTx2)
    fabs                                     0x08003c47   Thumb Code    24  fabs.o(i.fabs)
    frexp                                    0x08003c61   Thumb Code   118  frexp.o(i.frexp)
    fromshangweijiUARTRx1_Receive            0x08003ced   Thumb Code    52  waijung_hwdrvlib.o(i.fromshangweijiUARTRx1_Receive)
    fromshangweijiUARTRx2_Receive            0x08003d35   Thumb Code    46  waijung_hwdrvlib.o(i.fromshangweijiUARTRx2_Receive)
    fromshangweijiUARTRx3_Receive            0x08003d79   Thumb Code    66  waijung_hwdrvlib.o(i.fromshangweijiUARTRx3_Receive)
    fromshangweijiUARTRx4_Receive            0x08003de1   Thumb Code    66  waijung_hwdrvlib.o(i.fromshangweijiUARTRx4_Receive)
    fromshangweijiUARTRx5_Receive            0x08003e49   Thumb Code    66  waijung_hwdrvlib.o(i.fromshangweijiUARTRx5_Receive)
    fromshangweijiUARTRx_Receive             0x08003eb1   Thumb Code    46  waijung_hwdrvlib.o(i.fromshangweijiUARTRx_Receive)
    huamo_Angle_hold                         0x08003ef1   Thumb Code  3078  huamo.o(i.huamo_Angle_hold)
    huamo_Angle_hold_Start                   0x08004b0d   Thumb Code    40  huamo.o(i.huamo_Angle_hold_Start)
    huamo_Guidance_System                    0x08004b3d   Thumb Code   218  Guidance_System.o(i.huamo_Guidance_System)
    huamo_IMU                                0x08004c19   Thumb Code   662  IMU.o(i.huamo_IMU)
    huamo_IMU_Enable                         0x08004ebd   Thumb Code     4  IMU.o(i.huamo_IMU_Enable)
    huamo_MATLABFunction2                    0x08004ec1   Thumb Code   104  huamo.o(i.huamo_MATLABFunction2)
    huamo_initialize                         0x08004f51   Thumb Code   136  huamo.o(i.huamo_initialize)
    huamo_step                               0x08004ff5   Thumb Code  2694  huamo.o(i.huamo_step)
    main                                     0x08005abd   Thumb Code    50  main.o(i.main)
    rt_OneStep                               0x08005b45   Thumb Code    10  main.o(i.rt_OneStep)
    _get_lc_numeric                          0x08005b55   Thumb Code    44  lc_numeric_c.o(locale$$code)
    _get_lc_ctype                            0x08005b81   Thumb Code    44  lc_ctype_c.o(locale$$code)
    __aeabi_dneg                             0x08005bad   Thumb Code     0  basic.o(x$fpl$basic)
    _dneg                                    0x08005bad   Thumb Code     6  basic.o(x$fpl$basic)
    __aeabi_fneg                             0x08005bb3   Thumb Code     0  basic.o(x$fpl$basic)
    _fneg                                    0x08005bb3   Thumb Code     6  basic.o(x$fpl$basic)
    _dabs                                    0x08005bb9   Thumb Code     6  basic.o(x$fpl$basic)
    _fabs                                    0x08005bbf   Thumb Code     6  basic.o(x$fpl$basic)
    __aeabi_d2f                              0x08005bc5   Thumb Code     0  d2f.o(x$fpl$d2f)
    _d2f                                     0x08005bc5   Thumb Code    98  d2f.o(x$fpl$d2f)
    __aeabi_dadd                             0x08005c29   Thumb Code     0  daddsub_clz.o(x$fpl$dadd)
    _dadd                                    0x08005c29   Thumb Code   332  daddsub_clz.o(x$fpl$dadd)
    __fpl_dcheck_NaN1                        0x08005d79   Thumb Code    10  dcheck1.o(x$fpl$dcheck1)
    __fpl_dcmp_Inf                           0x08005d89   Thumb Code    24  dcmpi.o(x$fpl$dcmpinf)
    __aeabi_ddiv                             0x08005da1   Thumb Code     0  ddiv.o(x$fpl$ddiv)
    _ddiv                                    0x08005da1   Thumb Code   552  ddiv.o(x$fpl$ddiv)
    __aeabi_cdcmpeq                          0x08006051   Thumb Code     0  deqf.o(x$fpl$deqf)
    _dcmpeq                                  0x08006051   Thumb Code   120  deqf.o(x$fpl$deqf)
    __aeabi_d2iz                             0x080060c9   Thumb Code     0  dfix.o(x$fpl$dfix)
    _dfix                                    0x080060c9   Thumb Code    94  dfix.o(x$fpl$dfix)
    __aeabi_d2uiz                            0x08006129   Thumb Code     0  dfixu.o(x$fpl$dfixu)
    _dfixu                                   0x08006129   Thumb Code    90  dfixu.o(x$fpl$dfixu)
    __aeabi_i2d                              0x08006183   Thumb Code     0  dflt_clz.o(x$fpl$dflt)
    _dflt                                    0x08006183   Thumb Code    46  dflt_clz.o(x$fpl$dflt)
    __aeabi_ui2d                             0x080061b1   Thumb Code     0  dflt_clz.o(x$fpl$dfltu)
    _dfltu                                   0x080061b1   Thumb Code    38  dflt_clz.o(x$fpl$dfltu)
    __aeabi_cdcmple                          0x080061d9   Thumb Code     0  dleqf.o(x$fpl$dleqf)
    _dcmple                                  0x080061d9   Thumb Code   120  dleqf.o(x$fpl$dleqf)
    __fpl_dcmple_InfNaN                      0x0800623b   Thumb Code     0  dleqf.o(x$fpl$dleqf)
    __aeabi_dmul                             0x08006251   Thumb Code     0  dmul.o(x$fpl$dmul)
    _dmul                                    0x08006251   Thumb Code   332  dmul.o(x$fpl$dmul)
    __fpl_dnaninf                            0x080063a5   Thumb Code   156  dnaninf.o(x$fpl$dnaninf)
    __fpl_dretinf                            0x08006441   Thumb Code    12  dretinf.o(x$fpl$dretinf)
    __aeabi_cdrcmple                         0x0800644d   Thumb Code     0  drleqf.o(x$fpl$drleqf)
    _drcmple                                 0x0800644d   Thumb Code   108  drleqf.o(x$fpl$drleqf)
    __aeabi_drsub                            0x080064b9   Thumb Code     0  daddsub_clz.o(x$fpl$drsb)
    _drsb                                    0x080064b9   Thumb Code    22  daddsub_clz.o(x$fpl$drsb)
    _dsqrt                                   0x080064d1   Thumb Code   404  dsqrt_umaal.o(x$fpl$dsqrt)
    __aeabi_dsub                             0x08006669   Thumb Code     0  daddsub_clz.o(x$fpl$dsub)
    _dsub                                    0x08006669   Thumb Code   464  daddsub_clz.o(x$fpl$dsub)
    __aeabi_f2d                              0x0800683d   Thumb Code     0  f2d.o(x$fpl$f2d)
    _f2d                                     0x0800683d   Thumb Code    86  f2d.o(x$fpl$f2d)
    __fpl_fnaninf                            0x08006893   Thumb Code   140  fnaninf.o(x$fpl$fnaninf)
    _fp_init                                 0x0800691f   Thumb Code    10  fpinit.o(x$fpl$fpinit)
    __fplib_config_fpu_vfp                   0x08006927   Thumb Code     0  fpinit.o(x$fpl$fpinit)
    __fplib_config_pureend_doubles           0x08006927   Thumb Code     0  fpinit.o(x$fpl$fpinit)
    __fpl_fretinf                            0x08006929   Thumb Code    10  fretinf.o(x$fpl$fretinf)
    __fpl_return_NaN                         0x08006933   Thumb Code   100  retnan.o(x$fpl$retnan)
    __ARM_scalbn                             0x08006997   Thumb Code    92  scalbn.o(x$fpl$scalbn)
    _scanf_real                              0x080069f3   Thumb Code     4  scanf1.o(x$fpl$scanf1)
    _scanf_hex_real                          0x080069f7   Thumb Code     4  scanf2.o(x$fpl$scanf2)
    _scanf_infnan                            0x080069fb   Thumb Code     4  scanf2.o(x$fpl$scanf2)
    __fpl_cmpreturn                          0x080069ff   Thumb Code    48  trapv.o(x$fpl$trapveneer)
    __I$use$fp                               0x08006a2e   Number         0  usenofp.o(x$fpl$usenofp)
    huamo_M                                  0x08006a30   Data           4  huamo.o(.constdata)
    Region$$Table$$Base                      0x08006cec   Number         0  anon$$obj.o(Region$$Table)
    Region$$Table$$Limit                     0x08006d0c   Number         0  anon$$obj.o(Region$$Table)
    __aeabi_HUGE_VAL                         0x08006d0c   Data           0  fpconst.o(c$$dinf)
    __aeabi_HUGE_VALL                        0x08006d0c   Data           0  fpconst.o(c$$dinf)
    __aeabi_INFINITY                         0x08006d0c   Data           0  fpconst.o(c$$dinf)
    __dInf                                   0x08006d0c   Data           0  fpconst.o(c$$dinf)
    __huge_val                               0x08006d0c   Data           0  fpconst.o(c$$dinf)
    __ctype                                  0x08006d3d   Data           0  lc_ctype_c.o(locale$$data)
    initUARTSetup_Tx_State                   0x20000000   Data           1  waijung_hwdrvlib.o(.data)
    initUARTSetup1_Tx_State                  0x20000001   Data           1  waijung_hwdrvlib.o(.data)
    fromshangweijiUARTRx3_data0              0x20000004   Data           4  waijung_hwdrvlib.o(.data)
    fromshangweijiUARTRx3_data1              0x20000008   Data           4  waijung_hwdrvlib.o(.data)
    fromshangweijiUARTRx3_data2              0x2000000c   Data           4  waijung_hwdrvlib.o(.data)
    fromshangweijiUARTRx3_data3              0x20000010   Data           4  waijung_hwdrvlib.o(.data)
    fromshangweijiUARTRx3_data4              0x20000014   Data           4  waijung_hwdrvlib.o(.data)
    fromshangweijiUARTRx4_data0              0x20000018   Data           4  waijung_hwdrvlib.o(.data)
    fromshangweijiUARTRx4_data1              0x2000001c   Data           4  waijung_hwdrvlib.o(.data)
    fromshangweijiUARTRx4_data2              0x20000020   Data           4  waijung_hwdrvlib.o(.data)
    fromshangweijiUARTRx4_data3              0x20000024   Data           4  waijung_hwdrvlib.o(.data)
    fromshangweijiUARTRx4_data4              0x20000028   Data           4  waijung_hwdrvlib.o(.data)
    fromshangweijiUARTRx5_data0              0x2000002c   Data           4  waijung_hwdrvlib.o(.data)
    fromshangweijiUARTRx5_data1              0x20000030   Data           4  waijung_hwdrvlib.o(.data)
    fromshangweijiUARTRx5_data2              0x20000034   Data           4  waijung_hwdrvlib.o(.data)
    fromshangweijiUARTRx5_data3              0x20000038   Data           4  waijung_hwdrvlib.o(.data)
    fromshangweijiUARTRx5_data4              0x2000003c   Data           4  waijung_hwdrvlib.o(.data)
    fromshangweijiUARTRx1_data0              0x20000040   Data           4  waijung_hwdrvlib.o(.data)
    IMUangle_read_structure                  0x20000044   Data           8  waijung_hwdrvlib.o(.data)
    ReceiverUARTRx3_read_structure           0x2000004c   Data           8  waijung_hwdrvlib.o(.data)
    fromshangweijiUARTRx3_read_structure     0x20000054   Data           8  waijung_hwdrvlib.o(.data)
    fromshangweijiUARTRx4_read_structure     0x2000005c   Data           8  waijung_hwdrvlib.o(.data)
    fromshangweijiUARTRx5_read_structure     0x20000064   Data           8  waijung_hwdrvlib.o(.data)
    fromshangweijiUARTRx1_read_structure     0x2000006c   Data           8  waijung_hwdrvlib.o(.data)
    fromshangweijiUARTRx_read_structure      0x20000074   Data           8  waijung_hwdrvlib.o(.data)
    fromshangweijiUARTRx2_read_structure     0x2000007c   Data           8  waijung_hwdrvlib.o(.data)
    huamo_P                                  0x20000098   Data         504  huamo_data.o(.data)
    systick_count                            0x20000290   Data           4  main.o(.data)
    UID32_fromshangweijiEnabledSubsystem2ReadUniqueID 0x20000298   Data          12  waijung_hwdrvlib.o(.bss)
    UART1_Tx_Buffer                          0x200002a4   Data         512  waijung_hwdrvlib.o(.bss)
    UART1_Rx_Buffer                          0x200004a4   Data         512  waijung_hwdrvlib.o(.bss)
    initUARTSetup_DMA_Init                   0x200006a4   Data          60  waijung_hwdrvlib.o(.bss)
    UART3_Tx_Buffer                          0x200006e0   Data         512  waijung_hwdrvlib.o(.bss)
    UART3_Rx_Buffer                          0x200008e0   Data         512  waijung_hwdrvlib.o(.bss)
    initUARTSetup1_DMA_Init                  0x20000ae0   Data          60  waijung_hwdrvlib.o(.bss)
    UART2_Rx_Buffer                          0x20000b1c   Data         512  waijung_hwdrvlib.o(.bss)
    initUARTSetup2_DMA_Init                  0x20000d1c   Data          60  waijung_hwdrvlib.o(.bss)
    UART1_Temp_Buffer                        0x20000d58   Data         512  waijung_hwdrvlib.o(.bss)
    UART3_Temp_Buffer                        0x20000f58   Data         512  waijung_hwdrvlib.o(.bss)
    UART2_Temp_Buffer                        0x20001158   Data         512  waijung_hwdrvlib.o(.bss)
    huamo_B                                  0x20001358   Data         360  huamo.o(.bss)
    huamo_DW                                 0x200014c0   Data         112  huamo.o(.bss)
    huamo_M_                                 0x20001530   Data          12  huamo.o(.bss)
    __libspace_start                         0x2000153c   Data          96  libspace.o(.bss)
    __temporary_stack_top$libspace           0x2000159c   Data           0  libspace.o(.bss)



==============================================================================

Memory Map of the image

  Image Entry point : 0x08000189

  Load Region LR_IROM1 (Base: 0x08000000, Size: 0x000070d8, Max: 0x00100000, ABSOLUTE, COMPRESSED[0x00006f34])

    Execution Region ER_IROM1 (Base: 0x08000000, Size: 0x00006e40, Max: 0x00100000, ABSOLUTE)

    Base Addr    Size         Type   Attr      Idx    E Section Name        Object

    0x08000000   0x00000188   Data   RO         2134    RESET               startup_stm32f4xx.o
    0x08000188   0x00000008   Code   RO         2187  * !!!main             c_w.l(__main.o)
    0x08000190   0x00000034   Code   RO         2570    !!!scatter          c_w.l(__scatter.o)
    0x080001c4   0x0000005a   Code   RO         2568    !!dczerorl2         c_w.l(__dczerorl2.o)
    0x0800021e   0x00000002   PAD
    0x08000220   0x0000001c   Code   RO         2572    !!handler_zi        c_w.l(__scatter_zi.o)
    0x0800023c   0x00000000   Code   RO         2170    .ARM.Collect$$_printf_percent$$00000000  c_w.l(_printf_percent.o)
    0x0800023c   0x00000006   Code   RO         2169    .ARM.Collect$$_printf_percent$$0000000A  c_w.l(_printf_u.o)
    0x08000242   0x00000004   Code   RO         2256    .ARM.Collect$$_printf_percent$$00000017  c_w.l(_printf_percent_end.o)
    0x08000246   0x00000002   Code   RO         2408    .ARM.Collect$$libinit$$00000000  c_w.l(libinit.o)
    0x08000248   0x00000004   Code   RO         2409    .ARM.Collect$$libinit$$00000001  c_w.l(libinit2.o)
    0x0800024c   0x00000000   Code   RO         2413    .ARM.Collect$$libinit$$00000008  c_w.l(libinit2.o)
    0x0800024c   0x00000000   Code   RO         2415    .ARM.Collect$$libinit$$0000000A  c_w.l(libinit2.o)
    0x0800024c   0x00000000   Code   RO         2417    .ARM.Collect$$libinit$$0000000C  c_w.l(libinit2.o)
    0x0800024c   0x00000006   Code   RO         2418    .ARM.Collect$$libinit$$0000000D  c_w.l(libinit2.o)
    0x08000252   0x00000000   Code   RO         2420    .ARM.Collect$$libinit$$0000000F  c_w.l(libinit2.o)
    0x08000252   0x0000000c   Code   RO         2421    .ARM.Collect$$libinit$$00000010  c_w.l(libinit2.o)
    0x0800025e   0x00000000   Code   RO         2422    .ARM.Collect$$libinit$$00000011  c_w.l(libinit2.o)
    0x0800025e   0x00000000   Code   RO         2424    .ARM.Collect$$libinit$$00000013  c_w.l(libinit2.o)
    0x0800025e   0x0000000a   Code   RO         2425    .ARM.Collect$$libinit$$00000014  c_w.l(libinit2.o)
    0x08000268   0x00000000   Code   RO         2426    .ARM.Collect$$libinit$$00000015  c_w.l(libinit2.o)
    0x08000268   0x00000000   Code   RO         2428    .ARM.Collect$$libinit$$00000017  c_w.l(libinit2.o)
    0x08000268   0x00000000   Code   RO         2430    .ARM.Collect$$libinit$$00000019  c_w.l(libinit2.o)
    0x08000268   0x00000000   Code   RO         2432    .ARM.Collect$$libinit$$0000001B  c_w.l(libinit2.o)
    0x08000268   0x00000000   Code   RO         2434    .ARM.Collect$$libinit$$0000001D  c_w.l(libinit2.o)
    0x08000268   0x00000000   Code   RO         2436    .ARM.Collect$$libinit$$0000001F  c_w.l(libinit2.o)
    0x08000268   0x00000000   Code   RO         2438    .ARM.Collect$$libinit$$00000021  c_w.l(libinit2.o)
    0x08000268   0x00000000   Code   RO         2440    .ARM.Collect$$libinit$$00000023  c_w.l(libinit2.o)
    0x08000268   0x00000000   Code   RO         2444    .ARM.Collect$$libinit$$0000002A  c_w.l(libinit2.o)
    0x08000268   0x00000000   Code   RO         2446    .ARM.Collect$$libinit$$0000002C  c_w.l(libinit2.o)
    0x08000268   0x00000000   Code   RO         2448    .ARM.Collect$$libinit$$0000002E  c_w.l(libinit2.o)
    0x08000268   0x00000000   Code   RO         2450    .ARM.Collect$$libinit$$00000030  c_w.l(libinit2.o)
    0x08000268   0x00000002   Code   RO         2451    .ARM.Collect$$libinit$$00000031  c_w.l(libinit2.o)
    0x0800026a   0x00000002   Code   RO         2511    .ARM.Collect$$libshutdown$$00000000  c_w.l(libshutdown.o)
    0x0800026c   0x00000000   Code   RO         2525    .ARM.Collect$$libshutdown$$00000003  c_w.l(libshutdown2.o)
    0x0800026c   0x00000000   Code   RO         2528    .ARM.Collect$$libshutdown$$00000006  c_w.l(libshutdown2.o)
    0x0800026c   0x00000000   Code   RO         2531    .ARM.Collect$$libshutdown$$00000009  c_w.l(libshutdown2.o)
    0x0800026c   0x00000000   Code   RO         2533    .ARM.Collect$$libshutdown$$0000000B  c_w.l(libshutdown2.o)
    0x0800026c   0x00000000   Code   RO         2536    .ARM.Collect$$libshutdown$$0000000E  c_w.l(libshutdown2.o)
    0x0800026c   0x00000002   Code   RO         2537    .ARM.Collect$$libshutdown$$0000000F  c_w.l(libshutdown2.o)
    0x0800026e   0x00000000   Code   RO         2247    .ARM.Collect$$rtentry$$00000000  c_w.l(rtentry.o)
    0x0800026e   0x00000000   Code   RO         2297    .ARM.Collect$$rtentry$$00000002  c_w.l(rtentry2.o)
    0x0800026e   0x00000006   Code   RO         2309    .ARM.Collect$$rtentry$$00000004  c_w.l(rtentry4.o)
    0x08000274   0x00000000   Code   RO         2299    .ARM.Collect$$rtentry$$00000009  c_w.l(rtentry2.o)
    0x08000274   0x00000004   Code   RO         2300    .ARM.Collect$$rtentry$$0000000A  c_w.l(rtentry2.o)
    0x08000278   0x00000000   Code   RO         2302    .ARM.Collect$$rtentry$$0000000C  c_w.l(rtentry2.o)
    0x08000278   0x00000008   Code   RO         2303    .ARM.Collect$$rtentry$$0000000D  c_w.l(rtentry2.o)
    0x08000280   0x00000002   Code   RO         2458    .ARM.Collect$$rtexit$$00000000  c_w.l(rtexit.o)
    0x08000282   0x00000000   Code   RO         2486    .ARM.Collect$$rtexit$$00000002  c_w.l(rtexit2.o)
    0x08000282   0x00000004   Code   RO         2487    .ARM.Collect$$rtexit$$00000003  c_w.l(rtexit2.o)
    0x08000286   0x00000006   Code   RO         2488    .ARM.Collect$$rtexit$$00000004  c_w.l(rtexit2.o)
    0x0800028c   0x00000040   Code   RO         2135    .text               startup_stm32f4xx.o
    0x080002cc   0x00000028   Code   RO         2143    .text               c_w.l(noretval__2sprintf.o)
    0x080002f4   0x00000068   Code   RO         2145    .text               c_w.l(__printf.o)
    0x0800035c   0x00000074   Code   RO         2147    .text               c_w.l(_printf_dec.o)
    0x080003d0   0x0000003c   Code   RO         2171    .text               c_w.l(__0sscanf.o)
    0x0800040c   0x0000014c   Code   RO         2173    .text               c_w.l(_scanf_int.o)
    0x08000558   0x0000003e   Code   RO         2175    .text               c_w.l(strlen.o)
    0x08000596   0x00000096   Code   RO         2177    .text               c_w.l(strncmp.o)
    0x0800062c   0x0000008a   Code   RO         2179    .text               c_w.l(rt_memcpy_v6.o)
    0x080006b6   0x0000004e   Code   RO         2181    .text               c_w.l(rt_memclr_w.o)
    0x08000704   0x00000080   Code   RO         2183    .text               c_w.l(strcmpv7m.o)
    0x08000784   0x00000006   Code   RO         2185    .text               c_w.l(heapauxi.o)
    0x0800078a   0x00000016   Code   RO         2248    .text               c_w.l(_rserrno.o)
    0x080007a0   0x000000b2   Code   RO         2250    .text               c_w.l(_printf_intcommon.o)
    0x08000852   0x00000002   PAD
    0x08000854   0x00000030   Code   RO         2252    .text               c_w.l(_printf_char_common.o)
    0x08000884   0x0000000a   Code   RO         2254    .text               c_w.l(_sputc.o)
    0x0800088e   0x0000001c   Code   RO         2257    .text               c_w.l(_chval.o)
    0x080008aa   0x00000002   PAD
    0x080008ac   0x000004a4   Code   RO         2259    .text               c_w.l(scanf_fp.o)
    0x08000d50   0x0000002c   Code   RO         2261    .text               c_w.l(scanf_char.o)
    0x08000d7c   0x00000040   Code   RO         2263    .text               c_w.l(_sgetc.o)
    0x08000dbc   0x00000064   Code   RO         2265    .text               c_w.l(rt_memcpy_w.o)
    0x08000e20   0x00000008   Code   RO         2314    .text               c_w.l(rt_locale_intlibspace.o)
    0x08000e28   0x00000008   Code   RO         2319    .text               c_w.l(rt_errno_addr_intlibspace.o)
    0x08000e30   0x00000012   Code   RO         2321    .text               c_w.l(isspace.o)
    0x08000e42   0x00000002   PAD
    0x08000e44   0x0000036c   Code   RO         2325    .text               c_w.l(_scanf.o)
    0x080011b0   0x000000d8   Code   RO         2327    .text               c_w.l(bigflt0.o)
    0x08001288   0x00000008   Code   RO         2390    .text               c_w.l(libspace.o)
    0x08001290   0x0000004a   Code   RO         2393    .text               c_w.l(sys_stackheap_outer.o)
    0x080012da   0x00000002   PAD
    0x080012dc   0x00000010   Code   RO         2395    .text               c_w.l(rt_ctype_table.o)
    0x080012ec   0x00000318   Code   RO         2397    .text               c_w.l(scanf_hexfp.o)
    0x08001604   0x00000134   Code   RO         2399    .text               c_w.l(scanf_infnan.o)
    0x08001738   0x0000000c   Code   RO         2401    .text               c_w.l(exit.o)
    0x08001744   0x00000026   Code   RO         2460    .text               c_w.l(llshl.o)
    0x0800176a   0x00000002   PAD
    0x0800176c   0x0000000c   Code   RO         2501    .text               c_w.l(sys_exit.o)
    0x08001778   0x00000002   Code   RO         2514    .text               c_w.l(use_no_semi.o)
    0x0800177a   0x00000000   Code   RO         2516    .text               c_w.l(indicate_semi.o)
    0x0800177a   0x00000338   Code   RO         2340    CL$$btod_div_common  c_w.l(btod.o)
    0x08001ab2   0x00000002   PAD
    0x08001ab4   0x00000054   Code   RO         2338    CL$$btod_e2d        c_w.l(btod.o)
    0x08001b08   0x000000c6   Code   RO         2337    CL$$btod_e2e        c_w.l(btod.o)
    0x08001bce   0x00000028   Code   RO         2334    CL$$btod_ediv       c_w.l(btod.o)
    0x08001bf6   0x00000028   Code   RO         2336    CL$$btod_edivd      c_w.l(btod.o)
    0x08001c1e   0x00000028   Code   RO         2333    CL$$btod_emul       c_w.l(btod.o)
    0x08001c46   0x00000028   Code   RO         2335    CL$$btod_emuld      c_w.l(btod.o)
    0x08001c6e   0x00000244   Code   RO         2339    CL$$btod_mult_common  c_w.l(btod.o)
    0x08001eb2   0x00000002   PAD
    0x08001eb4   0x00000014   Code   RO         1705    i.BusFault_Handler  stm32f4xx_it.o
    0x08001ec8   0x0000002c   Code   RO         1915    i.DMA_ClearFlag     stm32f4xx_dma.o
    0x08001ef4   0x00000014   Code   RO         1917    i.DMA_Cmd           stm32f4xx_dma.o
    0x08001f08   0x00000034   Code   RO         1926    i.DMA_GetFlagStatus  stm32f4xx_dma.o
    0x08001f3c   0x00000054   Code   RO         1929    i.DMA_Init          stm32f4xx_dma.o
    0x08001f90   0x00000002   Code   RO         1706    i.DebugMon_Handler  stm32f4xx_it.o
    0x08001f92   0x000000a2   Code   RO         2040    i.GPIO_Init         stm32f4xx_gpio.o
    0x08002034   0x00000020   Code   RO         2041    i.GPIO_PinAFConfig  stm32f4xx_gpio.o
    0x08002054   0x00000014   Code   RO         1707    i.HardFault_Handler  stm32f4xx_it.o
    0x08002068   0x00000034   Code   RO          651    i.IMUangle_Receive  waijung_hwdrvlib.o
    0x0800209c   0x00000002   Code   RO         1708    i.MemManage_Handler  stm32f4xx_it.o
    0x0800209e   0x00000002   Code   RO         1709    i.NMI_Handler       stm32f4xx_it.o
    0x080020a0   0x00000002   Code   RO         1710    i.PendSV_Handler    stm32f4xx_it.o
    0x080020a2   0x00000002   PAD
    0x080020a4   0x00000018   Code   RO         1259    i.RCC_AHB1PeriphClockCmd  stm32f4xx_rcc.o
    0x080020bc   0x00000018   Code   RO         1268    i.RCC_APB1PeriphClockCmd  stm32f4xx_rcc.o
    0x080020d4   0x00000018   Code   RO         1271    i.RCC_APB2PeriphClockCmd  stm32f4xx_rcc.o
    0x080020ec   0x00000090   Code   RO         1280    i.RCC_GetClocksFreq  stm32f4xx_rcc.o
    0x0800217c   0x0000002c   Code   RO          652    i.ReceiverUARTRx3_Receive  waijung_hwdrvlib.o
    0x080021a8   0x00000002   Code   RO         1711    i.SVC_Handler       stm32f4xx_it.o
    0x080021aa   0x00000002   PAD
    0x080021ac   0x000000b4   Code   RO         1672    i.SetSysClock       system_stm32f4xx.o
    0x08002260   0x00000004   Code   RO         1876    i.SysTick_Handler   main.o
    0x08002264   0x0000005c   Code   RO         1674    i.SystemInit        system_stm32f4xx.o
    0x080022c0   0x00000014   Code   RO          110    i.TIM_ARRPreloadConfig  stm32f4xx_tim.o
    0x080022d4   0x00000014   Code   RO          122    i.TIM_Cmd           stm32f4xx_tim.o
    0x080022e8   0x00000060   Code   RO          151    i.TIM_OC1Init       stm32f4xx_tim.o
    0x08002348   0x0000000c   Code   RO          154    i.TIM_OC1PreloadConfig  stm32f4xx_tim.o
    0x08002354   0x00000080   Code   RO          156    i.TIM_OC2Init       stm32f4xx_tim.o
    0x080023d4   0x00000014   Code   RO          159    i.TIM_OC2PreloadConfig  stm32f4xx_tim.o
    0x080023e8   0x0000007c   Code   RO          161    i.TIM_OC3Init       stm32f4xx_tim.o
    0x08002464   0x0000000c   Code   RO          164    i.TIM_OC3PreloadConfig  stm32f4xx_tim.o
    0x08002470   0x00000060   Code   RO          166    i.TIM_OC4Init       stm32f4xx_tim.o
    0x080024d0   0x00000014   Code   RO          168    i.TIM_OC4PreloadConfig  stm32f4xx_tim.o
    0x080024e4   0x00000014   Code   RO          169    i.TIM_OCStructInit  stm32f4xx_tim.o
    0x080024f8   0x0000007c   Code   RO          194    i.TIM_TimeBaseInit  stm32f4xx_tim.o
    0x08002574   0x0000005c   Code   RO          659    i.UART1_FlushTxBuffer  waijung_hwdrvlib.o
    0x080025d0   0x00000060   Code   RO          660    i.UART1_Read        waijung_hwdrvlib.o
    0x08002630   0x0000005e   Code   RO          662    i.UART1_ReadEx      waijung_hwdrvlib.o
    0x0800268e   0x000000cc   Code   RO          663    i.UART1_ReadLine    waijung_hwdrvlib.o
    0x0800275a   0x00000002   PAD
    0x0800275c   0x00000026   Code   RO          664    i.UART1_RestoreBytes  waijung_hwdrvlib.o
    0x08002782   0x00000002   PAD
    0x08002784   0x0000004c   Code   RO          665    i.UART1_TxUpdate    waijung_hwdrvlib.o
    0x080027d0   0x00000064   Code   RO          667    i.UART2_Read        waijung_hwdrvlib.o
    0x08002834   0x000000da   Code   RO          668    i.UART2_ReadBinary  waijung_hwdrvlib.o
    0x0800290e   0x00000002   PAD
    0x08002910   0x00000026   Code   RO          671    i.UART2_RestoreBytes  waijung_hwdrvlib.o
    0x08002936   0x00000002   PAD
    0x08002938   0x0000005c   Code   RO          672    i.UART3_FlushTxBuffer  waijung_hwdrvlib.o
    0x08002994   0x00000060   Code   RO          673    i.UART3_Read        waijung_hwdrvlib.o
    0x080029f4   0x000000da   Code   RO          674    i.UART3_ReadBinary  waijung_hwdrvlib.o
    0x08002ace   0x00000002   PAD
    0x08002ad0   0x00000026   Code   RO          677    i.UART3_RestoreBytes  waijung_hwdrvlib.o
    0x08002af6   0x00000002   PAD
    0x08002af8   0x0000004c   Code   RO          678    i.UART3_TxUpdate    waijung_hwdrvlib.o
    0x08002b44   0x00000006   Code   RO         1029    i.USART_ClearFlag   stm32f4xx_usart.o
    0x08002b4a   0x00000014   Code   RO         1033    i.USART_Cmd         stm32f4xx_usart.o
    0x08002b5e   0x00000010   Code   RO         1034    i.USART_DMACmd      stm32f4xx_usart.o
    0x08002b6e   0x0000000e   Code   RO         1036    i.USART_GetFlagStatus  stm32f4xx_usart.o
    0x08002b7c   0x000000ac   Code   RO         1040    i.USART_Init        stm32f4xx_usart.o
    0x08002c28   0x00000014   Code   RO         1046    i.USART_OverSampling8Cmd  stm32f4xx_usart.o
    0x08002c3c   0x00000002   Code   RO         1712    i.UsageFault_Handler  stm32f4xx_it.o
    0x08002c3e   0x00000030   Code   RO         2378    i.__ARM_fpclassify  m_wm.l(fpclassify.o)
    0x08002c6e   0x00000002   PAD
    0x08002c70   0x000000d8   Code   RO         2223    i.__hardfp_cos      m_wm.l(cos.o)
    0x08002d48   0x000000e0   Code   RO         2469    i.__hardfp_ldexp    m_wm.l(ldexp.o)
    0x08002e28   0x0000007a   Code   RO         2235    i.__hardfp_sqrt     m_wm.l(sqrt.o)
    0x08002ea2   0x00000006   PAD
    0x08002ea8   0x00000438   Code   RO         2285    i.__ieee754_rem_pio2  m_wm.l(rred.o)
    0x080032e0   0x00000170   Code   RO         2282    i.__kernel_cos      m_wm.l(cos_i.o)
    0x08003450   0x000000f8   Code   RO         2388    i.__kernel_poly     m_wm.l(poly.o)
    0x08003548   0x00000130   Code   RO         2290    i.__kernel_sin      m_wm.l(sin_i.o)
    0x08003678   0x00000020   Code   RO         2370    i.__mathlib_dbl_underflow  m_wm.l(dunder.o)
    0x08003698   0x000000b8   Code   RO         2381    i.__mathlib_narrow  m_wm.l(narrow.o)
    0x08003750   0x00000014   Code   RO         2471    i.__support_ldexp   m_wm.l(ldexp.o)
    0x08003764   0x0000000e   Code   RO         2159    i._is_digit         c_w.l(__printf_wp.o)
    0x08003772   0x00000002   Code   RO          681    i.enable_IMUangle   waijung_hwdrvlib.o
    0x08003774   0x00000034   Code   RO          682    i.enable_OrangeLED1BlueLED  waijung_hwdrvlib.o
    0x080037a8   0x00000002   Code   RO          683    i.enable_ReceiverUARTRx3  waijung_hwdrvlib.o
    0x080037aa   0x00000002   PAD
    0x080037ac   0x000000f8   Code   RO          684    i.enable_dianjiBasicPWM7  waijung_hwdrvlib.o
    0x080038a4   0x00000034   Code   RO          685    i.enable_fromshangweijiEnabledSubsystem1DigitalOutput  waijung_hwdrvlib.o
    0x080038d8   0x00000002   Code   RO          686    i.enable_fromshangweijiEnabledSubsystem1IfActionSubsystem1UARTTx  waijung_hwdrvlib.o
    0x080038da   0x00000002   Code   RO          687    i.enable_fromshangweijiEnabledSubsystem1IfActionSubsystemUARTTx  waijung_hwdrvlib.o
    0x080038dc   0x00000024   Code   RO          688    i.enable_fromshangweijiEnabledSubsystem2ReadUniqueID  waijung_hwdrvlib.o
    0x08003900   0x00000002   Code   RO          689    i.enable_fromshangweijiEnabledSubsystem2UARTTx  waijung_hwdrvlib.o
    0x08003902   0x00000002   Code   RO          690    i.enable_fromshangweijiEnabledSubsystem3UARTTx  waijung_hwdrvlib.o
    0x08003904   0x00000002   Code   RO          691    i.enable_fromshangweijiEnabledSubsystem4UARTTx  waijung_hwdrvlib.o
    0x08003906   0x00000002   Code   RO          692    i.enable_fromshangweijiEnabledSubsystem5UARTTx  waijung_hwdrvlib.o
    0x08003908   0x00000002   Code   RO          693    i.enable_fromshangweijiEnabledSubsystem6UARTTx  waijung_hwdrvlib.o
    0x0800390a   0x00000002   Code   RO          694    i.enable_fromshangweijiUARTRx  waijung_hwdrvlib.o
    0x0800390c   0x00000002   Code   RO          695    i.enable_fromshangweijiUARTRx1  waijung_hwdrvlib.o
    0x0800390e   0x00000002   Code   RO          696    i.enable_fromshangweijiUARTRx2  waijung_hwdrvlib.o
    0x08003910   0x00000002   Code   RO          697    i.enable_fromshangweijiUARTRx3  waijung_hwdrvlib.o
    0x08003912   0x00000002   Code   RO          698    i.enable_fromshangweijiUARTRx4  waijung_hwdrvlib.o
    0x08003914   0x00000002   Code   RO          699    i.enable_fromshangweijiUARTRx5  waijung_hwdrvlib.o
    0x08003916   0x00000002   PAD
    0x08003918   0x00000124   Code   RO          700    i.enable_initUARTSetup  waijung_hwdrvlib.o
    0x08003a3c   0x00000120   Code   RO          701    i.enable_initUARTSetup1  waijung_hwdrvlib.o
    0x08003b5c   0x000000e8   Code   RO          702    i.enable_initUARTSetup2  waijung_hwdrvlib.o
    0x08003c44   0x00000002   Code   RO          703    i.enable_toshangweijiUARTTx2  waijung_hwdrvlib.o
    0x08003c46   0x00000018   Code   RO         2374    i.fabs              m_wm.l(fabs.o)
    0x08003c5e   0x00000002   PAD
    0x08003c60   0x0000008c   Code   RO         2454    i.frexp             m_wm.l(frexp.o)
    0x08003cec   0x00000048   Code   RO          704    i.fromshangweijiUARTRx1_Receive  waijung_hwdrvlib.o
    0x08003d34   0x00000044   Code   RO          705    i.fromshangweijiUARTRx2_Receive  waijung_hwdrvlib.o
    0x08003d78   0x00000068   Code   RO          706    i.fromshangweijiUARTRx3_Receive  waijung_hwdrvlib.o
    0x08003de0   0x00000068   Code   RO          707    i.fromshangweijiUARTRx4_Receive  waijung_hwdrvlib.o
    0x08003e48   0x00000068   Code   RO          708    i.fromshangweijiUARTRx5_Receive  waijung_hwdrvlib.o
    0x08003eb0   0x00000040   Code   RO          709    i.fromshangweijiUARTRx_Receive  waijung_hwdrvlib.o
    0x08003ef0   0x00000c1c   Code   RO         1813    i.huamo_Angle_hold  huamo.o
    0x08004b0c   0x00000030   Code   RO         1814    i.huamo_Angle_hold_Start  huamo.o
    0x08004b3c   0x000000da   Code   RO            2    i.huamo_Guidance_System  Guidance_System.o
    0x08004c16   0x00000002   PAD
    0x08004c18   0x000002a4   Code   RO         1640    i.huamo_IMU         IMU.o
    0x08004ebc   0x00000004   Code   RO         1641    i.huamo_IMU_Enable  IMU.o
    0x08004ec0   0x00000090   Code   RO         1815    i.huamo_MATLABFunction2  huamo.o
    0x08004f50   0x000000a4   Code   RO         1816    i.huamo_initialize  huamo.o
    0x08004ff4   0x00000ac8   Code   RO         1817    i.huamo_step        huamo.o
    0x08005abc   0x00000040   Code   RO         1877    i.main              main.o
    0x08005afc   0x00000048   Code   RO         1819    i.rate_scheduler    huamo.o
    0x08005b44   0x00000010   Code   RO         1878    i.rt_OneStep        main.o
    0x08005b54   0x0000002c   Code   RO         2353    locale$$code        c_w.l(lc_numeric_c.o)
    0x08005b80   0x0000002c   Code   RO         2463    locale$$code        c_w.l(lc_ctype_c.o)
    0x08005bac   0x00000018   Code   RO         2267    x$fpl$basic         fz_wm.l(basic.o)
    0x08005bc4   0x00000062   Code   RO         2189    x$fpl$d2f           fz_wm.l(d2f.o)
    0x08005c26   0x00000002   PAD
    0x08005c28   0x00000150   Code   RO         2191    x$fpl$dadd          fz_wm.l(daddsub_clz.o)
    0x08005d78   0x00000010   Code   RO         2512    x$fpl$dcheck1       fz_wm.l(dcheck1.o)
    0x08005d88   0x00000018   Code   RO         2269    x$fpl$dcmpinf       fz_wm.l(dcmpi.o)
    0x08005da0   0x000002b0   Code   RO         2198    x$fpl$ddiv          fz_wm.l(ddiv.o)
    0x08006050   0x00000078   Code   RO         2201    x$fpl$deqf          fz_wm.l(deqf.o)
    0x080060c8   0x0000005e   Code   RO         2355    x$fpl$dfix          fz_wm.l(dfix.o)
    0x08006126   0x00000002   PAD
    0x08006128   0x0000005a   Code   RO         2203    x$fpl$dfixu         fz_wm.l(dfixu.o)
    0x08006182   0x0000002e   Code   RO         2208    x$fpl$dflt          fz_wm.l(dflt_clz.o)
    0x080061b0   0x00000026   Code   RO         2207    x$fpl$dfltu         fz_wm.l(dflt_clz.o)
    0x080061d6   0x00000002   PAD
    0x080061d8   0x00000078   Code   RO         2213    x$fpl$dleqf         fz_wm.l(dleqf.o)
    0x08006250   0x00000154   Code   RO         2215    x$fpl$dmul          fz_wm.l(dmul.o)
    0x080063a4   0x0000009c   Code   RO         2271    x$fpl$dnaninf       fz_wm.l(dnaninf.o)
    0x08006440   0x0000000c   Code   RO         2273    x$fpl$dretinf       fz_wm.l(dretinf.o)
    0x0800644c   0x0000006c   Code   RO         2217    x$fpl$drleqf        fz_wm.l(drleqf.o)
    0x080064b8   0x00000016   Code   RO         2192    x$fpl$drsb          fz_wm.l(daddsub_clz.o)
    0x080064ce   0x00000002   PAD
    0x080064d0   0x00000198   Code   RO         2275    x$fpl$dsqrt         fz_wm.l(dsqrt_umaal.o)
    0x08006668   0x000001d4   Code   RO         2193    x$fpl$dsub          fz_wm.l(daddsub_clz.o)
    0x0800683c   0x00000056   Code   RO         2219    x$fpl$f2d           fz_wm.l(f2d.o)
    0x08006892   0x0000008c   Code   RO         2277    x$fpl$fnaninf       fz_wm.l(fnaninf.o)
    0x0800691e   0x0000000a   Code   RO         2467    x$fpl$fpinit        fz_wm.l(fpinit.o)
    0x08006928   0x0000000a   Code   RO         2279    x$fpl$fretinf       fz_wm.l(fretinf.o)
    0x08006932   0x00000064   Code   RO         2538    x$fpl$retnan        fz_wm.l(retnan.o)
    0x08006996   0x0000005c   Code   RO         2496    x$fpl$scalbn        fz_wm.l(scalbn.o)
    0x080069f2   0x00000004   Code   RO         2221    x$fpl$scanf1        fz_wm.l(scanf1.o)
    0x080069f6   0x00000008   Code   RO         2364    x$fpl$scanf2        fz_wm.l(scanf2.o)
    0x080069fe   0x00000030   Code   RO         2544    x$fpl$trapveneer    fz_wm.l(trapv.o)
    0x08006a2e   0x00000000   Code   RO         2281    x$fpl$usenofp       fz_wm.l(usenofp.o)
    0x08006a2e   0x00000002   PAD
    0x08006a30   0x00000108   Data   RO         1822    .constdata          huamo.o
    0x08006b38   0x00000030   Data   RO         2283    .constdata          m_wm.l(cos_i.o)
    0x08006b68   0x000000c8   Data   RO         2287    .constdata          m_wm.l(rred.o)
    0x08006c30   0x00000028   Data   RO         2291    .constdata          m_wm.l(sin_i.o)
    0x08006c58   0x00000094   Data   RO         2328    .constdata          c_w.l(bigflt0.o)
    0x08006cec   0x00000020   Data   RO         2566    Region$$Table       anon$$obj.o
    0x08006d0c   0x00000008   Data   RO         2359    c$$dinf             fz_wm.l(fpconst.o)
    0x08006d14   0x0000001c   Data   RO         2352    locale$$data        c_w.l(lc_numeric_c.o)
    0x08006d30   0x00000110   Data   RO         2462    locale$$data        c_w.l(lc_ctype_c.o)


    Execution Region RW_IRAM1 (Base: 0x20000000, Size: 0x000055a0, Max: 0x00020000, ABSOLUTE, COMPRESSED[0x000000f4])

    Base Addr    Size         Type   Attr      Idx    E Section Name        Object

    0x20000000   0x00000084   Data   RW          715    .data               waijung_hwdrvlib.o
    0x20000084   0x00000010   Data   RW         1303    .data               stm32f4xx_rcc.o
    0x20000094   0x00000004   PAD
    0x20000098   0x000001f8   Data   RW         1617    .data               huamo_data.o
    0x20000290   0x00000008   Data   RW         1879    .data               main.o
    0x20000298   0x00000ac0   Zero   RW          711    .bss                waijung_hwdrvlib.o
    0x20000d58   0x00000200   Zero   RW          712    .bss                waijung_hwdrvlib.o
    0x20000f58   0x00000200   Zero   RW          713    .bss                waijung_hwdrvlib.o
    0x20001158   0x00000200   Zero   RW          714    .bss                waijung_hwdrvlib.o
    0x20001358   0x000001d8   Zero   RW         1820    .bss                huamo.o
    0x20001530   0x0000000c   Zero   RW         1821    .bss                huamo.o
    0x2000153c   0x00000060   Zero   RW         2391    .bss                c_w.l(libspace.o)
    0x2000159c   0x00000004   PAD
    0x200015a0   0x00002000   Zero   RW         2133    HEAP                startup_stm32f4xx.o
    0x200035a0   0x00002000   Zero   RW         2132    STACK               startup_stm32f4xx.o


==============================================================================

Image component sizes


      Code (inc. data)   RO Data    RW Data    ZI Data      Debug   Object Name

       218          0          0          0          0     282515   Guidance_System.o
       680         14          0          0          0       1399   IMU.o
      6288        638        264          0        484      14114   huamo.o
         0          0          0        504          0       7673   huamo_data.o
        84         20          0          8          0      20101   main.o
        64         26        392          0      16384        812   startup_stm32f4xx.o
       200         28          0          0          0       3349   stm32f4xx_dma.o
       194          0          0          0          0       1503   stm32f4xx_gpio.o
        52          8          0          0          0       3608   stm32f4xx_it.o
       216         30          0         16          0       4075   stm32f4xx_rcc.o
       692         60          0          0          0       8234   stm32f4xx_tim.o
       248          8          0          0          0       3937   stm32f4xx_usart.o
       272         36          0          0          0       1473   system_stm32f4xx.o
      3320        386          0        132       4288      33613   waijung_hwdrvlib.o

    ----------------------------------------------------------------------
     12550       1254        688        664      21156     386406   Object Totals
         0          0         32          0          0          0   (incl. Generated)
        22          0          0          4          0          0   (incl. Padding)

    ----------------------------------------------------------------------

      Code (inc. data)   RO Data    RW Data    ZI Data      Debug   Library Member Name

        60          8          0          0          0         84   __0sscanf.o
        90          0          0          0          0          0   __dczerorl2.o
         8          0          0          0          0         68   __main.o
       104          0          0          0          0         84   __printf.o
        14          0          0          0          0         68   __printf_wp.o
        52          8          0          0          0          0   __scatter.o
        28          0          0          0          0          0   __scatter_zi.o
        28          0          0          0          0         68   _chval.o
        48          6          0          0          0         96   _printf_char_common.o
       116         16          0          0          0         92   _printf_dec.o
       178          0          0          0          0         88   _printf_intcommon.o
         0          0          0          0          0          0   _printf_percent.o
         4          0          0          0          0          0   _printf_percent_end.o
         6          0          0          0          0          0   _printf_u.o
        22          0          0          0          0        100   _rserrno.o
       876          4          0          0          0        100   _scanf.o
       332          0          0          0          0         96   _scanf_int.o
        64          0          0          0          0         84   _sgetc.o
        10          0          0          0          0         68   _sputc.o
       216          4        148          0          0         96   bigflt0.o
      1846        132          0          0          0        736   btod.o
        12          0          0          0          0         72   exit.o
         6          0          0          0          0        152   heapauxi.o
         0          0          0          0          0          0   indicate_semi.o
        18          0          0          0          0         76   isspace.o
        44         10        272          0          0         76   lc_ctype_c.o
        44         10         28          0          0         76   lc_numeric_c.o
         2          0          0          0          0          0   libinit.o
        34          0          0          0          0          0   libinit2.o
         2          0          0          0          0          0   libshutdown.o
         2          0          0          0          0          0   libshutdown2.o
         8          4          0          0         96         68   libspace.o
        38          0          0          0          0         68   llshl.o
        40          6          0          0          0         84   noretval__2sprintf.o
        16          4          0          0          0         76   rt_ctype_table.o
         8          4          0          0          0         68   rt_errno_addr_intlibspace.o
         8          4          0          0          0         68   rt_locale_intlibspace.o
        78          0          0          0          0         80   rt_memclr_w.o
       138          0          0          0          0         68   rt_memcpy_v6.o
       100          0          0          0          0         80   rt_memcpy_w.o
         0          0          0          0          0          0   rtentry.o
        12          0          0          0          0          0   rtentry2.o
         6          0          0          0          0          0   rtentry4.o
         2          0          0          0          0          0   rtexit.o
        10          0          0          0          0          0   rtexit2.o
        44          8          0          0          0         84   scanf_char.o
      1188         12          0          0          0        148   scanf_fp.o
       792         14          0          0          0        100   scanf_hexfp.o
       308         16          0          0          0        100   scanf_infnan.o
       128          0          0          0          0         68   strcmpv7m.o
        62          0          0          0          0         76   strlen.o
       150          0          0          0          0         80   strncmp.o
        12          4          0          0          0         68   sys_exit.o
        74          0          0          0          0         80   sys_stackheap_outer.o
         2          0          0          0          0         68   use_no_semi.o
        24          0          0          0          0        164   basic.o
        98          4          0          0          0        140   d2f.o
       826         16          0          0          0        492   daddsub_clz.o
        16          4          0          0          0        116   dcheck1.o
        24          0          0          0          0        116   dcmpi.o
       688        140          0          0          0        256   ddiv.o
       120          4          0          0          0        140   deqf.o
        94          4          0          0          0        140   dfix.o
        90          4          0          0          0        140   dfixu.o
        84          0          0          0          0        232   dflt_clz.o
       120          4          0          0          0        140   dleqf.o
       340         12          0          0          0        152   dmul.o
       156          4          0          0          0        140   dnaninf.o
        12          0          0          0          0        116   dretinf.o
       108          0          0          0          0        128   drleqf.o
       408         56          0          0          0        168   dsqrt_umaal.o
        86          4          0          0          0        132   f2d.o
       140          4          0          0          0        132   fnaninf.o
         0          0          8          0          0          0   fpconst.o
        10          0          0          0          0        116   fpinit.o
        10          0          0          0          0        116   fretinf.o
       100          0          0          0          0        116   retnan.o
        92          0          0          0          0        116   scalbn.o
         4          0          0          0          0        116   scanf1.o
         8          0          0          0          0        132   scanf2.o
        48          0          0          0          0        116   trapv.o
         0          0          0          0          0          0   usenofp.o
       216         16          0          0          0        152   cos.o
       368         46         48          0          0        200   cos_i.o
        32          8          0          0          0        124   dunder.o
        24          0          0          0          0        124   fabs.o
        48          0          0          0          0        124   fpclassify.o
       140         22          0          0          0        132   frexp.o
       244         16          0          0          0        308   ldexp.o
       184         18          0          0          0        152   narrow.o
       248          0          0          0          0        152   poly.o
      1080        142        200          0          0        188   rred.o
       304         24         40          0          0        208   sin_i.o
       122          0          0          0          0        148   sqrt.o

    ----------------------------------------------------------------------
     14242        828        744          0        100       9796   Library Totals
        36          2          0          0          4          0   (incl. Padding)

    ----------------------------------------------------------------------

      Code (inc. data)   RO Data    RW Data    ZI Data      Debug   Library Name

      7490        274        448          0         96       3912   c_w.l
      3706        260          8          0          0       3872   fz_wm.l
      3010        292        288          0          0       2012   m_wm.l

    ----------------------------------------------------------------------
     14242        828        744          0        100       9796   Library Totals

    ----------------------------------------------------------------------

==============================================================================


      Code (inc. data)   RO Data    RW Data    ZI Data      Debug   

     26792       2082       1432        664      21256     381418   Grand Totals
     26792       2082       1432        244      21256     381418   ELF Image Totals (compressed)
     26792       2082       1432        244          0          0   ROM Totals

==============================================================================

    Total RO  Size (Code + RO Data)                28224 (  27.56kB)
    Total RW  Size (RW Data + ZI Data)             21920 (  21.41kB)
    Total ROM Size (Code + RO Data + RW Data)      28468 (  27.80kB)

==============================================================================

